Component: ARM Compiler 5.06 update 7 (build 960) Tool: armlink [4d3601]

==============================================================================

Section Cross References

    startup_stm32f103xe.o(RESET) refers to startup_stm32f103xe.o(STACK) for __initial_sp
    startup_stm32f103xe.o(RESET) refers to startup_stm32f103xe.o(.text) for Reset_Handler
    startup_stm32f103xe.o(RESET) refers to stm32f1xx_it.o(i.NMI_Handler) for NMI_Handler
    startup_stm32f103xe.o(RESET) refers to stm32f1xx_it.o(i.HardFault_Handler) for HardFault_Handler
    startup_stm32f103xe.o(RESET) refers to stm32f1xx_it.o(i.MemManage_Handler) for MemManage_Handler
    startup_stm32f103xe.o(RESET) refers to stm32f1xx_it.o(i.BusFault_Handler) for BusFault_Handler
    startup_stm32f103xe.o(RESET) refers to stm32f1xx_it.o(i.UsageFault_Handler) for UsageFault_Handler
    startup_stm32f103xe.o(RESET) refers to port.o(.emb_text) for SVC_Handler
    startup_stm32f103xe.o(RESET) refers to stm32f1xx_it.o(i.DebugMon_Handler) for DebugMon_Handler
    startup_stm32f103xe.o(RESET) refers to port.o(i.SysTick_Handler) for SysTick_Handler
    startup_stm32f103xe.o(RESET) refers to stm32f1xx_it.o(i.USB_LP_CAN1_RX0_IRQHandler) for USB_LP_CAN1_RX0_IRQHandler
    startup_stm32f103xe.o(RESET) refers to stm32f1xx_it.o(i.EXTI9_5_IRQHandler) for EXTI9_5_IRQHandler
    startup_stm32f103xe.o(RESET) refers to stm32f1xx_it.o(i.USART1_IRQHandler) for USART1_IRQHandler
    startup_stm32f103xe.o(RESET) refers to stm32f1xx_it.o(i.USART2_IRQHandler) for USART2_IRQHandler
    startup_stm32f103xe.o(RESET) refers to stm32f1xx_it.o(i.USART3_IRQHandler) for USART3_IRQHandler
    startup_stm32f103xe.o(RESET) refers to stm32f1xx_it.o(i.TIM5_IRQHandler) for TIM5_IRQHandler
    startup_stm32f103xe.o(RESET) refers to stm32f1xx_it.o(i.UART4_IRQHandler) for UART4_IRQHandler
    startup_stm32f103xe.o(RESET) refers to stm32f1xx_it.o(i.UART5_IRQHandler) for UART5_IRQHandler
    startup_stm32f103xe.o(RESET) refers to stm32f1xx_it.o(i.TIM6_IRQHandler) for TIM6_IRQHandler
    startup_stm32f103xe.o(RESET) refers to stm32f1xx_it.o(i.DMA2_Channel2_IRQHandler) for DMA2_Channel2_IRQHandler
    startup_stm32f103xe.o(.text) refers to system_stm32f1xx.o(i.SystemInit) for SystemInit
    startup_stm32f103xe.o(.text) refers to entry.o(.ARM.Collect$$$$00000000) for __main
    systerm.o(i.systerm_init) refers to stm32f1xx_hal_uart.o(i.HAL_UART_Receive_IT) for HAL_UART_Receive_IT
    systerm.o(i.systerm_init) refers to stm32f1xx_hal_tim.o(i.HAL_TIM_Base_Start) for HAL_TIM_Base_Start
    systerm.o(i.systerm_init) refers to stm32f1xx_hal_tim.o(i.HAL_TIM_PWM_Start) for HAL_TIM_PWM_Start
    systerm.o(i.systerm_init) refers to stm32f1xx_hal_tim.o(i.HAL_TIM_Base_Start_IT) for HAL_TIM_Base_Start_IT
    systerm.o(i.systerm_init) refers to iic.o(i.IIC_Init) for IIC_Init
    systerm.o(i.systerm_init) refers to 719_fc.o(i.PidParameter_init) for PidParameter_init
    systerm.o(i.systerm_init) refers to usart.o(.data) for USART1_RXbuff
    systerm.o(i.systerm_init) refers to usart.o(.bss) for huart1
    systerm.o(i.systerm_init) refers to tim.o(.bss) for htim7
    iic.o(i.IIC_Ack) refers to iic.o(i.IIC_SDA_OUT) for IIC_SDA_OUT
    iic.o(i.IIC_Ack) refers to stm32f1xx_hal_gpio.o(i.HAL_GPIO_WritePin) for HAL_GPIO_WritePin
    iic.o(i.IIC_Ack) refers to iic.o(i.delay_us) for delay_us
    iic.o(i.IIC_Init) refers to iic.o(i.IIC_SDA_OUT) for IIC_SDA_OUT
    iic.o(i.IIC_NAck) refers to stm32f1xx_hal_gpio.o(i.HAL_GPIO_WritePin) for HAL_GPIO_WritePin
    iic.o(i.IIC_NAck) refers to iic.o(i.IIC_SDA_OUT) for IIC_SDA_OUT
    iic.o(i.IIC_NAck) refers to iic.o(i.delay_us) for delay_us
    iic.o(i.IIC_Read_Byte) refers to iic.o(i.IIC_SDA_IN) for IIC_SDA_IN
    iic.o(i.IIC_Read_Byte) refers to stm32f1xx_hal_gpio.o(i.HAL_GPIO_WritePin) for HAL_GPIO_WritePin
    iic.o(i.IIC_Read_Byte) refers to iic.o(i.delay_us) for delay_us
    iic.o(i.IIC_Read_Byte) refers to stm32f1xx_hal_gpio.o(i.HAL_GPIO_ReadPin) for HAL_GPIO_ReadPin
    iic.o(i.IIC_Read_Byte) refers to iic.o(i.IIC_Ack) for IIC_Ack
    iic.o(i.IIC_Read_Byte) refers to iic.o(i.IIC_SDA_OUT) for IIC_SDA_OUT
    iic.o(i.IIC_Read_Byte) refers to iic.o(i.IIC_NAck) for IIC_NAck
    iic.o(i.IIC_SDA_IN) refers to stm32f1xx_hal_gpio.o(i.HAL_GPIO_Init) for HAL_GPIO_Init
    iic.o(i.IIC_SDA_OUT) refers to stm32f1xx_hal_gpio.o(i.HAL_GPIO_Init) for HAL_GPIO_Init
    iic.o(i.IIC_Send_Byte) refers to iic.o(i.IIC_SDA_OUT) for IIC_SDA_OUT
    iic.o(i.IIC_Send_Byte) refers to stm32f1xx_hal_gpio.o(i.HAL_GPIO_WritePin) for HAL_GPIO_WritePin
    iic.o(i.IIC_Send_Byte) refers to iic.o(i.delay_us) for delay_us
    iic.o(i.IIC_Start) refers to iic.o(i.IIC_SDA_OUT) for IIC_SDA_OUT
    iic.o(i.IIC_Start) refers to stm32f1xx_hal_gpio.o(i.HAL_GPIO_WritePin) for HAL_GPIO_WritePin
    iic.o(i.IIC_Start) refers to iic.o(i.delay_us) for delay_us
    iic.o(i.IIC_Stop) refers to iic.o(i.IIC_SDA_OUT) for IIC_SDA_OUT
[...]
    HAL_TIM_PWM_ConfigChannel                0x08003087   Thumb Code   198  stm32f1xx_hal_tim.o(i.HAL_TIM_PWM_ConfigChannel)
    HAL_TIM_PWM_Init                         0x0800314d   Thumb Code    90  stm32f1xx_hal_tim.o(i.HAL_TIM_PWM_Init)
    HAL_TIM_PWM_MspInit                      0x080031a7   Thumb Code     2  stm32f1xx_hal_tim.o(i.HAL_TIM_PWM_MspInit)
    HAL_TIM_PWM_PulseFinishedCallback        0x080031a9   Thumb Code    24  drv_ws2812.o(i.HAL_TIM_PWM_PulseFinishedCallback)
    HAL_TIM_PWM_Start                        0x080031c9   Thumb Code   160  stm32f1xx_hal_tim.o(i.HAL_TIM_PWM_Start)
    HAL_TIM_PWM_Stop_DMA                     0x0800327d   Thumb Code   184  stm32f1xx_hal_tim.o(i.HAL_TIM_PWM_Stop_DMA)
    HAL_TIM_PeriodElapsedCallback            0x0800333d   Thumb Code    14  main.o(i.HAL_TIM_PeriodElapsedCallback)
    HAL_TIM_TriggerCallback                  0x08003351   Thumb Code     2  stm32f1xx_hal_tim.o(i.HAL_TIM_TriggerCallback)
    HAL_UARTEx_RxEventCallback               0x08003353   Thumb Code     2  stm32f1xx_hal_uart.o(i.HAL_UARTEx_RxEventCallback)
    HAL_UART_ErrorCallback                   0x08003355   Thumb Code     2  stm32f1xx_hal_uart.o(i.HAL_UART_ErrorCallback)
    HAL_UART_IRQHandler                      0x08003359   Thumb Code   520  stm32f1xx_hal_uart.o(i.HAL_UART_IRQHandler)
    HAL_UART_Init                            0x08003565   Thumb Code    98  stm32f1xx_hal_uart.o(i.HAL_UART_Init)
    HAL_UART_MspInit                         0x080035c9   Thumb Code   468  usart.o(i.HAL_UART_MspInit)
    HAL_UART_Receive_IT                      0x080037c5   Thumb Code    42  stm32f1xx_hal_uart.o(i.HAL_UART_Receive_IT)
    HAL_UART_RxCpltCallback                  0x080037f1   Thumb Code    90  usart.o(i.HAL_UART_RxCpltCallback)
    HAL_UART_Transmit                        0x08003859   Thumb Code   178  stm32f1xx_hal_uart.o(i.HAL_UART_Transmit)
    HAL_UART_TxCpltCallback                  0x0800390b   Thumb Code     2  stm32f1xx_hal_uart.o(i.HAL_UART_TxCpltCallback)
    HardFault_Handler                        0x0800390d   Thumb Code     2  stm32f1xx_it.o(i.HardFault_Handler)
    IIC_Ack                                  0x08003911   Thumb Code    54  iic.o(i.IIC_Ack)
    IIC_Init                                 0x0800394d   Thumb Code     4  iic.o(i.IIC_Init)
    IIC_NAck                                 0x08003951   Thumb Code    64  iic.o(i.IIC_NAck)
    IIC_Read_Byte                            0x08003995   Thumb Code   108  iic.o(i.IIC_Read_Byte)
    IIC_SDA_IN                               0x08003a05   Thumb Code    26  iic.o(i.IIC_SDA_IN)
    IIC_SDA_OUT                              0x08003a25   Thumb Code    28  iic.o(i.IIC_SDA_OUT)
    IIC_Send_Byte                            0x08003a45   Thumb Code    94  iic.o(i.IIC_Send_Byte)
    IIC_Start                                0x08003aa9   Thumb Code    64  iic.o(i.IIC_Start)
    IIC_Stop                                 0x08003aed   Thumb Code    54  iic.o(i.IIC_Stop)
    IIC_Wait_Ack                             0x08003b29   Thumb Code   100  iic.o(i.IIC_Wait_Ack)
    IICreadBytes                             0x08003b91   Thumb Code   106  iic.o(i.IICreadBytes)
    IICwriteBytes                            0x08003bfb   Thumb Code    82  iic.o(i.IICwriteBytes)
    IsUnlock                                 0x08003c85   Thumb Code    34  719_fc.o(i.IsUnlock)
    LedCallback                              0x08003cad   Thumb Code     2  freertos.o(i.LedCallback)
    LocControl                               0x08003cb1   Thumb Code   216  719_fc.o(i.LocControl)
    MX_DMA_Init                              0x08003d99   Thumb Code    40  dma.o(i.MX_DMA_Init)
    MX_FREERTOS_Init                         0x08003dc5   Thumb Code   154  freertos.o(i.MX_FREERTOS_Init)
    MX_GPIO_Init                             0x08003e81   Thumb Code   152  gpio.o(i.MX_GPIO_Init)
    MX_TIM3_Init                             0x08003f29   Thumb Code   192  tim.o(i.MX_TIM3_Init)
    MX_TIM4_Init                             0x08003ff1   Thumb Code    94  tim.o(i.MX_TIM4_Init)
    MX_TIM5_Init                             0x08004059   Thumb Code    94  tim.o(i.MX_TIM5_Init)
    MX_TIM7_Init                             0x080040c1   Thumb Code    60  tim.o(i.MX_TIM7_Init)
    MX_TIM8_Init                             0x08004105   Thumb Code   186  tim.o(i.MX_TIM8_Init)
    MX_UART4_Init                            0x080041c9   Thumb Code    48  usart.o(i.MX_UART4_Init)
    MX_UART5_Init                            0x08004201   Thumb Code    48  usart.o(i.MX_UART5_Init)
    MX_USART1_UART_Init                      0x08004239   Thumb Code    54  usart.o(i.MX_USART1_UART_Init)
    MX_USART2_UART_Init                      0x0800427d   Thumb Code    48  usart.o(i.MX_USART2_UART_Init)
    MX_USART3_UART_Init                      0x080042b5   Thumb Code    48  usart.o(i.MX_USART3_UART_Init)
    MX_USB_DEVICE_Init                       0x080042ed   Thumb Code    66  usb_device.o(i.MX_USB_DEVICE_Init)
    MemManage_Handler                        0x08004341   Thumb Code     2  stm32f1xx_it.o(i.MemManage_Handler)
    Motcontrol                               0x08004345   Thumb Code   296  719_fc.o(i.Motcontrol)
    NMI_Handler                              0x080044a1   Thumb Code     2  stm32f1xx_it.o(i.NMI_Handler)
    OpiticalFlow_Receive                     0x080044a5   Thumb Code   248  drv_of.o(i.OpiticalFlow_Receive)
    PID_Postion_Cal                          0x080048b9   Thumb Code   278  719_pid.o(i.PID_Postion_Cal)
    PidParameter_init                        0x080049d1   Thumb Code   242  719_fc.o(i.PidParameter_init)
    StartDefaultTask                         0x08004c5d   Thumb Code    16  freertos.o(i.StartDefaultTask)
    SysTick_Handler                          0x08004c6d   Thumb Code    38  port.o(i.SysTick_Handler)
    SystemClock_Config                       0x08004c99   Thumb Code   120  main.o(i.SystemClock_Config)
    SystemInit                               0x08004d11   Thumb Code     2  system_stm32f1xx.o(i.SystemInit)
    TIM5_IRQHandler                          0x08004d15   Thumb Code     6  stm32f1xx_it.o(i.TIM5_IRQHandler)
    TIM6_IRQHandler                          0x08004d21   Thumb Code     6  stm32f1xx_it.o(i.TIM6_IRQHandler)
    TIM_Base_SetConfig                       0x08004d2d   Thumb Code   120  stm32f1xx_hal_tim.o(i.TIM_Base_SetConfig)
    TIM_CCxChannelCmd                        0x08004db9   Thumb Code    26  stm32f1xx_hal_tim.o(i.TIM_CCxChannelCmd)
    TIM_ETR_SetConfig                        0x08004dd3   Thumb Code    20  stm32f1xx_hal_tim.o(i.TIM_ETR_SetConfig)
    TIM_OC2_SetConfig                        0x08004e59   Thumb Code    98  stm32f1xx_hal_tim.o(i.TIM_OC2_SetConfig)
    ThreadsCallback                          0x08004fc3   Thumb Code     2  freertos.o(i.ThreadsCallback)
    UART4_IRQHandler                         0x08004fdd   Thumb Code     6  stm32f1xx_it.o(i.UART4_IRQHandler)
    UART5_IRQHandler                         0x08004fe9   Thumb Code     6  stm32f1xx_it.o(i.UART5_IRQHandler)
    UART_Start_Receive_IT                    0x080051a5   Thumb Code    54  stm32f1xx_hal_uart.o(i.UART_Start_Receive_IT)
    USART1_IRQHandler                        0x08005241   Thumb Code     6  stm32f1xx_it.o(i.USART1_IRQHandler)
    USART2_IRQHandler                        0x0800524d   Thumb Code     6  stm32f1xx_it.o(i.USART2_IRQHandler)
    USART3_IRQHandler                        0x08005259   Thumb Code     6  stm32f1xx_it.o(i.USART3_IRQHandler)
    USBD_CDC_GetDeviceQualifierDescriptor    0x08005341   Thumb Code     8  usbd_cdc.o(i.USBD_CDC_GetDeviceQualifierDescriptor)
    USBD_CDC_ReceivePacket                   0x08005405   Thumb Code    40  usbd_cdc.o(i.USBD_CDC_ReceivePacket)
    USBD_CDC_RegisterInterface               0x0800542d   Thumb Code    16  usbd_cdc.o(i.USBD_CDC_RegisterInterface)
    USBD_CDC_SetRxBuffer                     0x0800543d   Thumb Code    12  usbd_cdc.o(i.USBD_CDC_SetRxBuffer)
    USBD_CDC_SetTxBuffer                     0x08005449   Thumb Code    16  usbd_cdc.o(i.USBD_CDC_SetTxBuffer)
    USBD_ClrClassConfig                      0x08005505   Thumb Code    14  usbd_core.o(i.USBD_ClrClassConfig)
    USBD_CtlContinueRx                       0x08005513   Thumb Code    16  usbd_ioreq.o(i.USBD_CtlContinueRx)
    USBD_CtlContinueSendData                 0x08005523   Thumb Code    16  usbd_ioreq.o(i.USBD_CtlContinueSendData)
    USBD_CtlError                            0x08005533   Thumb Code    22  usbd_ctlreq.o(i.USBD_CtlError)
    USBD_CtlPrepareRx                        0x08005549   Thumb Code    30  usbd_ioreq.o(i.USBD_CtlPrepareRx)
    USBD_CtlReceiveStatus                    0x08005567   Thumb Code    22  usbd_ioreq.o(i.USBD_CtlReceiveStatus)
    USBD_CtlSendData                         0x0800557d   Thumb Code    26  usbd_ioreq.o(i.USBD_CtlSendData)
    USBD_CtlSendStatus                       0x08005597   Thumb Code    22  usbd_ioreq.o(i.USBD_CtlSendStatus)
    USBD_FS_ConfigStrDescriptor              0x080055ad   Thumb Code    16  usbd_desc.o(i.USBD_FS_ConfigStrDescriptor)
    USBD_FS_DeviceDescriptor                 0x080055cd   Thumb Code     8  usbd_desc.o(i.USBD_FS_DeviceDescriptor)
    USBD_FS_InterfaceStrDescriptor           0x080055d9   Thumb Code    16  usbd_desc.o(i.USBD_FS_InterfaceStrDescriptor)
    USBD_FS_LangIDStrDescriptor              0x080055fd   Thumb Code     8  usbd_desc.o(i.USBD_FS_LangIDStrDescriptor)
    USBD_FS_ManufacturerStrDescriptor        0x08005609   Thumb Code    16  usbd_desc.o(i.USBD_FS_ManufacturerStrDescriptor)
    USBD_FS_ProductStrDescriptor             0x08005631   Thumb Code    16  usbd_desc.o(i.USBD_FS_ProductStrDescriptor)
    USBD_FS_SerialStrDescriptor              0x0800565d   Thumb Code    48  usbd_desc.o(i.USBD_FS_SerialStrDescriptor)
    USBD_GetString                           0x0800577d   Thumb Code    72  usbd_ctlreq.o(i.USBD_GetString)
    USBD_Init                                0x080057dd   Thumb Code    42  usbd_core.o(i.USBD_Init)
    USBD_LL_ClearStallEP                     0x08005807   Thumb Code    18  usbd_conf.o(i.USBD_LL_ClearStallEP)
    USBD_LL_CloseEP                          0x08005819   Thumb Code    18  usbd_conf.o(i.USBD_LL_CloseEP)
    USBD_LL_DataInStage                      0x0800582b   Thumb Code   198  usbd_core.o(i.USBD_LL_DataInStage)
    USBD_LL_DataOutStage                     0x080058f1   Thumb Code   130  usbd_core.o(i.USBD_LL_DataOutStage)
    USBD_LL_GetRxDataSize                    0x08005973   Thumb Code     8  usbd_conf.o(i.USBD_LL_GetRxDataSize)
    USBD_LL_Init                             0x0800597d   Thumb Code   118  usbd_conf.o(i.USBD_LL_Init)
    USBD_LL_IsStallEP                        0x080059fd   Thumb Code    32  usbd_conf.o(i.USBD_LL_IsStallEP)
    USBD_LL_OpenEP                           0x08005a1d   Thumb Code    24  usbd_conf.o(i.USBD_LL_OpenEP)
    USBD_LL_PrepareReceive                   0x08005a35   Thumb Code    18  usbd_conf.o(i.USBD_LL_PrepareReceive)
    USBD_LL_Reset                            0x08005a47   Thumb Code    80  usbd_core.o(i.USBD_LL_Reset)
    USBD_LL_Resume                           0x08005a97   Thumb Code    20  usbd_core.o(i.USBD_LL_Resume)
    USBD_LL_SOF                              0x08005aab   Thumb Code    24  usbd_core.o(i.USBD_LL_SOF)
    USBD_LL_SetSpeed                         0x08005ac3   Thumb Code     6  usbd_core.o(i.USBD_LL_SetSpeed)
    USBD_LL_SetUSBAddress                    0x08005ac9   Thumb Code    18  usbd_conf.o(i.USBD_LL_SetUSBAddress)
    USBD_LL_SetupStage                       0x08005adb   Thumb Code    90  usbd_core.o(i.USBD_LL_SetupStage)
    USBD_LL_StallEP                          0x08005b35   Thumb Code    18  usbd_conf.o(i.USBD_LL_StallEP)
    USBD_LL_Start                            0x08005b47   Thumb Code    18  usbd_conf.o(i.USBD_LL_Start)
    USBD_LL_Suspend                          0x08005b59   Thumb Code    18  usbd_core.o(i.USBD_LL_Suspend)
    USBD_LL_Transmit                         0x08005b6b   Thumb Code    18  usbd_conf.o(i.USBD_LL_Transmit)
    USBD_ParseSetupRequest                   0x08005b7d   Thumb Code    40  usbd_ctlreq.o(i.USBD_ParseSetupRequest)
    USBD_RegisterClass                       0x08005ba5   Thumb Code    16  usbd_core.o(i.USBD_RegisterClass)
    USBD_SetClassConfig                      0x08005bb5   Thumb Code    22  usbd_core.o(i.USBD_SetClassConfig)
    USBD_Start                               0x08005c51   Thumb Code    10  usbd_core.o(i.USBD_Start)
    USBD_StdDevReq                           0x08005c5b   Thumb Code   274  usbd_ctlreq.o(i.USBD_StdDevReq)
    USBD_StdEPReq                            0x08005d6d   Thumb Code   336  usbd_ctlreq.o(i.USBD_StdEPReq)
    USBD_StdItfReq                           0x08005ebd   Thumb Code    78  usbd_ctlreq.o(i.USBD_StdItfReq)
    USBD_static_free                         0x08005f0b   Thumb Code     2  usbd_conf.o(i.USBD_static_free)
    USBD_static_malloc                       0x08005f0d   Thumb Code     4  usbd_conf.o(i.USBD_static_malloc)
    USB_ActivateEndpoint                     0x08005f15   Thumb Code   600  stm32f1xx_ll_usb.o(i.USB_ActivateEndpoint)
    USB_CoreInit                             0x0800616d   Thumb Code     4  stm32f1xx_ll_usb.o(i.USB_CoreInit)
    USB_DeactivateEndpoint                   0x08006171   Thumb Code   270  stm32f1xx_ll_usb.o(i.USB_DeactivateEndpoint)
    USB_DevConnect                           0x0800627f   Thumb Code     4  stm32f1xx_ll_usb.o(i.USB_DevConnect)
    USB_DevDisconnect                        0x08006283   Thumb Code     4  stm32f1xx_ll_usb.o(i.USB_DevDisconnect)
    USB_DevInit                              0x08006287   Thumb Code    18  stm32f1xx_ll_usb.o(i.USB_DevInit)
    USB_DisableGlobalInt                     0x08006299   Thumb Code    14  stm32f1xx_ll_usb.o(i.USB_DisableGlobalInt)
    USB_EP0_OutStart                         0x080062a7   Thumb Code     4  stm32f1xx_ll_usb.o(i.USB_EP0_OutStart)
    USB_EPClearStall                         0x080062ab   Thumb Code   120  stm32f1xx_ll_usb.o(i.USB_EPClearStall)
    USB_EPSetStall                           0x08006323   Thumb Code    50  stm32f1xx_ll_usb.o(i.USB_EPSetStall)
    USB_EPStartXfer                          0x08006355   Thumb Code  1548  stm32f1xx_ll_usb.o(i.USB_EPStartXfer)
    USB_EnableGlobalInt                      0x08006961   Thumb Code    18  stm32f1xx_ll_usb.o(i.USB_EnableGlobalInt)
    USB_LP_CAN1_RX0_IRQHandler               0x08006975   Thumb Code     6  stm32f1xx_it.o(i.USB_LP_CAN1_RX0_IRQHandler)
    USB_ReadInterrupts                       0x08006981   Thumb Code     6  stm32f1xx_ll_usb.o(i.USB_ReadInterrupts)
    USB_ReadPMA                              0x08006989   Thumb Code    44  stm32f1xx_ll_usb.o(i.USB_ReadPMA)
    USB_SetCurrentMode                       0x080069b5   Thumb Code     4  stm32f1xx_ll_usb.o(i.USB_SetCurrentMode)
    USB_SetDevAddress                        0x080069b9   Thumb Code    12  stm32f1xx_ll_usb.o(i.USB_SetDevAddress)
    USB_WritePMA                             0x080069c5   Thumb Code    38  stm32f1xx_ll_usb.o(i.USB_WritePMA)
    UsageFault_Handler                       0x080069eb   Thumb Code     2  stm32f1xx_it.o(i.UsageFault_Handler)
    Users_TasksCallback                      0x080069ed   Thumb Code     2  freertos.o(i.Users_TasksCallback)
    WitDelayMsRegister                       0x080069f1   Thumb Code    16  drv_wit_c_sdk.o(i.WitDelayMsRegister)
    WitI2cFuncRegister                       0x08006a05   Thumb Code    22  drv_wit_c_sdk.o(i.WitI2cFuncRegister)
    WitInit                                  0x08006a21   Thumb Code    22  drv_wit_c_sdk.o(i.WitInit)
    WitReadReg                               0x08006a3d   Thumb Code   340  drv_wit_c_sdk.o(i.WitReadReg)
    WitRegisterCallBack                      0x08006b9d   Thumb Code    16  drv_wit_c_sdk.o(i.WitRegisterCallBack)
    Ws2812_Task                              0x08006bb1   Thumb Code     8  freertos.o(i.Ws2812_Task)
    XYZ_Velocity_Set                         0x08006bb9   Thumb Code  1002  comprehensive_hope_set.o(i.XYZ_Velocity_Set)
    __0printf                                0x08006fc5   Thumb Code    22  printfa.o(i.__0printf)
    __1printf                                0x08006fc5   Thumb Code     0  printfa.o(i.__0printf)
    __2printf                                0x08006fc5   Thumb Code     0  printfa.o(i.__0printf)
    __c89printf                              0x08006fc5   Thumb Code     0  printfa.o(i.__0printf)
    printf                                   0x08006fc5   Thumb Code     0  printfa.o(i.__0printf)
    __scatterload_copy                       0x08007031   Thumb Code    14  handlers.o(i.__scatterload_copy)
    __scatterload_null                       0x0800703f   Thumb Code     2  handlers.o(i.__scatterload_null)
    __scatterload_zeroinit                   0x08007041   Thumb Code    14  handlers.o(i.__scatterload_zeroinit)
    fourCharToInt                            0x080078ed   Thumb Code    14  drv_of.o(i.fourCharToInt)
    fputc                                    0x080078fd   Thumb Code    20  usart.o(i.fputc)
    length_limit                             0x08007915   Thumb Code   110  comprehensive_hope_set.o(i.length_limit)
    main                                     0x08007983   Thumb Code    78  main.o(i.main)
    my_deadzone                              0x080079d1   Thumb Code    54  comprehensive_hope_set.o(i.my_deadzone)
    my_sqrt                                  0x08007a07   Thumb Code    18  comprehensive_hope_set.o(i.my_sqrt)
    my_sqrt_reciprocal                       0x08007a19   Thumb Code    82  comprehensive_hope_set.o(i.my_sqrt_reciprocal)
    osDelay                                  0x08007a71   Thumb Code    46  cmsis_os2.o(i.osDelay)
    osEventFlagsClear                        0x08007aa5   Thumb Code    82  cmsis_os2.o(i.osEventFlagsClear)
    osEventFlagsNew                          0x08007afd   Thumb Code    64  cmsis_os2.o(i.osEventFlagsNew)
    osEventFlagsSet                          0x08007b41   Thumb Code    98  cmsis_os2.o(i.osEventFlagsSet)
    osEventFlagsWait                         0x08007bad   Thumb Code   118  cmsis_os2.o(i.osEventFlagsWait)
    osKernelInitialize                       0x08007c29   Thumb Code    50  cmsis_os2.o(i.osKernelInitialize)
    osKernelStart                            0x08007c61   Thumb Code    58  cmsis_os2.o(i.osKernelStart)
    osMutexAcquire                           0x08007ca1   Thumb Code   104  cmsis_os2.o(i.osMutexAcquire)
    osMutexNew                               0x08007d0d   Thumb Code   124  cmsis_os2.o(i.osMutexNew)
    osMutexRelease                           0x08007d8d   Thumb Code    88  cmsis_os2.o(i.osMutexRelease)
    osThreadNew                              0x08007de9   Thumb Code   160  cmsis_os2.o(i.osThreadNew)
    osTimerNew                               0x08007e8d   Thumb Code   124  cmsis_os2.o(i.osTimerNew)
    pvPortMalloc                             0x080086c5   Thumb Code   210  heap_4.o(i.pvPortMalloc)
    pvTaskIncrementMutexHeldCount            0x0800879d   Thumb Code    18  tasks.o(i.pvTaskIncrementMutexHeldCount)
    pvTimerGetTimerID                        0x080087b5   Thumb Code    36  timers.o(i.pvTimerGetTimerID)
    pxPortInitialiseStack                    0x080087d9   Thumb Code    32  port.o(i.pxPortInitialiseStack)
    systerm_init                             0x080087fd   Thumb Code   124  systerm.o(i.systerm_init)
    twoCharToshort                           0x080088b1   Thumb Code    12  drv_of.o(i.twoCharToshort)
    uxListRemove                             0x080088bd   Thumb Code    38  list.o(i.uxListRemove)
    uxTaskResetEventItemValue                0x080088e5   Thumb Code    20  tasks.o(i.uxTaskResetEventItemValue)
    vApplicationGetIdleTaskMemory            0x080088fd   Thumb Code    16  cmsis_os2.o(i.vApplicationGetIdleTaskMemory)
    vApplicationGetTimerTaskMemory           0x08008911   Thumb Code    18  cmsis_os2.o(i.vApplicationGetTimerTaskMemory)
    vEventGroupClearBitsCallback             0x08008929   Thumb Code     4  event_groups.o(i.vEventGroupClearBitsCallback)
    vEventGroupSetBitsCallback               0x0800892d   Thumb Code     4  event_groups.o(i.vEventGroupSetBitsCallback)
    vListInitialise                          0x08008931   Thumb Code    22  list.o(i.vListInitialise)
    vListInitialiseItem                      0x08008947   Thumb Code     6  list.o(i.vListInitialiseItem)
    vListInsert                              0x0800894d   Thumb Code    48  list.o(i.vListInsert)
    vListInsertEnd                           0x0800897d   Thumb Code    24  list.o(i.vListInsertEnd)
    vPortEnterCritical                       0x08008995   Thumb Code    54  port.o(i.vPortEnterCritical)
    vPortExitCritical                        0x080089d5   Thumb Code    34  port.o(i.vPortExitCritical)
    vPortFree                                0x080089fd   Thumb Code    88  heap_4.o(i.vPortFree)
    vPortSetupTimerInterrupt                 0x08008a59   Thumb Code    32  port.o(i.vPortSetupTimerInterrupt)
    vPortValidateInterruptPriority           0x08008a7d   Thumb Code    74  port.o(i.vPortValidateInterruptPriority)
    vQueueAddToRegistry                      0x08008ad1   Thumb Code    34  queue.o(i.vQueueAddToRegistry)
    vQueueWaitForMessageRestricted           0x08008af9   Thumb Code    68  queue.o(i.vQueueWaitForMessageRestricted)
    vTaskDelay                               0x08008b3d   Thumb Code    66  tasks.o(i.vTaskDelay)
    vTaskInternalSetTimeOutState             0x08008b89   Thumb Code    12  tasks.o(i.vTaskInternalSetTimeOutState)
    vTaskMissedYield                         0x08008b99   Thumb Code     8  tasks.o(i.vTaskMissedYield)
    vTaskPlaceOnEventList                    0x08008ba5   Thumb Code    44  tasks.o(i.vTaskPlaceOnEventList)
    vTaskPlaceOnEventListRestricted          0x08008bd5   Thumb Code    52  tasks.o(i.vTaskPlaceOnEventListRestricted)
    vTaskPlaceOnUnorderedEventList           0x08008c0d   Thumb Code    76  tasks.o(i.vTaskPlaceOnUnorderedEventList)
    vTaskPriorityDisinheritAfterTimeout      0x08008c5d   Thumb Code   134  tasks.o(i.vTaskPriorityDisinheritAfterTimeout)
    vTaskRemoveFromUnorderedEventList        0x08008ced   Thumb Code   102  tasks.o(i.vTaskRemoveFromUnorderedEventList)
    vTaskStartScheduler                      0x08008d5d   Thumb Code   118  tasks.o(i.vTaskStartScheduler)
    vTaskSuspendAll                          0x08008de5   Thumb Code    10  tasks.o(i.vTaskSuspendAll)
    vTaskSwitchContext                       0x08008df5   Thumb Code    90  tasks.o(i.vTaskSwitchContext)
    xEventGroupClearBits                     0x08008e59   Thumb Code    64  event_groups.o(i.xEventGroupClearBits)
    xEventGroupClearBitsFromISR              0x08008e99   Thumb Code    12  event_groups.o(i.xEventGroupClearBitsFromISR)
    xEventGroupCreate                        0x08008ea9   Thumb Code    28  event_groups.o(i.xEventGroupCreate)
    xEventGroupCreateStatic                  0x08008ec5   Thumb Code    44  event_groups.o(i.xEventGroupCreateStatic)
    xEventGroupGetBitsFromISR                0x08008ef1   Thumb Code    26  event_groups.o(i.xEventGroupGetBitsFromISR)
    xEventGroupSetBits                       0x08008f0b   Thumb Code   140  event_groups.o(i.xEventGroupSetBits)
    xEventGroupSetBitsFromISR                0x08008f99   Thumb Code    12  event_groups.o(i.xEventGroupSetBitsFromISR)
    xEventGroupWaitBits                      0x08008fa9   Thumb Code   260  event_groups.o(i.xEventGroupWaitBits)
    xPortStartScheduler                      0x080090b1   Thumb Code   154  port.o(i.xPortStartScheduler)
    xQueueCreateMutex                        0x08009159   Thumb Code    22  queue.o(i.xQueueCreateMutex)
    xQueueCreateMutexStatic                  0x0800916f   Thumb Code    26  queue.o(i.xQueueCreateMutexStatic)
    xQueueGenericCreate                      0x08009189   Thumb Code    72  queue.o(i.xQueueGenericCreate)
    xQueueGenericCreateStatic                0x080091d1   Thumb Code   102  queue.o(i.xQueueGenericCreateStatic)
    xQueueGenericReset                       0x08009239   Thumb Code   132  queue.o(i.xQueueGenericReset)
    xQueueGenericSend                        0x080092c1   Thumb Code   346  queue.o(i.xQueueGenericSend)
    xQueueGenericSendFromISR                 0x08009421   Thumb Code   188  queue.o(i.xQueueGenericSendFromISR)
    xQueueGiveMutexRecursive                 0x080094dd   Thumb Code    62  queue.o(i.xQueueGiveMutexRecursive)
    xQueueReceive                            0x0800951d   Thumb Code   308  queue.o(i.xQueueReceive)
    xQueueSemaphoreTake                      0x08009655   Thumb Code   372  queue.o(i.xQueueSemaphoreTake)
    xQueueTakeMutexRecursive                 0x080097cd   Thumb Code    64  queue.o(i.xQueueTakeMutexRecursive)
    xTaskCheckForTimeOut                     0x0800980d   Thumb Code   112  tasks.o(i.xTaskCheckForTimeOut)
    xTaskCreate                              0x08009881   Thumb Code    90  tasks.o(i.xTaskCreate)
    xTaskCreateStatic                        0x080098db   Thumb Code    86  tasks.o(i.xTaskCreateStatic)
    xTaskGetCurrentTaskHandle                0x08009931   Thumb Code     6  tasks.o(i.xTaskGetCurrentTaskHandle)
    xTaskGetSchedulerState                   0x0800993d   Thumb Code    22  tasks.o(i.xTaskGetSchedulerState)
    xTaskGetTickCount                        0x08009959   Thumb Code     6  tasks.o(i.xTaskGetTickCount)
    xTaskIncrementTick                       0x08009965   Thumb Code   190  tasks.o(i.xTaskIncrementTick)
    xTaskPriorityDisinherit                  0x08009a2d   Thumb Code   118  tasks.o(i.xTaskPriorityDisinherit)
    xTaskPriorityInherit                     0x08009aad   Thumb Code   112  tasks.o(i.xTaskPriorityInherit)
    xTaskRemoveFromEventList                 0x08009b25   Thumb Code    98  tasks.o(i.xTaskRemoveFromEventList)
    xTaskResumeAll                           0x08009b95   Thumb Code   182  tasks.o(i.xTaskResumeAll)
    xTimerCreate                             0x08009c59   Thumb Code    52  timers.o(i.xTimerCreate)
    xTimerCreateStatic                       0x08009c8d   Thumb Code    46  timers.o(i.xTimerCreateStatic)
    xTimerCreateTimerTask                    0x08009cbd   Thumb Code    78  timers.o(i.xTimerCreateTimerTask)
    xTimerGenericCommand                     0x08009d1d   Thumb Code    98  timers.o(i.xTimerGenericCommand)
    xTimerPendFunctionCallFromISR            0x08009d85   Thumb Code    34  timers.o(i.xTimerPendFunctionCallFromISR)
    ClassisTask_attributes                   0x08009dac   Data          36  freertos.o(.constdata)
    SensorTask_attributes                    0x08009dd0   Data          36  freertos.o(.constdata)
    TriflesTask_attributes                   0x08009df4   Data          36  freertos.o(.constdata)
    ThreadsTimer_attributes                  0x08009e18   Data          16  freertos.o(.constdata)
    Users_TasksTimer_attributes              0x08009e28   Data          16  freertos.o(.constdata)
    LedTimer_attributes                      0x08009e38   Data          16  freertos.o(.constdata)
    ChassisMutex_attributes                  0x08009e48   Data          16  freertos.o(.constdata)
    SensorMutex_attributes                   0x08009e58   Data          16  freertos.o(.constdata)
    TriflesMutex_attributes                  0x08009e68   Data          16  freertos.o(.constdata)
    ClassisEvent_attributes                  0x08009e78   Data          16  freertos.o(.constdata)
    SensorEvent_attributes                   0x08009e88   Data          16  freertos.o(.constdata)
    TriflesEvent_attributes                  0x08009e98   Data          16  freertos.o(.constdata)
    AHBPrescTable                            0x08009ea8   Data          16  system_stm32f1xx.o(.constdata)
    APBPrescTable                            0x08009eb8   Data           8  system_stm32f1xx.o(.constdata)
    Region$$Table$$Base                      0x0800a308   Number         0  anon$$obj.o(Region$$Table)
    Region$$Table$$Limit                     0x0800a328   Number         0  anon$$obj.o(Region$$Table)
    ClassisTaskHandle                        0x20000000   Data           4  freertos.o(.data)
    SensorTaskHandle                         0x20000004   Data           4  freertos.o(.data)
    TriflesTaskHandle                        0x20000008   Data           4  freertos.o(.data)
    ThreadsTimerHandle                       0x2000000c   Data           4  freertos.o(.data)
    Users_TasksTimerHandle                   0x20000010   Data           4  freertos.o(.data)
    LedTimerHandle                           0x20000014   Data           4  freertos.o(.data)
    ChassisMutexHandle                       0x20000018   Data           4  freertos.o(.data)
    SensorMutexHandle                        0x2000001c   Data           4  freertos.o(.data)
    TriflesMutexHandle                       0x20000020   Data           4  freertos.o(.data)
    ClassisEventHandle                       0x20000024   Data           4  freertos.o(.data)
    SensorEventHandle                        0x20000028   Data           4  freertos.o(.data)
    TriflesEventHandle                       0x2000002c   Data           4  freertos.o(.data)
    SBUS_FLAG                                0x20000030   Data           1  usart.o(.data)
    USART1_RXbuff                            0x20000035   Data           1  usart.o(.data)
    USART2_RXbuff                            0x20000036   Data           1  usart.o(.data)
    USART3_RXbuff                            0x20000037   Data           1  usart.o(.data)
    USART4_RXbuff                            0x20000038   Data           1  usart.o(.data)
    USART5_RXbuff                            0x20000039   Data           1  usart.o(.data)
    uwTickFreq                               0x2000003c   Data           1  stm32f1xx_hal.o(.data)
    uwTickPrio                               0x20000040   Data           4  stm32f1xx_hal.o(.data)
    uwTick                                   0x20000044   Data           4  stm32f1xx_hal.o(.data)
    SystemCoreClock                          0x20000048   Data           4  system_stm32f1xx.o(.data)
    pxCurrentTCB                             0x2000004c   Data           4  tasks.o(.data)
    FS_Desc                                  0x200000c4   Data          28  usbd_desc.o(.data)
    USBD_LangIDDesc                          0x200000e0   Data           4  usbd_desc.o(.data)
    USBD_FS_DeviceDesc                       0x200000e4   Data          18  usbd_desc.o(.data)
    USBD_StringSerial                        0x200000f8   Data          26  usbd_desc.o(.data)
    USBD_Interface_fops_FS                   0x20000114   Data          16  usbd_cdc_if.o(.data)
    USBD_CDC_CfgHSDesc                       0x20000134   Data          67  usbd_cdc.o(.data)
    USBD_CDC_CfgFSDesc                       0x20000178   Data          67  usbd_cdc.o(.data)
    USBD_CDC_OtherSpeedCfgDesc               0x200001bc   Data          67  usbd_cdc.o(.data)
    USBD_CDC                                 0x20000200   Data          56  usbd_cdc.o(.data)
    __stdout                                 0x200002a0   Data           4  stdout.o(.data)
    htim3                                    0x200002a4   Data          72  tim.o(.bss)
    htim4                                    0x200002ec   Data          72  tim.o(.bss)
    htim5                                    0x20000334   Data          72  tim.o(.bss)
    htim7                                    0x2000037c   Data          72  tim.o(.bss)
    htim8                                    0x200003c4   Data          72  tim.o(.bss)
    hdma_tim8_ch4_trig_com                   0x2000040c   Data          68  tim.o(.bss)
    huart4                                   0x20000470   Data          68  usart.o(.bss)
    huart5                                   0x200004b4   Data          68  usart.o(.bss)
    huart1                                   0x200004f8   Data          68  usart.o(.bss)
    huart2                                   0x2000053c   Data          68  usart.o(.bss)
    huart3                                   0x20000580   Data          68  usart.o(.bss)
    rc_in                                    0x200005c4   Data          76  usart.o(.bss)
    htim6                                    0x2000062c   Data          72  stm32f1xx_hal_timebase_tim.o(.bss)
    xQueueRegistry                           0x20000674   Data          64  queue.o(.bss)
    hUsbDeviceFS                             0x20001f48   Data         708  usb_device.o(.bss)
    USBD_StrDesc                             0x2000220c   Data         512  usbd_desc.o(.bss)
    UserRxBufferFS                           0x2000240c   Data        1024  usbd_cdc_if.o(.bss)
    UserTxBufferFS                           0x2000280c   Data        1024  usbd_cdc_if.o(.bss)
    usbtemp                                  0x20002c0c   Data          64  usbd_cdc_if.o(.bss)
    hpcd_USB_FS                              0x20002e6c   Data         748  usbd_conf.o(.bss)
    classis                                  0x20003688   Data         436  719_interface.o(.bss)
    __initial_sp                             0x20003ea8   Data           0  startup_stm32f103xe.o(STACK)



==============================================================================

Memory Map of the image

  Image Entry point : 0x08000131

  Load Region LR_IROM1 (Base: 0x08000000, Size: 0x0000a5cc, Max: 0x00040000, ABSOLUTE, COMPRESSED[0x0000a3f8])

    Execution Region ER_IROM1 (Exec base: 0x08000000, Load base: 0x08000000, Size: 0x0000a328, Max: 0x00040000, ABSOLUTE)

    Exec Addr    Load Addr    Size         Type   Attr      Idx    E Section Name        Object

    0x08000000   0x08000000   0x00000130   Data   RO            3    RESET               startup_stm32f103xe.o
    0x08000130   0x08000130   0x00000000   Code   RO         6722  * .ARM.Collect$$$$00000000  mc_w.l(entry.o)
    0x08000130   0x08000130   0x00000004   Code   RO         7016    .ARM.Collect$$$$00000001  mc_w.l(entry2.o)
    0x08000134   0x08000134   0x00000004   Code   RO         7019    .ARM.Collect$$$$00000004  mc_w.l(entry5.o)
    0x08000138   0x08000138   0x00000000   Code   RO         7021    .ARM.Collect$$$$00000008  mc_w.l(entry7b.o)
    0x08000138   0x08000138   0x00000000   Code   RO         7023    .ARM.Collect$$$$0000000A  mc_w.l(entry8b.o)
    0x08000138   0x08000138   0x00000008   Code   RO         7024    .ARM.Collect$$$$0000000B  mc_w.l(entry9a.o)
    0x08000140   0x08000140   0x00000004   Code   RO         7031    .ARM.Collect$$$$0000000E  mc_w.l(entry12b.o)
    0x08000144   0x08000144   0x00000000   Code   RO         7026    .ARM.Collect$$$$0000000F  mc_w.l(entry10a.o)
    0x08000144   0x08000144   0x00000000   Code   RO         7028    .ARM.Collect$$$$00000011  mc_w.l(entry11a.o)
    0x08000144   0x08000144   0x00000004   Code   RO         7017    .ARM.Collect$$$$00002712  mc_w.l(entry2.o)
    0x08000148   0x08000148   0x00000096   Code   RO         5267    .emb_text           port.o
    0x080001de   0x080001de   0x00000002   PAD
    0x080001e0   0x080001e0   0x00000024   Code   RO            4    .text               startup_stm32f103xe.o
    0x08000204   0x08000204   0x00000020   Code   RO         6725    .text               mc_w.l(llushr.o)
    0x08000224   0x08000224   0x00000024   Code   RO         6727    .text               mc_w.l(memcpya.o)
    0x08000248   0x08000248   0x00000024   Code   RO         6731    .text               mc_w.l(memseta.o)
    0x0800026c   0x0800026c   0x000000b0   Code   RO         6996    .text               mf_w.l(fadd.o)
    0x0800031c   0x0800031c   0x00000064   Code   RO         6998    .text               mf_w.l(fmul.o)
    0x08000380   0x08000380   0x0000007c   Code   RO         7000    .text               mf_w.l(fdiv.o)
    0x080003fc   0x080003fc   0x00000018   Code   RO         7002    .text               mf_w.l(fscalb.o)
    0x08000414   0x08000414   0x00000012   Code   RO         7004    .text               mf_w.l(fflti.o)
    0x08000426   0x08000426   0x0000000a   Code   RO         7006    .text               mf_w.l(ffltui.o)
    0x08000430   0x08000430   0x00000032   Code   RO         7008    .text               mf_w.l(ffixi.o)
    0x08000462   0x08000462   0x00000002   PAD
    0x08000464   0x08000464   0x00000014   Code   RO         7012    .text               mf_w.l(cfcmple.o)
    0x08000478   0x08000478   0x00000014   Code   RO         7014    .text               mf_w.l(cfrcmple.o)
    0x0800048c   0x0800048c   0x0000002c   Code   RO         7033    .text               mc_w.l(uidiv.o)
    0x080004b8   0x080004b8   0x00000062   Code   RO         7035    .text               mc_w.l(uldiv.o)
    0x0800051a   0x0800051a   0x00000000   Code   RO         7037    .text               mc_w.l(iusefp.o)
    0x0800051a   0x0800051a   0x0000006e   Code   RO         7038    .text               mf_w.l(fepilogue.o)
    0x08000588   0x08000588   0x0000014e   Code   RO         7040    .text               mf_w.l(dadd.o)
    0x080006d6   0x080006d6   0x000000e4   Code   RO         7042    .text               mf_w.l(dmul.o)
    0x080007ba   0x080007ba   0x000000de   Code   RO         7044    .text               mf_w.l(ddiv.o)
    0x08000898   0x08000898   0x00000030   Code   RO         7046    .text               mf_w.l(dfixul.o)
    0x080008c8   0x080008c8   0x00000030   Code   RO         7048    .text               mf_w.l(cdrcmple.o)
    0x080008f8   0x080008f8   0x00000024   Code   RO         7050    .text               mc_w.l(init.o)
    0x0800091c   0x0800091c   0x0000001e   Code   RO         7052    .text               mc_w.l(llshl.o)
    0x0800093a   0x0800093a   0x00000024   Code   RO         7054    .text               mc_w.l(llsshr.o)
    0x0800095e   0x0800095e   0x000000ba   Code   RO         7056    .text               mf_w.l(depilogue.o)
    0x08000a18   0x08000a18   0x00000056   Code   RO         7066    .text               mc_w.l(__dczerorl2.o)
    0x08000a6e   0x08000a6e   0x00000002   PAD
    0x08000a70   0x08000a70   0x000000cc   Code   RO         6115    i.AltControl_1      719_fc.o
    0x08000b3c   0x08000b3c   0x000000a4   Code   RO         6116    i.AltControl_2      719_fc.o
    0x08000be0   0x08000be0   0x000000f4   Code   RO         6117    i.AttControl_1      719_fc.o
    0x08000cd4   0x08000cd4   0x00000198   Code   RO         6118    i.AttControl_2      719_fc.o
    0x08000e6c   0x08000e6c   0x000000a8   Code   RO         6359    i.AutoScanSensor    drv_imu.o
    0x08000f14   0x08000f14   0x00000002   Code   RO          715    i.BusFault_Handler  stm32f1xx_it.o
    0x08000f16   0x08000f16   0x00000004   Code   RO         5464    i.CDC_Control_FS    usbd_cdc_if.o
    0x08000f1a   0x08000f1a   0x00000004   Code   RO         5465    i.CDC_DeInit_FS     usbd_cdc_if.o
    0x08000f1e   0x08000f1e   0x00000002   PAD
    0x08000f20   0x08000f20   0x00000024   Code   RO         5466    i.CDC_Init_FS       usbd_cdc_if.o
    0x08000f44   0x08000f44   0x00000018   Code   RO         5467    i.CDC_Receive_FS    usbd_cdc_if.o
    0x08000f5c   0x08000f5c   0x00000108   Code   RO         6283    i.Classis_Interface_in  719_interface.o
    0x08001064   0x08001064   0x00000108   Code   RO         6284    i.Classis_Interface_out  719_interface.o
    0x0800116c   0x0800116c   0x00000078   Code   RO         6119    i.Control_Server    719_fc.o
    0x080011e4   0x080011e4   0x0000004c   Code   RO         6360    i.CopeSensorData    drv_imu.o
    0x08001230   0x08001230   0x0000000c   Code   RO          716    i.DMA2_Channel2_IRQHandler  stm32f1xx_it.o
    0x0800123c   0x0800123c   0x00000002   Code   RO          717    i.DebugMon_Handler  stm32f1xx_it.o
    0x0800123e   0x0800123e   0x00000004   Code   RO         6361    i.Delayms           drv_imu.o
    0x08001242   0x08001242   0x00000006   Code   RO          718    i.EXTI9_5_IRQHandler  stm32f1xx_it.o
    0x08001248   0x08001248   0x00000004   Code   RO          338    i.Error_Handler     main.o
    0x0800124c   0x0800124c   0x00000040   Code   RO         6362    i.Get_ImuData_Init  drv_imu.o
    0x0800128c   0x0800128c   0x00000008   Code   RO          437    i.Get_ImuData_Tsak  freertos.o
    0x08001294   0x08001294   0x00000046   Code   RO         1764    i.HAL_DMA_Abort     stm32f1xx_hal_dma.o
    0x080012da   0x080012da   0x00000002   PAD
    0x080012dc   0x080012dc   0x00000130   Code   RO         1765    i.HAL_DMA_Abort_IT  stm32f1xx_hal_dma.o
    0x0800140c   0x0800140c   0x00000248   Code   RO         1769    i.HAL_DMA_IRQHandler  stm32f1xx_hal_dma.o
    0x08001654   0x08001654   0x0000007c   Code   RO         1770    i.HAL_DMA_Init      stm32f1xx_hal_dma.o
    0x080016d0   0x080016d0   0x00000024   Code   RO         1392    i.HAL_Delay         stm32f1xx_hal.o
    0x080016f4   0x080016f4   0x0000004c   Code   RO         6467    i.HAL_GPIO_EXTI_Callback  drv_ppm.o
    0x08001740   0x08001740   0x00000018   Code   RO         1699    i.HAL_GPIO_EXTI_IRQHandler  stm32f1xx_hal_gpio.o
    0x08001758   0x08001758   0x000001f8   Code   RO         1700    i.HAL_GPIO_Init     stm32f1xx_hal_gpio.o
    0x08001950   0x08001950   0x0000000a   Code   RO         1702    i.HAL_GPIO_ReadPin  stm32f1xx_hal_gpio.o
    0x0800195a   0x0800195a   0x0000000a   Code   RO         1704    i.HAL_GPIO_WritePin  stm32f1xx_hal_gpio.o
    0x08001964   0x08001964   0x0000000c   Code   RO         1396    i.HAL_GetTick       stm32f1xx_hal.o
    0x08001970   0x08001970   0x00000010   Code   RO         1402    i.HAL_IncTick       stm32f1xx_hal.o
    0x08001980   0x08001980   0x00000024   Code   RO         1403    i.HAL_Init          stm32f1xx_hal.o
    0x080019a4   0x080019a4   0x00000098   Code   RO          857    i.HAL_InitTick      stm32f1xx_hal_timebase_tim.o
    0x08001a3c   0x08001a3c   0x00000048   Code   RO          833    i.HAL_MspInit       stm32f1xx_hal_msp.o
    0x08001a84   0x08001a84   0x0000001a   Code   RO         1860    i.HAL_NVIC_EnableIRQ  stm32f1xx_hal_cortex.o
    0x08001a9e   0x08001a9e   0x00000002   PAD
    0x08001aa0   0x08001aa0   0x00000040   Code   RO         1866    i.HAL_NVIC_SetPriority  stm32f1xx_hal_cortex.o
    0x08001ae0   0x08001ae0   0x00000024   Code   RO         1867    i.HAL_NVIC_SetPriorityGrouping  stm32f1xx_hal_cortex.o
    0x08001b04   0x08001b04   0x0000003c   Code   RO         1165    i.HAL_PCDEx_PMAConfig  stm32f1xx_hal_pcd_ex.o
    0x08001b40   0x08001b40   0x00000002   Code   RO         5534    i.HAL_PCDEx_SetConnectionState  usbd_conf.o
    0x08001b42   0x08001b42   0x00000012   Code   RO         5536    i.HAL_PCD_DataInStageCallback  usbd_conf.o
    0x08001b54   0x08001b54   0x00000014   Code   RO         5537    i.HAL_PCD_DataOutStageCallback  usbd_conf.o
    0x08001b68   0x08001b68   0x0000004c   Code   RO          941    i.HAL_PCD_EP_Close  stm32f1xx_hal_pcd.o
    0x08001bb4   0x08001bb4   0x0000005c   Code   RO          942    i.HAL_PCD_EP_ClrStall  stm32f1xx_hal_pcd.o
    0x08001c10   0x08001c10   0x000000e6   Code   RO          943    i.HAL_PCD_EP_DB_Receive  stm32f1xx_hal_pcd.o
    0x08001cf6   0x08001cf6   0x00000330   Code   RO          944    i.HAL_PCD_EP_DB_Transmit  stm32f1xx_hal_pcd.o
    0x08002026   0x08002026   0x00000012   Code   RO          946    i.HAL_PCD_EP_GetRxCount  stm32f1xx_hal_pcd.o
    0x08002038   0x08002038   0x00000060   Code   RO          947    i.HAL_PCD_EP_Open   stm32f1xx_hal_pcd.o
    0x08002098   0x08002098   0x00000032   Code   RO          948    i.HAL_PCD_EP_Receive  stm32f1xx_hal_pcd.o
    0x080020ca   0x080020ca   0x00000072   Code   RO          949    i.HAL_PCD_EP_SetStall  stm32f1xx_hal_pcd.o
    0x0800213c   0x0800213c   0x00000034   Code   RO          950    i.HAL_PCD_EP_Transmit  stm32f1xx_hal_pcd.o
    0x08002170   0x08002170   0x00000154   Code   RO          952    i.HAL_PCD_IRQHandler  stm32f1xx_hal_pcd.o
    0x080022c4   0x080022c4   0x000000da   Code   RO          955    i.HAL_PCD_Init      stm32f1xx_hal_pcd.o
    0x0800239e   0x0800239e   0x00000002   PAD
    0x080023a0   0x080023a0   0x0000003c   Code   RO         5542    i.HAL_PCD_MspInit   usbd_conf.o
    0x080023dc   0x080023dc   0x00000026   Code   RO         5543    i.HAL_PCD_ResetCallback  usbd_conf.o
    0x08002402   0x08002402   0x00000008   Code   RO         5544    i.HAL_PCD_ResumeCallback  usbd_conf.o
    0x0800240a   0x0800240a   0x00000008   Code   RO         5545    i.HAL_PCD_SOFCallback  usbd_conf.o
    0x08002412   0x08002412   0x00000028   Code   RO          961    i.HAL_PCD_SetAddress  stm32f1xx_hal_pcd.o
    0x0800243a   0x0800243a   0x0000000e   Code   RO         5546    i.HAL_PCD_SetupStageCallback  usbd_conf.o
    0x08002448   0x08002448   0x00000032   Code   RO          963    i.HAL_PCD_Start     stm32f1xx_hal_pcd.o
    0x0800247a   0x0800247a   0x00000002   PAD
    0x0800247c   0x0800247c   0x00000024   Code   RO         5547    i.HAL_PCD_SuspendCallback  usbd_conf.o
    0x080024a0   0x080024a0   0x000000ec   Code   RO         1663    i.HAL_RCCEx_PeriphCLKConfig  stm32f1xx_hal_rcc_ex.o
    0x0800258c   0x0800258c   0x0000012c   Code   RO         1560    i.HAL_RCC_ClockConfig  stm32f1xx_hal_rcc.o
    0x080026b8   0x080026b8   0x00000040   Code   RO         1564    i.HAL_RCC_GetClockConfig  stm32f1xx_hal_rcc.o
    0x080026f8   0x080026f8   0x00000020   Code   RO         1567    i.HAL_RCC_GetPCLK1Freq  stm32f1xx_hal_rcc.o
    0x08002718   0x08002718   0x00000020   Code   RO         1568    i.HAL_RCC_GetPCLK2Freq  stm32f1xx_hal_rcc.o
    0x08002738   0x08002738   0x0000006c   Code   RO         1569    i.HAL_RCC_GetSysClockFreq  stm32f1xx_hal_rcc.o
    0x080027a4   0x080027a4   0x00000320   Code   RO         1572    i.HAL_RCC_OscConfig  stm32f1xx_hal_rcc.o
    0x08002ac4   0x08002ac4   0x00000002   Code   RO         3066    i.HAL_TIMEx_BreakCallback  stm32f1xx_hal_tim_ex.o
    0x08002ac6   0x08002ac6   0x00000002   Code   RO         3067    i.HAL_TIMEx_CommutCallback  stm32f1xx_hal_tim_ex.o
    0x08002ac8   0x08002ac8   0x00000054   Code   RO         3069    i.HAL_TIMEx_ConfigBreakDeadTime  stm32f1xx_hal_tim_ex.o
    0x08002b1c   0x08002b1c   0x0000007c   Code   RO         3085    i.HAL_TIMEx_MasterConfigSynchronization  stm32f1xx_hal_tim_ex.o
    0x08002b98   0x08002b98   0x0000005a   Code   RO         2362    i.HAL_TIM_Base_Init  stm32f1xx_hal_tim.o
    0x08002bf2   0x08002bf2   0x00000002   PAD
    0x08002bf4   0x08002bf4   0x000000e4   Code   RO          541    i.HAL_TIM_Base_MspInit  tim.o
    0x08002cd8   0x08002cd8   0x00000064   Code   RO         2365    i.HAL_TIM_Base_Start  stm32f1xx_hal_tim.o
    0x08002d3c   0x08002d3c   0x0000006c   Code   RO         2367    i.HAL_TIM_Base_Start_IT  stm32f1xx_hal_tim.o
    0x08002da8   0x08002da8   0x000000d6   Code   RO         2371    i.HAL_TIM_ConfigClockSource  stm32f1xx_hal_tim.o
    0x08002e7e   0x08002e7e   0x00000002   Code   RO         2396    i.HAL_TIM_IC_CaptureCallback  stm32f1xx_hal_tim.o
    0x08002e80   0x08002e80   0x00000166   Code   RO         2410    i.HAL_TIM_IRQHandler  stm32f1xx_hal_tim.o
    0x08002fe6   0x08002fe6   0x00000002   PAD
    0x08002fe8   0x08002fe8   0x0000009c   Code   RO          542    i.HAL_TIM_MspPostInit  tim.o
    0x08003084   0x08003084   0x00000002   Code   RO         2413    i.HAL_TIM_OC_DelayElapsedCallback  stm32f1xx_hal_tim.o
    0x08003086   0x08003086   0x000000c6   Code   RO         2434    i.HAL_TIM_PWM_ConfigChannel  stm32f1xx_hal_tim.o
    0x0800314c   0x0800314c   0x0000005a   Code   RO         2437    i.HAL_TIM_PWM_Init  stm32f1xx_hal_tim.o
    0x080031a6   0x080031a6   0x00000002   Code   RO         2439    i.HAL_TIM_PWM_MspInit  stm32f1xx_hal_tim.o
    0x080031a8   0x080031a8   0x00000020   Code   RO         6655    i.HAL_TIM_PWM_PulseFinishedCallback  drv_ws2812.o
    0x080031c8   0x080031c8   0x000000b4   Code   RO         2442    i.HAL_TIM_PWM_Start  stm32f1xx_hal_tim.o
    0x0800327c   0x0800327c   0x000000c0   Code   RO         2446    i.HAL_TIM_PWM_Stop_DMA  stm32f1xx_hal_tim.o
    0x0800333c   0x0800333c   0x00000014   Code   RO          339    i.HAL_TIM_PeriodElapsedCallback  main.o
    0x08003350   0x08003350   0x00000002   Code   RO         2453    i.HAL_TIM_TriggerCallback  stm32f1xx_hal_tim.o
    0x08003352   0x08003352   0x00000002   Code   RO         3344    i.HAL_UARTEx_RxEventCallback  stm32f1xx_hal_uart.o
    0x08003354   0x08003354   0x00000002   Code   RO         3358    i.HAL_UART_ErrorCallback  stm32f1xx_hal_uart.o
    0x08003356   0x08003356   0x00000002   PAD
    0x08003358   0x08003358   0x0000020c   Code   RO         3361    i.HAL_UART_IRQHandler  stm32f1xx_hal_uart.o
    0x08003564   0x08003564   0x00000062   Code   RO         3362    i.HAL_UART_Init     stm32f1xx_hal_uart.o
    0x080035c6   0x080035c6   0x00000002   PAD
    0x080035c8   0x080035c8   0x000001fc   Code   RO          613    i.HAL_UART_MspInit  usart.o
    0x080037c4   0x080037c4   0x0000002a   Code   RO         3367    i.HAL_UART_Receive_IT  stm32f1xx_hal_uart.o
    0x080037ee   0x080037ee   0x00000002   PAD
    0x080037f0   0x080037f0   0x00000068   Code   RO          614    i.HAL_UART_RxCpltCallback  usart.o
    0x08003858   0x08003858   0x000000b2   Code   RO         3370    i.HAL_UART_Transmit  stm32f1xx_hal_uart.o
    0x0800390a   0x0800390a   0x00000002   Code   RO         3373    i.HAL_UART_TxCpltCallback  stm32f1xx_hal_uart.o
    0x0800390c   0x0800390c   0x00000002   Code   RO          719    i.HardFault_Handler  stm32f1xx_it.o
    0x0800390e   0x0800390e   0x00000002   PAD
    0x08003910   0x08003910   0x0000003c   Code   RO          208    i.IIC_Ack           iic.o
    0x0800394c   0x0800394c   0x00000004   Code   RO          209    i.IIC_Init          iic.o
    0x08003950   0x08003950   0x00000044   Code   RO          210    i.IIC_NAck          iic.o
    0x08003994   0x08003994   0x00000070   Code   RO          211    i.IIC_Read_Byte     iic.o
    0x08003a04   0x08003a04   0x00000020   Code   RO          212    i.IIC_SDA_IN        iic.o
    0x08003a24   0x08003a24   0x00000020   Code   RO          213    i.IIC_SDA_OUT       iic.o
    0x08003a44   0x08003a44   0x00000064   Code   RO          214    i.IIC_Send_Byte     iic.o
    0x08003aa8   0x08003aa8   0x00000044   Code   RO          215    i.IIC_Start         iic.o
    0x08003aec   0x08003aec   0x0000003c   Code   RO          216    i.IIC_Stop          iic.o
    0x08003b28   0x08003b28   0x00000068   Code   RO          217    i.IIC_Wait_Ack      iic.o
    0x08003b90   0x08003b90   0x0000006a   Code   RO          218    i.IICreadBytes      iic.o
    0x08003bfa   0x08003bfa   0x00000052   Code   RO          219    i.IICwriteBytes     iic.o
    0x08003c4c   0x08003c4c   0x00000038   Code   RO         5378    i.IntToUnicode      usbd_desc.o
    0x08003c84   0x08003c84   0x00000028   Code   RO         6120    i.IsUnlock          719_fc.o
    0x08003cac   0x08003cac   0x00000002   Code   RO          438    i.LedCallback       freertos.o
    0x08003cae   0x08003cae   0x00000002   PAD
    0x08003cb0   0x08003cb0   0x000000e8   Code   RO         6121    i.LocControl        719_fc.o
    0x08003d98   0x08003d98   0x0000002c   Code   RO          516    i.MX_DMA_Init       dma.o
    0x08003dc4   0x08003dc4   0x000000bc   Code   RO          439    i.MX_FREERTOS_Init  freertos.o
    0x08003e80   0x08003e80   0x000000a8   Code   RO          413    i.MX_GPIO_Init      gpio.o
    0x08003f28   0x08003f28   0x000000c8   Code   RO          543    i.MX_TIM3_Init      tim.o
    0x08003ff0   0x08003ff0   0x00000068   Code   RO          544    i.MX_TIM4_Init      tim.o
    0x08004058   0x08004058   0x00000068   Code   RO          545    i.MX_TIM5_Init      tim.o
    0x080040c0   0x080040c0   0x00000044   Code   RO          546    i.MX_TIM7_Init      tim.o
    0x08004104   0x08004104   0x000000c4   Code   RO          547    i.MX_TIM8_Init      tim.o
    0x080041c8   0x080041c8   0x00000038   Code   RO          615    i.MX_UART4_Init     usart.o
    0x08004200   0x08004200   0x00000038   Code   RO          616    i.MX_UART5_Init     usart.o
    0x08004238   0x08004238   0x00000044   Code   RO          617    i.MX_USART1_UART_Init  usart.o
    0x0800427c   0x0800427c   0x00000038   Code   RO          618    i.MX_USART2_UART_Init  usart.o
    0x080042b4   0x080042b4   0x00000038   Code   RO          619    i.MX_USART3_UART_Init  usart.o
    0x080042ec   0x080042ec   0x00000054   Code   RO         5347    i.MX_USB_DEVICE_Init  usb_device.o
    0x08004340   0x08004340   0x00000002   Code   RO          720    i.MemManage_Handler  stm32f1xx_it.o
    0x08004342   0x08004342   0x00000002   PAD
    0x08004344   0x08004344   0x0000015c   Code   RO         6122    i.Motcontrol        719_fc.o
    0x080044a0   0x080044a0   0x00000002   Code   RO          721    i.NMI_Handler       stm32f1xx_it.o
    0x080044a2   0x080044a2   0x00000002   PAD
    0x080044a4   0x080044a4   0x00000100   Code   RO         6417    i.OpiticalFlow_Receive  drv_of.o
    0x080045a4   0x080045a4   0x00000314   Code   RO          967    i.PCD_EP_ISR_Handler  stm32f1xx_hal_pcd.o
    0x080048b8   0x080048b8   0x00000116   Code   RO         6208    i.PID_Postion_Cal   719_pid.o
    0x080049ce   0x080049ce   0x00000002   PAD
    0x080049d0   0x080049d0   0x00000130   Code   RO         6123    i.PidParameter_init  719_fc.o
    0x08004b00   0x08004b00   0x0000015c   Code   RO         6364    i.ShowHelp          drv_imu.o
    0x08004c5c   0x08004c5c   0x00000010   Code   RO          440    i.StartDefaultTask  freertos.o
    0x08004c6c   0x08004c6c   0x0000002c   Code   RO         5268    i.SysTick_Handler   port.o
    0x08004c98   0x08004c98   0x00000078   Code   RO          340    i.SystemClock_Config  main.o
    0x08004d10   0x08004d10   0x00000002   Code   RO         3691    i.SystemInit        system_stm32f1xx.o
    0x08004d12   0x08004d12   0x00000002   PAD
    0x08004d14   0x08004d14   0x0000000c   Code   RO          722    i.TIM5_IRQHandler   stm32f1xx_it.o
    0x08004d20   0x08004d20   0x0000000c   Code   RO          723    i.TIM6_IRQHandler   stm32f1xx_it.o
    0x08004d2c   0x08004d2c   0x0000008c   Code   RO         2455    i.TIM_Base_SetConfig  stm32f1xx_hal_tim.o
    0x08004db8   0x08004db8   0x0000001a   Code   RO         2456    i.TIM_CCxChannelCmd  stm32f1xx_hal_tim.o
    0x08004dd2   0x08004dd2   0x00000014   Code   RO         2466    i.TIM_ETR_SetConfig  stm32f1xx_hal_tim.o
    0x08004de6   0x08004de6   0x00000010   Code   RO         2467    i.TIM_ITRx_SetConfig  stm32f1xx_hal_tim.o
    0x08004df6   0x08004df6   0x00000002   PAD
    0x08004df8   0x08004df8   0x00000060   Code   RO         2468    i.TIM_OC1_SetConfig  stm32f1xx_hal_tim.o
    0x08004e58   0x08004e58   0x0000006c   Code   RO         2469    i.TIM_OC2_SetConfig  stm32f1xx_hal_tim.o
    0x08004ec4   0x08004ec4   0x00000068   Code   RO         2470    i.TIM_OC3_SetConfig  stm32f1xx_hal_tim.o
    0x08004f2c   0x08004f2c   0x00000050   Code   RO         2471    i.TIM_OC4_SetConfig  stm32f1xx_hal_tim.o
    0x08004f7c   0x08004f7c   0x00000022   Code   RO         2473    i.TIM_TI1_ConfigInputStage  stm32f1xx_hal_tim.o
    0x08004f9e   0x08004f9e   0x00000024   Code   RO         2475    i.TIM_TI2_ConfigInputStage  stm32f1xx_hal_tim.o
    0x08004fc2   0x08004fc2   0x00000002   Code   RO          441    i.ThreadsCallback   freertos.o
    0x08004fc4   0x08004fc4   0x00000018   Code   RO         4796    i.TimerCallback     cmsis_os2.o
    0x08004fdc   0x08004fdc   0x0000000c   Code   RO          724    i.UART4_IRQHandler  stm32f1xx_it.o
    0x08004fe8   0x08004fe8   0x0000000c   Code   RO          725    i.UART5_IRQHandler  stm32f1xx_it.o
    0x08004ff4   0x08004ff4   0x00000010   Code   RO         3375    i.UART_DMAAbortOnError  stm32f1xx_hal_uart.o
    0x08005004   0x08005004   0x00000030   Code   RO         3385    i.UART_EndRxTransfer  stm32f1xx_hal_uart.o
    0x08005034   0x08005034   0x000000b6   Code   RO         3387    i.UART_Receive_IT   stm32f1xx_hal_uart.o
    0x080050ea   0x080050ea   0x00000002   PAD
    0x080050ec   0x080050ec   0x000000b8   Code   RO         3388    i.UART_SetConfig    stm32f1xx_hal_uart.o
    0x080051a4   0x080051a4   0x00000036   Code   RO         3390    i.UART_Start_Receive_IT  stm32f1xx_hal_uart.o
    0x080051da   0x080051da   0x00000064   Code   RO         3391    i.UART_WaitOnFlagUntilTimeout  stm32f1xx_hal_uart.o
    0x0800523e   0x0800523e   0x00000002   PAD
    0x08005240   0x08005240   0x0000000c   Code   RO          726    i.USART1_IRQHandler  stm32f1xx_it.o
    0x0800524c   0x0800524c   0x0000000c   Code   RO          727    i.USART2_IRQHandler  stm32f1xx_it.o
    0x08005258   0x08005258   0x0000000c   Code   RO          728    i.USART3_IRQHandler  stm32f1xx_it.o
    0x08005264   0x08005264   0x00000046   Code   RO         6009    i.USBD_CDC_DataIn   usbd_cdc.o
    0x080052aa   0x080052aa   0x0000002e   Code   RO         6010    i.USBD_CDC_DataOut  usbd_cdc.o
    0x080052d8   0x080052d8   0x00000044   Code   RO         6011    i.USBD_CDC_DeInit   usbd_cdc.o
    0x0800531c   0x0800531c   0x00000024   Code   RO         6012    i.USBD_CDC_EP0_RxReady  usbd_cdc.o
    0x08005340   0x08005340   0x0000000c   Code   RO         6013    i.USBD_CDC_GetDeviceQualifierDescriptor  usbd_cdc.o
    0x0800534c   0x0800534c   0x0000000c   Code   RO         6014    i.USBD_CDC_GetFSCfgDesc  usbd_cdc.o
    0x08005358   0x08005358   0x0000000c   Code   RO         6015    i.USBD_CDC_GetHSCfgDesc  usbd_cdc.o
    0x08005364   0x08005364   0x0000000c   Code   RO         6016    i.USBD_CDC_GetOtherSpeedCfgDesc  usbd_cdc.o
    0x08005370   0x08005370   0x00000094   Code   RO         6017    i.USBD_CDC_Init     usbd_cdc.o
    0x08005404   0x08005404   0x00000028   Code   RO         6018    i.USBD_CDC_ReceivePacket  usbd_cdc.o
    0x0800542c   0x0800542c   0x00000010   Code   RO         6019    i.USBD_CDC_RegisterInterface  usbd_cdc.o
    0x0800543c   0x0800543c   0x0000000c   Code   RO         6020    i.USBD_CDC_SetRxBuffer  usbd_cdc.o
    0x08005448   0x08005448   0x00000010   Code   RO         6021    i.USBD_CDC_SetTxBuffer  usbd_cdc.o
    0x08005458   0x08005458   0x000000ac   Code   RO         6022    i.USBD_CDC_Setup    usbd_cdc.o
    0x08005504   0x08005504   0x0000000e   Code   RO         5746    i.USBD_ClrClassConfig  usbd_core.o
    0x08005512   0x08005512   0x00000010   Code   RO         5949    i.USBD_CtlContinueRx  usbd_ioreq.o
    0x08005522   0x08005522   0x00000010   Code   RO         5950    i.USBD_CtlContinueSendData  usbd_ioreq.o
    0x08005532   0x08005532   0x00000016   Code   RO         5884    i.USBD_CtlError     usbd_ctlreq.o
    0x08005548   0x08005548   0x0000001e   Code   RO         5951    i.USBD_CtlPrepareRx  usbd_ioreq.o
    0x08005566   0x08005566   0x00000016   Code   RO         5952    i.USBD_CtlReceiveStatus  usbd_ioreq.o
    0x0800557c   0x0800557c   0x0000001a   Code   RO         5953    i.USBD_CtlSendData  usbd_ioreq.o
    0x08005596   0x08005596   0x00000016   Code   RO         5954    i.USBD_CtlSendStatus  usbd_ioreq.o
    0x080055ac   0x080055ac   0x00000020   Code   RO         5379    i.USBD_FS_ConfigStrDescriptor  usbd_desc.o
    0x080055cc   0x080055cc   0x0000000c   Code   RO         5380    i.USBD_FS_DeviceDescriptor  usbd_desc.o
    0x080055d8   0x080055d8   0x00000024   Code   RO         5381    i.USBD_FS_InterfaceStrDescriptor  usbd_desc.o
    0x080055fc   0x080055fc   0x0000000c   Code   RO         5382    i.USBD_FS_LangIDStrDescriptor  usbd_desc.o
    0x08005608   0x08005608   0x00000028   Code   RO         5383    i.USBD_FS_ManufacturerStrDescriptor  usbd_desc.o
    0x08005630   0x08005630   0x0000002c   Code   RO         5384    i.USBD_FS_ProductStrDescriptor  usbd_desc.o
    0x0800565c   0x0800565c   0x00000038   Code   RO         5385    i.USBD_FS_SerialStrDescriptor  usbd_desc.o
    0x08005694   0x08005694   0x000000e8   Code   RO         5885    i.USBD_GetDescriptor  usbd_ctlreq.o
    0x0800577c   0x0800577c   0x00000048   Code   RO         5886    i.USBD_GetString    usbd_ctlreq.o
    0x080057c4   0x080057c4   0x00000018   Code   RO         5548    i.USBD_Get_USB_Status  usbd_conf.o
    0x080057dc   0x080057dc   0x0000002a   Code   RO         5748    i.USBD_Init         usbd_core.o
    0x08005806   0x08005806   0x00000012   Code   RO         5549    i.USBD_LL_ClearStallEP  usbd_conf.o
    0x08005818   0x08005818   0x00000012   Code   RO         5550    i.USBD_LL_CloseEP   usbd_conf.o
    0x0800582a   0x0800582a   0x000000c6   Code   RO         5749    i.USBD_LL_DataInStage  usbd_core.o
    0x080058f0   0x080058f0   0x00000082   Code   RO         5750    i.USBD_LL_DataOutStage  usbd_core.o
    0x08005972   0x08005972   0x00000008   Code   RO         5554    i.USBD_LL_GetRxDataSize  usbd_conf.o
    0x0800597a   0x0800597a   0x00000002   PAD
    0x0800597c   0x0800597c   0x00000080   Code   RO         5555    i.USBD_LL_Init      usbd_conf.o
    0x080059fc   0x080059fc   0x00000020   Code   RO         5556    i.USBD_LL_IsStallEP  usbd_conf.o
    0x08005a1c   0x08005a1c   0x00000018   Code   RO         5557    i.USBD_LL_OpenEP    usbd_conf.o
    0x08005a34   0x08005a34   0x00000012   Code   RO         5558    i.USBD_LL_PrepareReceive  usbd_conf.o
    0x08005a46   0x08005a46   0x00000050   Code   RO         5755    i.USBD_LL_Reset     usbd_core.o
    0x08005a96   0x08005a96   0x00000014   Code   RO         5756    i.USBD_LL_Resume    usbd_core.o
    0x08005aaa   0x08005aaa   0x00000018   Code   RO         5757    i.USBD_LL_SOF       usbd_core.o
    0x08005ac2   0x08005ac2   0x00000006   Code   RO         5758    i.USBD_LL_SetSpeed  usbd_core.o
    0x08005ac8   0x08005ac8   0x00000012   Code   RO         5559    i.USBD_LL_SetUSBAddress  usbd_conf.o
    0x08005ada   0x08005ada   0x0000005a   Code   RO         5759    i.USBD_LL_SetupStage  usbd_core.o
    0x08005b34   0x08005b34   0x00000012   Code   RO         5560    i.USBD_LL_StallEP   usbd_conf.o
    0x08005b46   0x08005b46   0x00000012   Code   RO         5561    i.USBD_LL_Start     usbd_conf.o
    0x08005b58   0x08005b58   0x00000012   Code   RO         5760    i.USBD_LL_Suspend   usbd_core.o
    0x08005b6a   0x08005b6a   0x00000012   Code   RO         5563    i.USBD_LL_Transmit  usbd_conf.o
    0x08005b7c   0x08005b7c   0x00000028   Code   RO         5887    i.USBD_ParseSetupRequest  usbd_ctlreq.o
    0x08005ba4   0x08005ba4   0x00000010   Code   RO         5761    i.USBD_RegisterClass  usbd_core.o
    0x08005bb4   0x08005bb4   0x00000016   Code   RO         5763    i.USBD_SetClassConfig  usbd_core.o
    0x08005bca   0x08005bca   0x00000002   PAD
    0x08005bcc   0x08005bcc   0x00000084   Code   RO         5888    i.USBD_SetConfig    usbd_ctlreq.o
    0x08005c50   0x08005c50   0x0000000a   Code   RO         5764    i.USBD_Start        usbd_core.o
    0x08005c5a   0x08005c5a   0x00000112   Code   RO         5889    i.USBD_StdDevReq    usbd_ctlreq.o
    0x08005d6c   0x08005d6c   0x00000150   Code   RO         5890    i.USBD_StdEPReq     usbd_ctlreq.o
    0x08005ebc   0x08005ebc   0x0000004e   Code   RO         5891    i.USBD_StdItfReq    usbd_ctlreq.o
    0x08005f0a   0x08005f0a   0x00000002   Code   RO         5564    i.USBD_static_free  usbd_conf.o
    0x08005f0c   0x08005f0c   0x00000008   Code   RO         5565    i.USBD_static_malloc  usbd_conf.o
    0x08005f14   0x08005f14   0x00000258   Code   RO         1205    i.USB_ActivateEndpoint  stm32f1xx_ll_usb.o
    0x0800616c   0x0800616c   0x00000004   Code   RO         1208    i.USB_CoreInit      stm32f1xx_ll_usb.o
    0x08006170   0x08006170   0x0000010e   Code   RO         1210    i.USB_DeactivateEndpoint  stm32f1xx_ll_usb.o
    0x0800627e   0x0800627e   0x00000004   Code   RO         1211    i.USB_DevConnect    stm32f1xx_ll_usb.o
    0x08006282   0x08006282   0x00000004   Code   RO         1212    i.USB_DevDisconnect  stm32f1xx_ll_usb.o
    0x08006286   0x08006286   0x00000012   Code   RO         1213    i.USB_DevInit       stm32f1xx_ll_usb.o
    0x08006298   0x08006298   0x0000000e   Code   RO         1214    i.USB_DisableGlobalInt  stm32f1xx_ll_usb.o
    0x080062a6   0x080062a6   0x00000004   Code   RO         1215    i.USB_EP0_OutStart  stm32f1xx_ll_usb.o
    0x080062aa   0x080062aa   0x00000078   Code   RO         1216    i.USB_EPClearStall  stm32f1xx_ll_usb.o
    0x08006322   0x08006322   0x00000032   Code   RO         1217    i.USB_EPSetStall    stm32f1xx_ll_usb.o
    0x08006354   0x08006354   0x0000060c   Code   RO         1218    i.USB_EPStartXfer   stm32f1xx_ll_usb.o
    0x08006960   0x08006960   0x00000012   Code   RO         1219    i.USB_EnableGlobalInt  stm32f1xx_ll_usb.o
    0x08006972   0x08006972   0x00000002   PAD
    0x08006974   0x08006974   0x0000000c   Code   RO          729    i.USB_LP_CAN1_RX0_IRQHandler  stm32f1xx_it.o
    0x08006980   0x08006980   0x00000006   Code   RO         1226    i.USB_ReadInterrupts  stm32f1xx_ll_usb.o
    0x08006986   0x08006986   0x00000002   PAD
    0x08006988   0x08006988   0x0000002c   Code   RO         1227    i.USB_ReadPMA       stm32f1xx_ll_usb.o
    0x080069b4   0x080069b4   0x00000004   Code   RO         1228    i.USB_SetCurrentMode  stm32f1xx_ll_usb.o
    0x080069b8   0x080069b8   0x0000000c   Code   RO         1229    i.USB_SetDevAddress  stm32f1xx_ll_usb.o
    0x080069c4   0x080069c4   0x00000026   Code   RO         1231    i.USB_WritePMA      stm32f1xx_ll_usb.o
    0x080069ea   0x080069ea   0x00000002   Code   RO          730    i.UsageFault_Handler  stm32f1xx_it.o
    0x080069ec   0x080069ec   0x00000002   Code   RO          442    i.Users_TasksCallback  freertos.o
    0x080069ee   0x080069ee   0x00000002   PAD
    0x080069f0   0x080069f0   0x00000014   Code   RO         6505    i.WitDelayMsRegister  drv_wit_c_sdk.o
    0x08006a04   0x08006a04   0x0000001c   Code   RO         6506    i.WitI2cFuncRegister  drv_wit_c_sdk.o
    0x08006a20   0x08006a20   0x0000001c   Code   RO         6507    i.WitInit           drv_wit_c_sdk.o
    0x08006a3c   0x08006a3c   0x00000160   Code   RO         6508    i.WitReadReg        drv_wit_c_sdk.o
    0x08006b9c   0x08006b9c   0x00000014   Code   RO         6509    i.WitRegisterCallBack  drv_wit_c_sdk.o
    0x08006bb0   0x08006bb0   0x00000008   Code   RO          443    i.Ws2812_Task       freertos.o
    0x08006bb8   0x08006bb8   0x0000040c   Code   RO         6232    i.XYZ_Velocity_Set  comprehensive_hope_set.o
    0x08006fc4   0x08006fc4   0x00000020   Code   RO         6968    i.__0printf         mc_w.l(printfa.o)
    0x08006fe4   0x08006fe4   0x0000002c   Code   RO         6522    i.__CRC16           drv_wit_c_sdk.o
    0x08007010   0x08007010   0x00000020   Code   RO         1873    i.__NVIC_SetPriority  stm32f1xx_hal_cortex.o
    0x08007030   0x08007030   0x0000000e   Code   RO         7060    i.__scatterload_copy  mc_w.l(handlers.o)
    0x0800703e   0x0800703e   0x00000002   Code   RO         7061    i.__scatterload_null  mc_w.l(handlers.o)
    0x08007040   0x08007040   0x0000000e   Code   RO         7062    i.__scatterload_zeroinit  mc_w.l(handlers.o)
    0x0800704e   0x0800704e   0x00000002   PAD
    0x08007050   0x08007050   0x00000184   Code   RO         6975    i._fp_digits        mc_w.l(printfa.o)
    0x080071d4   0x080071d4   0x000006b4   Code   RO         6976    i._printf_core      mc_w.l(printfa.o)
    0x08007888   0x08007888   0x00000024   Code   RO         6977    i._printf_post_padding  mc_w.l(printfa.o)
    0x080078ac   0x080078ac   0x0000002e   Code   RO         6978    i._printf_pre_padding  mc_w.l(printfa.o)
    0x080078da   0x080078da   0x00000012   Code   RO          220    i.delay_us          iic.o
    0x080078ec   0x080078ec   0x0000000e   Code   RO         6419    i.fourCharToInt     drv_of.o
    0x080078fa   0x080078fa   0x00000002   PAD
    0x080078fc   0x080078fc   0x00000018   Code   RO          620    i.fputc             usart.o
    0x08007914   0x08007914   0x0000006e   Code   RO         6233    i.length_limit      comprehensive_hope_set.o
    0x08007982   0x08007982   0x0000004e   Code   RO          341    i.main              main.o
    0x080079d0   0x080079d0   0x00000036   Code   RO         6234    i.my_deadzone       comprehensive_hope_set.o
    0x08007a06   0x08007a06   0x00000012   Code   RO         6235    i.my_sqrt           comprehensive_hope_set.o
    0x08007a18   0x08007a18   0x00000058   Code   RO         6236    i.my_sqrt_reciprocal  comprehensive_hope_set.o
    0x08007a70   0x08007a70   0x00000034   Code   RO         4797    i.osDelay           cmsis_os2.o
    0x08007aa4   0x08007aa4   0x00000058   Code   RO         4799    i.osEventFlagsClear  cmsis_os2.o
    0x08007afc   0x08007afc   0x00000044   Code   RO         4802    i.osEventFlagsNew   cmsis_os2.o
    0x08007b40   0x08007b40   0x0000006c   Code   RO         4803    i.osEventFlagsSet   cmsis_os2.o
    0x08007bac   0x08007bac   0x0000007c   Code   RO         4804    i.osEventFlagsWait  cmsis_os2.o
    0x08007c28   0x08007c28   0x00000038   Code   RO         4811    i.osKernelInitialize  cmsis_os2.o
    0x08007c60   0x08007c60   0x00000040   Code   RO         4814    i.osKernelStart     cmsis_os2.o
    0x08007ca0   0x08007ca0   0x0000006c   Code   RO         4825    i.osMutexAcquire    cmsis_os2.o
    0x08007d0c   0x08007d0c   0x00000080   Code   RO         4828    i.osMutexNew        cmsis_os2.o
    0x08007d8c   0x08007d8c   0x0000005c   Code   RO         4829    i.osMutexRelease    cmsis_os2.o
    0x08007de8   0x08007de8   0x000000a4   Code   RO         4848    i.osThreadNew       cmsis_os2.o
    0x08007e8c   0x08007e8c   0x00000084   Code   RO         4857    i.osTimerNew        cmsis_os2.o
    0x08007f10   0x08007f10   0x0000005c   Code   RO         4293    i.prvAddCurrentTaskToDelayedList  tasks.o
    0x08007f6c   0x08007f6c   0x000000d0   Code   RO         4294    i.prvAddNewTaskToReadyList  tasks.o
    0x0800803c   0x0800803c   0x00000058   Code   RO         4643    i.prvCheckForValidListAndQueue  timers.o
    0x08008094   0x08008094   0x00000026   Code   RO         3896    i.prvCopyDataFromQueue  queue.o
    0x080080ba   0x080080ba   0x0000006c   Code   RO         3897    i.prvCopyDataToQueue  queue.o
    0x08008126   0x08008126   0x00000034   Code   RO         4295    i.prvDeleteTCB      tasks.o
    0x0800815a   0x0800815a   0x00000002   PAD
    0x0800815c   0x0800815c   0x0000004c   Code   RO         5218    i.prvHeapInit       heap_4.o
    0x080081a8   0x080081a8   0x00000060   Code   RO         4296    i.prvIdleTask       tasks.o
    0x08008208   0x08008208   0x00000016   Code   RO         3898    i.prvInitialiseMutex  queue.o
    0x0800821e   0x0800821e   0x00000002   PAD
    0x08008220   0x08008220   0x00000022   Code   RO         3899    i.prvInitialiseNewQueue  queue.o
    0x08008242   0x08008242   0x0000009c   Code   RO         4297    i.prvInitialiseNewTask  tasks.o
    0x080082de   0x080082de   0x00000044   Code   RO         4644    i.prvInitialiseNewTimer  timers.o
    0x08008322   0x08008322   0x00000002   PAD
    0x08008324   0x08008324   0x0000004c   Code   RO         5219    i.prvInsertBlockIntoFreeList  heap_4.o
    0x08008370   0x08008370   0x00000038   Code   RO         4645    i.prvInsertTimerInActiveList  timers.o
    0x080083a8   0x080083a8   0x0000001c   Code   RO         3900    i.prvIsQueueEmpty   queue.o
    0x080083c4   0x080083c4   0x000000cc   Code   RO         4646    i.prvProcessReceivedCommands  timers.o
    0x08008490   0x08008490   0x000000b4   Code   RO         4647    i.prvProcessTimerOrBlockTask  timers.o
    0x08008544   0x08008544   0x00000020   Code   RO         4299    i.prvResetNextTaskUnblockTime  tasks.o
    0x08008564   0x08008564   0x00000028   Code   RO         4648    i.prvSampleTimeNow  timers.o
    0x0800858c   0x0800858c   0x0000006c   Code   RO         4649    i.prvSwitchTimerLists  timers.o
    0x080085f8   0x080085f8   0x00000028   Code   RO         5269    i.prvTaskExitError  port.o
    0x08008620   0x08008620   0x00000014   Code   RO         3734    i.prvTestWaitCondition  event_groups.o
    0x08008634   0x08008634   0x00000024   Code   RO         4650    i.prvTimerTask      timers.o
    0x08008658   0x08008658   0x0000006a   Code   RO         3901    i.prvUnlockQueue    queue.o
    0x080086c2   0x080086c2   0x00000002   PAD
    0x080086c4   0x080086c4   0x000000d8   Code   RO         5220    i.pvPortMalloc      heap_4.o
    0x0800879c   0x0800879c   0x00000018   Code   RO         4302    i.pvTaskIncrementMutexHeldCount  tasks.o
    0x080087b4   0x080087b4   0x00000024   Code   RO         4651    i.pvTimerGetTimerID  timers.o
    0x080087d8   0x080087d8   0x00000024   Code   RO         5270    i.pxPortInitialiseStack  port.o
    0x080087fc   0x080087fc   0x000000b4   Code   RO           13    i.systerm_init      systerm.o
    0x080088b0   0x080088b0   0x0000000c   Code   RO         6420    i.twoCharToshort    drv_of.o
    0x080088bc   0x080088bc   0x00000026   Code   RO         3856    i.uxListRemove      list.o
    0x080088e2   0x080088e2   0x00000002   PAD
    0x080088e4   0x080088e4   0x00000018   Code   RO         4310    i.uxTaskResetEventItemValue  tasks.o
    0x080088fc   0x080088fc   0x00000014   Code   RO         4860    i.vApplicationGetIdleTaskMemory  cmsis_os2.o
    0x08008910   0x08008910   0x00000018   Code   RO         4861    i.vApplicationGetTimerTaskMemory  cmsis_os2.o
    0x08008928   0x08008928   0x00000004   Code   RO         3736    i.vEventGroupClearBitsCallback  event_groups.o
    0x0800892c   0x0800892c   0x00000004   Code   RO         3738    i.vEventGroupSetBitsCallback  event_groups.o
    0x08008930   0x08008930   0x00000016   Code   RO         3857    i.vListInitialise   list.o
    0x08008946   0x08008946   0x00000006   Code   RO         3858    i.vListInitialiseItem  list.o
    0x0800894c   0x0800894c   0x00000030   Code   RO         3859    i.vListInsert       list.o
    0x0800897c   0x0800897c   0x00000018   Code   RO         3860    i.vListInsertEnd    list.o
    0x08008994   0x08008994   0x00000040   Code   RO         5272    i.vPortEnterCritical  port.o
    0x080089d4   0x080089d4   0x00000028   Code   RO         5273    i.vPortExitCritical  port.o
    0x080089fc   0x080089fc   0x0000005c   Code   RO         5221    i.vPortFree         heap_4.o
    0x08008a58   0x08008a58   0x00000024   Code   RO         5274    i.vPortSetupTimerInterrupt  port.o
    0x08008a7c   0x08008a7c   0x00000054   Code   RO         5275    i.vPortValidateInterruptPriority  port.o
    0x08008ad0   0x08008ad0   0x00000028   Code   RO         3907    i.vQueueAddToRegistry  queue.o
    0x08008af8   0x08008af8   0x00000044   Code   RO         3911    i.vQueueWaitForMessageRestricted  queue.o
    0x08008b3c   0x08008b3c   0x0000004c   Code   RO         4311    i.vTaskDelay        tasks.o
    0x08008b88   0x08008b88   0x00000010   Code   RO         4316    i.vTaskInternalSetTimeOutState  tasks.o
    0x08008b98   0x08008b98   0x0000000c   Code   RO         4317    i.vTaskMissedYield  tasks.o
    0x08008ba4   0x08008ba4   0x00000030   Code   RO         4319    i.vTaskPlaceOnEventList  tasks.o
    0x08008bd4   0x08008bd4   0x00000038   Code   RO         4320    i.vTaskPlaceOnEventListRestricted  tasks.o
    0x08008c0c   0x08008c0c   0x00000050   Code   RO         4321    i.vTaskPlaceOnUnorderedEventList  tasks.o
    0x08008c5c   0x08008c5c   0x00000090   Code   RO         4322    i.vTaskPriorityDisinheritAfterTimeout  tasks.o
    0x08008cec   0x08008cec   0x00000070   Code   RO         4324    i.vTaskRemoveFromUnorderedEventList  tasks.o
    0x08008d5c   0x08008d5c   0x00000088   Code   RO         4328    i.vTaskStartScheduler  tasks.o
    0x08008de4   0x08008de4   0x00000010   Code   RO         4330    i.vTaskSuspendAll   tasks.o
    0x08008df4   0x08008df4   0x00000064   Code   RO         4331    i.vTaskSwitchContext  tasks.o
    0x08008e58   0x08008e58   0x00000040   Code   RO         3740    i.xEventGroupClearBits  event_groups.o
    0x08008e98   0x08008e98   0x00000010   Code   RO         3741    i.xEventGroupClearBitsFromISR  event_groups.o
    0x08008ea8   0x08008ea8   0x0000001c   Code   RO         3742    i.xEventGroupCreate  event_groups.o
    0x08008ec4   0x08008ec4   0x0000002c   Code   RO         3743    i.xEventGroupCreateStatic  event_groups.o
    0x08008ef0   0x08008ef0   0x0000001a   Code   RO         3744    i.xEventGroupGetBitsFromISR  event_groups.o
    0x08008f0a   0x08008f0a   0x0000008c   Code   RO         3745    i.xEventGroupSetBits  event_groups.o
    0x08008f96   0x08008f96   0x00000002   PAD
    0x08008f98   0x08008f98   0x00000010   Code   RO         3746    i.xEventGroupSetBitsFromISR  event_groups.o
    0x08008fa8   0x08008fa8   0x00000108   Code   RO         3748    i.xEventGroupWaitBits  event_groups.o
    0x080090b0   0x080090b0   0x000000a8   Code   RO         5276    i.xPortStartScheduler  port.o
    0x08009158   0x08009158   0x00000016   Code   RO         3914    i.xQueueCreateMutex  queue.o
    0x0800916e   0x0800916e   0x0000001a   Code   RO         3915    i.xQueueCreateMutexStatic  queue.o
    0x08009188   0x08009188   0x00000048   Code   RO         3916    i.xQueueGenericCreate  queue.o
    0x080091d0   0x080091d0   0x00000066   Code   RO         3917    i.xQueueGenericCreateStatic  queue.o
    0x08009236   0x08009236   0x00000002   PAD
    0x08009238   0x08009238   0x00000088   Code   RO         3918    i.xQueueGenericReset  queue.o
    0x080092c0   0x080092c0   0x00000160   Code   RO         3919    i.xQueueGenericSend  queue.o
    0x08009420   0x08009420   0x000000bc   Code   RO         3920    i.xQueueGenericSendFromISR  queue.o
    0x080094dc   0x080094dc   0x0000003e   Code   RO         3924    i.xQueueGiveMutexRecursive  queue.o
    0x0800951a   0x0800951a   0x00000002   PAD
    0x0800951c   0x0800951c   0x00000138   Code   RO         3929    i.xQueueReceive     queue.o
    0x08009654   0x08009654   0x00000178   Code   RO         3931    i.xQueueSemaphoreTake  queue.o
    0x080097cc   0x080097cc   0x00000040   Code   RO         3932    i.xQueueTakeMutexRecursive  queue.o
    0x0800980c   0x0800980c   0x00000074   Code   RO         4332    i.xTaskCheckForTimeOut  tasks.o
    0x08009880   0x08009880   0x0000005a   Code   RO         4333    i.xTaskCreate       tasks.o
    0x080098da   0x080098da   0x00000056   Code   RO         4334    i.xTaskCreateStatic  tasks.o
    0x08009930   0x08009930   0x0000000c   Code   RO         4337    i.xTaskGetCurrentTaskHandle  tasks.o
    0x0800993c   0x0800993c   0x0000001c   Code   RO         4338    i.xTaskGetSchedulerState  tasks.o
    0x08009958   0x08009958   0x0000000c   Code   RO         4339    i.xTaskGetTickCount  tasks.o
    0x08009964   0x08009964   0x000000c8   Code   RO         4341    i.xTaskIncrementTick  tasks.o
    0x08009a2c   0x08009a2c   0x00000080   Code   RO         4344    i.xTaskPriorityDisinherit  tasks.o
    0x08009aac   0x08009aac   0x00000078   Code   RO         4345    i.xTaskPriorityInherit  tasks.o
    0x08009b24   0x08009b24   0x00000070   Code   RO         4346    i.xTaskRemoveFromEventList  tasks.o
    0x08009b94   0x08009b94   0x000000c4   Code   RO         4347    i.xTaskResumeAll    tasks.o
    0x08009c58   0x08009c58   0x00000034   Code   RO         4655    i.xTimerCreate      timers.o
    0x08009c8c   0x08009c8c   0x0000002e   Code   RO         4656    i.xTimerCreateStatic  timers.o
    0x08009cba   0x08009cba   0x00000002   PAD
    0x08009cbc   0x08009cbc   0x00000060   Code   RO         4657    i.xTimerCreateTimerTask  timers.o
    0x08009d1c   0x08009d1c   0x00000068   Code   RO         4658    i.xTimerGenericCommand  timers.o
    0x08009d84   0x08009d84   0x00000028   Code   RO         4664    i.xTimerPendFunctionCallFromISR  timers.o
    0x08009dac   0x08009dac   0x000000fc   Data   RO          444    .constdata          freertos.o
    0x08009ea8   0x08009ea8   0x00000010   Data   RO         3692    .constdata          system_stm32f1xx.o
    0x08009eb8   0x08009eb8   0x00000008   Data   RO         3693    .constdata          system_stm32f1xx.o
    0x08009ec0   0x08009ec0   0x00000200   Data   RO         6524    .constdata          drv_wit_c_sdk.o
    0x0800a0c0   0x0800a0c0   0x000000a9   Data   RO          445    .conststring        freertos.o
    0x0800a169   0x0800a169   0x00000003   PAD
    0x0800a16c   0x0800a16c   0x0000019a   Data   RO         6366    .conststring        drv_imu.o
    0x0800a306   0x0800a306   0x00000002   PAD
    0x0800a308   0x0800a308   0x00000020   Data   RO         7058    Region$$Table       anon$$obj.o


    Execution Region RW_IRAM1 (Exec base: 0x20000000, Load base: 0x0800a328, Size: 0x00003ea8, Max: 0x0000c000, ABSOLUTE, COMPRESSED[0x000000d0])

    Exec Addr    Load Addr    Size         Type   Attr      Idx    E Section Name        Object

    0x20000000   COMPRESSED   0x00000030   Data   RW          446    .data               freertos.o
    0x20000030   COMPRESSED   0x0000000a   Data   RW          626    .data               usart.o
    0x2000003a   COMPRESSED   0x00000002   PAD
    0x2000003c   COMPRESSED   0x0000000c   Data   RW         1410    .data               stm32f1xx_hal.o
    0x20000048   COMPRESSED   0x00000004   Data   RW         3694    .data               system_stm32f1xx.o
    0x2000004c   COMPRESSED   0x0000003c   Data   RW         4350    .data               tasks.o
    0x20000088   COMPRESSED   0x00000014   Data   RW         4666    .data               timers.o
    0x2000009c   COMPRESSED   0x00000004   Data   RW         4863    .data               cmsis_os2.o
    0x200000a0   COMPRESSED   0x00000018   Data   RW         5226    .data               heap_4.o
    0x200000b8   COMPRESSED   0x0000000c   Data   RW         5277    .data               port.o
    0x200000c4   COMPRESSED   0x0000001c   Data   RW         5387    .data               usbd_desc.o
    0x200000e0   COMPRESSED   0x00000032   Data   RW         5388    .data               usbd_desc.o
    0x20000112   COMPRESSED   0x00000002   PAD
    0x20000114   COMPRESSED   0x00000010   Data   RW         5472    .data               usbd_cdc_if.o
    0x20000124   COMPRESSED   0x00000001   Data   RW         5892    .data               usbd_ctlreq.o
    0x20000125   COMPRESSED   0x00000003   PAD
    0x20000128   COMPRESSED   0x000000d7   Data   RW         6024    .data               usbd_cdc.o
    0x200001ff   COMPRESSED   0x00000001   PAD
    0x20000200   COMPRESSED   0x00000038   Data   RW         6025    .data               usbd_cdc.o
    0x20000238   COMPRESSED   0x00000028   Data   RW         6125    .data               719_fc.o
    0x20000260   COMPRESSED   0x00000008   Data   RW         6238    .data               comprehensive_hope_set.o
    0x20000268   COMPRESSED   0x00000004   Data   RW         6367    .data               drv_imu.o
    0x2000026c   COMPRESSED   0x00000002   Data   RW         6422    .data               drv_of.o
    0x2000026e   COMPRESSED   0x00000002   PAD
    0x20000270   COMPRESSED   0x00000008   Data   RW         6470    .data               drv_ppm.o
    0x20000278   COMPRESSED   0x00000028   Data   RW         6525    .data               drv_wit_c_sdk.o
    0x200002a0   COMPRESSED   0x00000004   Data   RW         7032    .data               mc_w.l(stdout.o)
    0x200002a4        -       0x000001ac   Zero   RW          548    .bss                tim.o
    0x20000450        -       0x000001d9   Zero   RW          625    .bss                usart.o
    0x20000629   COMPRESSED   0x00000003   PAD
    0x2000062c        -       0x00000048   Zero   RW          860    .bss                stm32f1xx_hal_timebase_tim.o
    0x20000674        -       0x00000040   Zero   RW         3933    .bss                queue.o
    0x200006b4        -       0x000004c4   Zero   RW         4349    .bss                tasks.o
    0x20000b78        -       0x00000118   Zero   RW         4665    .bss                timers.o
    0x20000c90        -       0x000006b8   Zero   RW         4862    .bss                cmsis_os2.o
    0x20001348        -       0x00000c00   Zero   RW         5225    .bss                heap_4.o
    0x20001f48        -       0x000002c4   Zero   RW         5348    .bss                usb_device.o
    0x2000220c        -       0x00000200   Zero   RW         5386    .bss                usbd_desc.o
    0x2000240c        -       0x00000840   Zero   RW         5471    .bss                usbd_cdc_if.o
    0x20002c4c        -       0x0000050c   Zero   RW         5566    .bss                usbd_conf.o
    0x20003158        -       0x000004b4   Zero   RW         6124    .bss                719_fc.o
    0x2000360c        -       0x0000007c   Zero   RW         6237    .bss                comprehensive_hope_set.o
    0x20003688        -       0x000001b4   Zero   RW         6287    .bss                719_interface.o
    0x2000383c        -       0x0000003c   Zero   RW         6421    .bss                drv_of.o
    0x20003878        -       0x00000010   Zero   RW         6469    .bss                drv_ppm.o
    0x20003888        -       0x00000220   Zero   RW         6523    .bss                drv_wit_c_sdk.o
    0x20003aa8        -       0x00000400   Zero   RW            1    STACK               startup_stm32f103xe.o


==============================================================================

Image component sizes


      Code (inc. data)   RO Data    RW Data    ZI Data      Debug   Object Name

      2064        250          0         40       1204      11489   719_fc.o
       528         16          0          0        436       3019   719_interface.o
       278          0          0          0          0       1246   719_pid.o
      1252         78          0          4       1720      26665   cmsis_os2.o
      1306         40          0          8        124       4631   comprehensive_hope_set.o
        44          4          0          0          0        774   dma.o
       660        392        410          4          0       3548   drv_imu.o
       282          8          0          2         60       3398   drv_of.o
        76         12          0          8         16       1181   drv_ppm.o
       492         38        512         40        544       6328   drv_wit_c_sdk.o
        32          8          0          0          0       1005   drv_ws2812.o
       626         12          0          0          0      31254   event_groups.o
       226         34        421         48          0       8123   freertos.o
       168         16          0          0          0        975   gpio.o
       460         24          0         24       3072       4715   heap_4.o
       846         44          0          0          0       7494   iic.o
       138          0          0          0          0       3438   list.o
       222          6          0          0          0      11103   main.o
       662         70          0         12          0      10905   port.o
      2156         24          0          0         64      23496   queue.o
        36          8        304          0       1024        812   startup_stm32f103xe.o
       100         18          0         12          0       5906   stm32f1xx_hal.o
       158         14          0          0          0      28218   stm32f1xx_hal_cortex.o
      1082         52          0          0          0       3559   stm32f1xx_hal_dma.o
       548         48          0          0          0       4170   stm32f1xx_hal_gpio.o
        72         10          0          0          0        886   stm32f1xx_hal_msp.o
      2980          0          0          0          0      14001   stm32f1xx_hal_pcd.o
        60          0          0          0          0       1190   stm32f1xx_hal_pcd_ex.o
      1336        110          0          0          0       5869   stm32f1xx_hal_rcc.o
       236         12          0          0          0       1396   stm32f1xx_hal_rcc_ex.o
      2198        126          0          0          0      17198   stm32f1xx_hal_tim.o
       212         20          0          0          0       3197   stm32f1xx_hal_tim_ex.o
       152         20          0          0         72       1499   stm32f1xx_hal_timebase_tim.o
      1432         10          0          0          0      10636   stm32f1xx_hal_uart.o
       126         54          0          0          0       7080   stm32f1xx_it.o
      2758          0          0          0          0      16699   stm32f1xx_ll_usb.o
         0          0          0          0          0       8836   stream_buffer.o
         2          0         24          4          0       1143   system_stm32f1xx.o
       180         56          0          0          0     508317   systerm.o
      2580        218          0         60       1220      28942   tasks.o
      1056        106          0          0        428       5427   tim.o
      1154         88          0         20        280      30703   timers.o
       928        104          0         10        473       7021   usart.o
        84         18          0          0        708        808   usb_device.o
       672         16          0        271          0      12432   usbd_cdc.o
        68         16          0         16       2112       2934   usbd_cdc_if.o
       556         30          0          0       1292      14397   usbd_conf.o
       670          0          0          0          0       9575   usbd_core.o
      1186         28          0          1          0       7988   usbd_ctlreq.o
       288        104          0         78        512       6001   usbd_desc.o
       132          0          0          0          0       4380   usbd_ioreq.o

    ----------------------------------------------------------------------
     35630       2362       1708        672      15364     936007   Object Totals
         0          0         32          0          0          0   (incl. Generated)
        70          0          5         10          3          0   (incl. Padding)

    ----------------------------------------------------------------------

      Code (inc. data)   RO Data    RW Data    ZI Data      Debug   Library Member Name

        86          0          0          0          0          0   __dczerorl2.o
         0          0          0          0          0          0   entry.o
         0          0          0          0          0          0   entry10a.o
         0          0          0          0          0          0   entry11a.o
         4          0          0          0          0          0   entry12b.o
         8          4          0          0          0          0   entry2.o
         4          0          0          0          0          0   entry5.o
         0          0          0          0          0          0   entry7b.o
         0          0          0          0          0          0   entry8b.o
         8          4          0          0          0          0   entry9a.o
        30          0          0          0          0          0   handlers.o
        36          8          0          0          0         68   init.o
         0          0          0          0          0          0   iusefp.o
        30          0          0          0          0         68   llshl.o
        36          0          0          0          0         68   llsshr.o
        32          0          0          0          0         68   llushr.o
        36          0          0          0          0         68   memcpya.o
        36          0          0          0          0        108   memseta.o
      2218         90          0          0          0        464   printfa.o
         0          0          0          4          0          0   stdout.o
        44          0          0          0          0         80   uidiv.o
        98          0          0          0          0         92   uldiv.o
        48          0          0          0          0         68   cdrcmple.o
        20          0          0          0          0         68   cfcmple.o
        20          0          0          0          0         68   cfrcmple.o
       334          0          0          0          0        148   dadd.o
       222          0          0          0          0        100   ddiv.o
       186          0          0          0          0        176   depilogue.o
        48          0          0          0          0         68   dfixul.o
       228          0          0          0          0         96   dmul.o
       176          0          0          0          0        140   fadd.o
       124          0          0          0          0         88   fdiv.o
       110          0          0          0          0        168   fepilogue.o
        50          0          0          0          0         68   ffixi.o
        18          0          0          0          0         68   fflti.o
        10          0          0          0          0         68   ffltui.o
       100          0          0          0          0         76   fmul.o
        24          0          0          0          0         68   fscalb.o

    ----------------------------------------------------------------------
      4430        106          0          4          0       2620   Library Totals
         6          0          0          0          0          0   (incl. Padding)

    ----------------------------------------------------------------------

      Code (inc. data)   RO Data    RW Data    ZI Data      Debug   Library Name

      2706        106          0          4          0       1084   mc_w.l
      1718          0          0          0          0       1536   mf_w.l

    ----------------------------------------------------------------------
      4430        106          0          4          0       2620   Library Totals

    ----------------------------------------------------------------------

==============================================================================


      Code (inc. data)   RO Data    RW Data    ZI Data      Debug   

     40060       2468       1708        676      15364     918215   Grand Totals
     40060       2468       1708        208      15364     918215   ELF Image Totals (compressed)
     40060       2468       1708        208          0          0   ROM Totals

==============================================================================

    Total RO  Size (Code + RO Data)                41768 (  40.79kB)
    Total RW  Size (RW Data + ZI Data)             16040 (  15.66kB)
    Total ROM Size (Code + RO Data + RW Data)      41976 (  40.99kB)

==============================================================================

