<html>
<body>
<pre>
<h1>µVision Build Log</h1>
<h2>Tool Versions:</h2>
IDE-Version: ¦ÌVision V5.33.0.0
Copyright (C) 2020 ARM Ltd and ARM Germany GmbH. All rights reserved.
License Information: HUAWEI,  , LIC=D0D7S-LMHVT-45ST5-GTBMP-0ZQPA-2AWD8
 
Tool Versions:
Toolchain:       MDK-ARM Plus  Version: 5.33.0.0
Toolchain Path:  D:\Keil_v5\ARM\ARMCC\Bin
C Compiler:      Armcc.exe V5.06 update 7 (build 960)
Assembler:       Armasm.exe V5.06 update 7 (build 960)
Linker/Locator:  ArmLink.exe V5.06 update 7 (build 960)
Library Manager: ArmAr.exe V5.06 update 7 (build 960)
Hex Converter:   FromElf.exe V5.06 update 7 (build 960)
CPU DLL:         SARMCM3.DLL V5.33.0.0
Dialog DLL:      DCM.DLL V1.17.3.0
Target DLL:      STLink\ST-LINKIII-KEIL_SWO.dll V3.0.8.0
Dialog DLL:      TCM.DLL V1.48.0.0
 
<h2>Project:</h2>
C:\Users\HUAWEI\Desktop\workspce\719_MAV(freertos)(exec3.0)\MDK-ARM\FreeRtos_xiaosizhou.uvprojx
Project File Date:  09/03/2023

<h2>Output:</h2>
*** Using Compiler 'V5.06 update 7 (build 960)', folder: 'D:\Keil_v5\ARM\ARMCC\Bin'
Rebuild target '719-MAV'
assembling startup_stm32f103xe.s...
compiling iic.c...
compiling gpio.c...
compiling Task_Schedule.c...
compiling systerm.c...
compiling dma.c...
compiling main.c...
compiling freertos.c...
compiling stm32f1xx_hal_timebase_tim.c...
compiling stm32f1xx_hal_msp.c...
compiling stm32f1xx_it.c...
compiling stm32f1xx_hal_gpio_ex.c...
compiling tim.c...
compiling usart.c...
compiling stm32f1xx_hal_pcd.c...
compiling stm32f1xx_hal_pcd_ex.c...
compiling stm32f1xx_hal_gpio.c...
compiling stm32f1xx_hal_rcc_ex.c...
compiling stm32f1xx_hal.c...
compiling stm32f1xx_hal_rcc.c...
compiling stm32f1xx_hal_dma.c...
compiling stm32f1xx_ll_usb.c...
compiling stm32f1xx_hal_pwr.c...
compiling stm32f1xx_hal_flash_ex.c...
compiling stm32f1xx_hal_cortex.c...
compiling stm32f1xx_hal_exti.c...
compiling stm32f1xx_hal_flash.c...
compiling croutine.c...
compiling list.c...
compiling event_groups.c...
compiling stm32f1xx_hal_tim_ex.c...
compiling stream_buffer.c...
compiling queue.c...
compiling tasks.c...
compiling heap_4.c...
compiling timers.c...
compiling stm32f1xx_hal_tim.c...
compiling port.c...
compiling cmsis_os2.c...
compiling system_stm32f1xx.c...
compiling stm32f1xx_hal_uart.c...
compiling usbd_desc.c...
compiling usb_device.c...
compiling usbd_cdc_if.c...
compiling usbd_ioreq.c...
compiling usbd_core.c...
compiling usbd_ctlreq.c...
compiling usbd_conf.c...
compiling 719_DT.c...
compiling 719_PID.c...
compiling usbd_cdc.c...
compiling Comprehensive_Hope_Set.c...
compiling Drv_Imu.c...
compiling 719_Interface.c...
compiling 719_FC.c...
compiling Drv_wit_c_sdk.c...
compiling Drv_Of.c...
compiling Drv_ppm.c...
compiling Drv_Ultra.c...
compiling Drv_ws2812.c...
linking...
Program Size: Code=40060 RO-data=1708 RW-data=676 ZI-data=15364  
FromELF: creating hex file...
"FreeRtos_xiaosizhou\719-MAV.axf" - 0 Error(s), 0 Warning(s).

<h2>Software Packages used:</h2>

Package Vendor: ARM
                http://www.keil.com/pack/ARM.CMSIS.5.7.0.pack
                ARM.CMSIS.5.7.0
                CMSIS (Cortex Microcontroller Software Interface Standard)
   * Component: CORE Version: 5.4.0

Package Vendor: Keil
                http://www.keil.com/pack/Keil.STM32F1xx_DFP.2.0.0.pack
                Keil.STM32F1xx_DFP.2.0.0
                STMicroelectronics STM32F1 Series Device Support, Drivers and Examples

<h2>Collection of Component include folders:</h2>
  .\RTE\_719-MAV
  D:\Users\HUAWEI\AppData\Local\Arm\Packs\ARM\CMSIS\5.7.0\CMSIS\Core\Include
  D:\Users\HUAWEI\AppData\Local\Arm\Packs\Keil\STM32F1xx_DFP\2.0.0\Device\Include

<h2>Collection of Component Files used:</h2>

   * Component: ARM::CMSIS:CORE:5.4.0
      Include file:  CMSIS\Core\Include\tz_context.h
Build Time Elapsed:  00:00:16
</pre>
</body>
</html>
