<html>
<body>
<pre>
<h1>µVision Build Log</h1>
<h2>Tool Versions:</h2>
IDE-Version: ¦ÌVision V5.38.0.0
Copyright (C) 2022 ARM Ltd and ARM Germany GmbH. All rights reserved.
License Information: Ö¾²© ËÎ, 351, LIC=KRMW3-ADJ38-VETHA-1B1WZ-MU3XT-0Z43R
 
Tool Versions:
Toolchain:       MDK-ARM Plus  Version: 5.38.0.0
Toolchain Path:  D:\mdk\ARM\RAMCC\Bin
C Compiler:      Armcc.exe V5.06 update 7 (build 960)
Assembler:       Armasm.exe V5.06 update 7 (build 960)
Linker/Locator:  ArmLink.exe V5.06 update 7 (build 960)
Library Manager: ArmAr.exe V5.06 update 7 (build 960)
Hex Converter:   FromElf.exe V5.06 update 7 (build 960)
CPU DLL:         SARMCM3.DLL V5.38.0.0
Dialog DLL:      DCM.DLL V1.17.5.0
Target DLL:      STLink\ST-LINKIII-KEIL_SWO.dll V3.1.0.0
Dialog DLL:      TCM.DLL V1.56.4.0
 
<h2>Project:</h2>
C:\Users\32937\Downloads\719_MAV\719_MAV\719_MAV(freertos)(exec6.3)\MDK-ARM\FreeRtos_xiaosizhou.uvprojx
Project File Date:  12/04/2023

<h2>Output:</h2>
*** Using Compiler 'V5.06 update 7 (build 960)', folder: 'D:\mdk\ARM\RAMCC\Bin'
Build target 'FreeRtos_xiaosizhou'
assembling startup_stm32f103xe.s...
compiling iic.c...
compiling gpio.c...
compiling dma.c...
compiling systerm.c...
compiling tim.c...
compiling Task_Schedule.c...
compiling main.c...
compiling freertos.c...
compiling stm32f1xx_hal_gpio_ex.c...
compiling stm32f1xx_hal_msp.c...
compiling stm32f1xx_hal_timebase_tim.c...
compiling stm32f1xx_it.c...
compiling stm32f1xx_hal_pcd_ex.c...
compiling usart.c...
compiling stm32f1xx_hal_pcd.c...
compiling stm32f1xx_ll_usb.c...
compiling stm32f1xx_hal_pwr.c...
compiling stm32f1xx_hal_cortex.c...
compiling stm32f1xx_hal_gpio.c...
compiling stm32f1xx_hal_rcc_ex.c...
compiling stm32f1xx_hal.c...
compiling stm32f1xx_hal_rcc.c...
compiling stm32f1xx_hal_flash.c...
compiling stm32f1xx_hal_dma.c...
compiling croutine.c...
compiling event_groups.c...
compiling list.c...
compiling stream_buffer.c...
compiling queue.c...
compiling timers.c...
compiling tasks.c...
compiling heap_4.c...
compiling cmsis_os2.c...
compiling port.c...
compiling stm32f1xx_hal_exti.c...
compiling system_stm32f1xx.c...
compiling stm32f1xx_hal_flash_ex.c...
compiling stm32f1xx_hal_uart.c...
compiling stm32f1xx_hal_tim_ex.c...
compiling usb_device.c...
compiling usbd_desc.c...
compiling stm32f1xx_hal_tim.c...
compiling usbd_conf.c...
compiling usbd_core.c...
compiling usbd_cdc_if.c...
compiling usbd_ioreq.c...
compiling usbd_ctlreq.c...
compiling usbd_cdc.c...
compiling 719_PID.c...
compiling 719_FC.c...
..\719-MAV\719_FC.c(550): warning:  #550-D: variable "Moto_PWM_f"  was set but never used
  	static int16_t Moto_PWM_f[4];
..\719-MAV\719_FC.c: 1 warning, 0 errors
compiling Drv_wit_c_sdk.c...
compiling 719_DT.c...
compiling Comprehensive_Hope_Set.c...
compiling 719_Interface.c...
compiling 719_User_Tasks.c...
compiling Drv_Of.c...
compiling Drv_ppm.c...
compiling Drv_Imu.c...
compiling Drv_ws2812.c...
..\DriversBsp\Drv_ws2812.c(54): warning:  #177-D: variable "retval"  was declared but never referenced
  	int retval;
..\DriversBsp\Drv_ws2812.c(55): warning:  #177-D: variable "flag_s"  was declared but never referenced
  	int flag_s[GroupOfFlag] = {0};
..\DriversBsp\Drv_ws2812.c: 2 warnings, 0 errors
compiling Drv_Echo.c...
compiling Drv_TOFSense.c...
linking...
Program Size: Code=42912 RO-data=1724 RW-data=708 ZI-data=16444  
FromELF: creating hex file...
"FreeRtos_xiaosizhou\FreeRtos_xiaosizhou.axf" - 0 Error(s), 3 Warning(s).

<h2>Software Packages used:</h2>

Package Vendor: ARM
                http://www.keil.com/pack/ARM.CMSIS.5.9.0.pack
                ARM.CMSIS.5.9.0
                CMSIS (Common Microcontroller Software Interface Standard)
   * Component: CORE Version: 5.6.0

Package Vendor: Keil
                https://www.keil.com/pack/Keil.STM32F1xx_DFP.2.4.1.pack
                Keil.STM32F1xx_DFP.2.4.1
                STMicroelectronics STM32F1 Series Device Support, Drivers and Examples

<h2>Collection of Component include folders:</h2>
  ./RTE/_FreeRtos_xiaosizhou
  D:/mdk/pack/ARM/CMSIS/5.9.0/CMSIS/Core/Include
  D:/mdk/pack/Keil/STM32F1xx_DFP/2.4.1/Device/Include

<h2>Collection of Component Files used:</h2>

   * Component: ARM::CMSIS:CORE:5.6.0
      Include file:  CMSIS/Core/Include/tz_context.h
Build Time Elapsed:  00:01:04
</pre>
</body>
</html>
