Component: ARM Compiler 5.06 update 7 (build 960) Tool: armlink [4d3601]

==============================================================================

Section Cross References

    startup_stm32f103xe.o(RESET) refers to startup_stm32f103xe.o(STACK) for __initial_sp
    startup_stm32f103xe.o(RESET) refers to startup_stm32f103xe.o(.text) for Reset_Handler
    startup_stm32f103xe.o(RESET) refers to stm32f1xx_it.o(i.NMI_Handler) for NMI_Handler
    startup_stm32f103xe.o(RESET) refers to stm32f1xx_it.o(i.HardFault_Handler) for HardFault_Handler
    startup_stm32f103xe.o(RESET) refers to stm32f1xx_it.o(i.MemManage_Handler) for MemManage_Handler
    startup_stm32f103xe.o(RESET) refers to stm32f1xx_it.o(i.BusFault_Handler) for BusFault_Handler
    startup_stm32f103xe.o(RESET) refers to stm32f1xx_it.o(i.UsageFault_Handler) for UsageFault_Handler
    startup_stm32f103xe.o(RESET) refers to port.o(.emb_text) for SVC_Handler
    startup_stm32f103xe.o(RESET) refers to stm32f1xx_it.o(i.DebugMon_Handler) for DebugMon_Handler
    startup_stm32f103xe.o(RESET) refers to port.o(i.SysTick_Handler) for SysTick_Handler
    startup_stm32f103xe.o(RESET) refers to stm32f1xx_it.o(i.USB_LP_CAN1_RX0_IRQHandler) for USB_LP_CAN1_RX0_IRQHandler
    startup_stm32f103xe.o(RESET) refers to stm32f1xx_it.o(i.EXTI9_5_IRQHandler) for EXTI9_5_IRQHandler
    startup_stm32f103xe.o(RESET) refers to stm32f1xx_it.o(i.USART1_IRQHandler) for USART1_IRQHandler
    startup_stm32f103xe.o(RESET) refers to stm32f1xx_it.o(i.USART2_IRQHandler) for USART2_IRQHandler
    startup_stm32f103xe.o(RESET) refers to stm32f1xx_it.o(i.USART3_IRQHandler) for USART3_IRQHandler
    startup_stm32f103xe.o(RESET) refers to stm32f1xx_it.o(i.TIM5_IRQHandler) for TIM5_IRQHandler
    startup_stm32f103xe.o(RESET) refers to stm32f1xx_it.o(i.UART4_IRQHandler) for UART4_IRQHandler
    startup_stm32f103xe.o(RESET) refers to stm32f1xx_it.o(i.UART5_IRQHandler) for UART5_IRQHandler
    startup_stm32f103xe.o(RESET) refers to stm32f1xx_it.o(i.TIM6_IRQHandler) for TIM6_IRQHandler
    startup_stm32f103xe.o(RESET) refers to stm32f1xx_it.o(i.DMA2_Channel2_IRQHandler) for DMA2_Channel2_IRQHandler
    startup_stm32f103xe.o(.text) refers to system_stm32f1xx.o(i.SystemInit) for SystemInit
    startup_stm32f103xe.o(.text) refers to entry.o(.ARM.Collect$$$$00000000) for __main
    systerm.o(i.systerm_init) refers to stm32f1xx_hal_uart.o(i.HAL_UART_Receive_IT) for HAL_UART_Receive_IT
    systerm.o(i.systerm_init) refers to stm32f1xx_hal_tim.o(i.HAL_TIM_Base_Start) for HAL_TIM_Base_Start
    systerm.o(i.systerm_init) refers to stm32f1xx_hal_tim.o(i.HAL_TIM_PWM_Start) for HAL_TIM_PWM_Start
    systerm.o(i.systerm_init) refers to stm32f1xx_hal_tim.o(i.HAL_TIM_Base_Start_IT) for HAL_TIM_Base_Start_IT
    systerm.o(i.systerm_init) refers to iic.o(i.IIC_Init) for IIC_Init
    systerm.o(i.systerm_init) refers to 719_fc.o(i.PidParameter_init) for PidParameter_init
    systerm.o(i.systerm_init) refers to usart.o(.data) for USART1_RXbuff
    systerm.o(i.systerm_init) refers to usart.o(.bss) for huart1
    systerm.o(i.systerm_init) refers to tim.o(.bss) for htim7
    iic.o(i.IIC_Ack) refers to iic.o(i.IIC_SDA_OUT) for IIC_SDA_OUT
    iic.o(i.IIC_Ack) refers to stm32f1xx_hal_gpio.o(i.HAL_GPIO_WritePin) for HAL_GPIO_WritePin
    iic.o(i.IIC_Ack) refers to iic.o(i.delay_us) for delay_us
    iic.o(i.IIC_Init) refers to iic.o(i.IIC_SDA_OUT) for IIC_SDA_OUT
    iic.o(i.IIC_NAck) refers to stm32f1xx_hal_gpio.o(i.HAL_GPIO_WritePin) for HAL_GPIO_WritePin
    iic.o(i.IIC_NAck) refers to iic.o(i.IIC_SDA_OUT) for IIC_SDA_OUT
    iic.o(i.IIC_NAck) refers to iic.o(i.delay_us) for delay_us
    iic.o(i.IIC_Read_Byte) refers to iic.o(i.IIC_SDA_IN) for IIC_SDA_IN
    iic.o(i.IIC_Read_Byte) refers to stm32f1xx_hal_gpio.o(i.HAL_GPIO_WritePin) for HAL_GPIO_WritePin
    iic.o(i.IIC_Read_Byte) refers to iic.o(i.delay_us) for delay_us
    iic.o(i.IIC_Read_Byte) refers to stm32f1xx_hal_gpio.o(i.HAL_GPIO_ReadPin) for HAL_GPIO_ReadPin
    iic.o(i.IIC_Read_Byte) refers to iic.o(i.IIC_Ack) for IIC_Ack
    iic.o(i.IIC_Read_Byte) refers to iic.o(i.IIC_SDA_OUT) for IIC_SDA_OUT
    iic.o(i.IIC_Read_Byte) refers to iic.o(i.IIC_NAck) for IIC_NAck
    iic.o(i.IIC_SDA_IN) refers to stm32f1xx_hal_gpio.o(i.HAL_GPIO_Init) for HAL_GPIO_Init
    iic.o(i.IIC_SDA_OUT) refers to stm32f1xx_hal_gpio.o(i.HAL_GPIO_Init) for HAL_GPIO_Init
    iic.o(i.IIC_Send_Byte) refers to iic.o(i.IIC_SDA_OUT) for IIC_SDA_OUT
    iic.o(i.IIC_Send_Byte) refers to stm32f1xx_hal_gpio.o(i.HAL_GPIO_WritePin) for HAL_GPIO_WritePin
    iic.o(i.IIC_Send_Byte) refers to iic.o(i.delay_us) for delay_us
    iic.o(i.IIC_Start) refers to iic.o(i.IIC_SDA_OUT) for IIC_SDA_OUT
    iic.o(i.IIC_Start) refers to stm32f1xx_hal_gpio.o(i.HAL_GPIO_WritePin) for HAL_GPIO_WritePin
    iic.o(i.IIC_Start) refers to iic.o(i.delay_us) for delay_us
    iic.o(i.IIC_Stop) refers to iic.o(i.IIC_SDA_OUT) for IIC_SDA_OUT
[...]
    MX_USB_DEVICE_Init                       0x08004851   Thumb Code    66  usb_device.o(i.MX_USB_DEVICE_Init)
    MemManage_Handler                        0x080048a5   Thumb Code     2  stm32f1xx_it.o(i.MemManage_Handler)
    Motcontrol                               0x080048a9   Thumb Code   278  719_fc.o(i.Motcontrol)
    MotorPwm_Init                            0x080049d5   Thumb Code    64  719_fc.o(i.MotorPwm_Init)
    NMI_Handler                              0x08004a19   Thumb Code     2  stm32f1xx_it.o(i.NMI_Handler)
    OpiticalFlow_Receive                     0x08004a1d   Thumb Code   250  drv_of.o(i.OpiticalFlow_Receive)
    PID_Postion_Cal                          0x08004ef1   Thumb Code   278  719_pid.o(i.PID_Postion_Cal)
    PidParameter_init                        0x08005009   Thumb Code   610  719_fc.o(i.PidParameter_init)
    Sensor_Tsak                              0x080052b1   Thumb Code    16  freertos.o(i.Sensor_Tsak)
    StartDefaultTask                         0x0800541d   Thumb Code    44  freertos.o(i.StartDefaultTask)
    SysTick_Handler                          0x0800544d   Thumb Code    38  port.o(i.SysTick_Handler)
    SystemClock_Config                       0x08005479   Thumb Code   120  main.o(i.SystemClock_Config)
    SystemInit                               0x080054f1   Thumb Code     2  system_stm32f1xx.o(i.SystemInit)
    TIM5_IRQHandler                          0x080054f5   Thumb Code     6  stm32f1xx_it.o(i.TIM5_IRQHandler)
    TIM6_IRQHandler                          0x08005501   Thumb Code     6  stm32f1xx_it.o(i.TIM6_IRQHandler)
    TIM_Base_SetConfig                       0x0800550d   Thumb Code   120  stm32f1xx_hal_tim.o(i.TIM_Base_SetConfig)
    TIM_CCxChannelCmd                        0x08005599   Thumb Code    26  stm32f1xx_hal_tim.o(i.TIM_CCxChannelCmd)
    TIM_DMADelayPulseHalfCplt                0x08005611   Thumb Code    56  stm32f1xx_hal_tim.o(i.TIM_DMADelayPulseHalfCplt)
    TIM_DMAError                             0x08005649   Thumb Code    84  stm32f1xx_hal_tim.o(i.TIM_DMAError)
    TIM_ETR_SetConfig                        0x0800569d   Thumb Code    20  stm32f1xx_hal_tim.o(i.TIM_ETR_SetConfig)
    TIM_OC2_SetConfig                        0x08005721   Thumb Code    98  stm32f1xx_hal_tim.o(i.TIM_OC2_SetConfig)
    ThreadsCallback                          0x0800588b   Thumb Code     2  freertos.o(i.ThreadsCallback)
    Trifles_Task                             0x080058a5   Thumb Code     8  freertos.o(i.Trifles_Task)
    UART4_IRQHandler                         0x080058ad   Thumb Code     6  stm32f1xx_it.o(i.UART4_IRQHandler)
    UART5_IRQHandler                         0x080058b9   Thumb Code     6  stm32f1xx_it.o(i.UART5_IRQHandler)
    UART_Start_Receive_IT                    0x08005a9d   Thumb Code    54  stm32f1xx_hal_uart.o(i.UART_Start_Receive_IT)
    USART1_IRQHandler                        0x08005b4d   Thumb Code     6  stm32f1xx_it.o(i.USART1_IRQHandler)
    USART2_IRQHandler                        0x08005b59   Thumb Code     6  stm32f1xx_it.o(i.USART2_IRQHandler)
    USART3_IRQHandler                        0x08005b65   Thumb Code     6  stm32f1xx_it.o(i.USART3_IRQHandler)
    USBD_CDC_GetDeviceQualifierDescriptor    0x08005c4d   Thumb Code     8  usbd_cdc.o(i.USBD_CDC_GetDeviceQualifierDescriptor)
    USBD_CDC_ReceivePacket                   0x08005d11   Thumb Code    40  usbd_cdc.o(i.USBD_CDC_ReceivePacket)
    USBD_CDC_RegisterInterface               0x08005d39   Thumb Code    16  usbd_cdc.o(i.USBD_CDC_RegisterInterface)
    USBD_CDC_SetRxBuffer                     0x08005d49   Thumb Code    12  usbd_cdc.o(i.USBD_CDC_SetRxBuffer)
    USBD_CDC_SetTxBuffer                     0x08005d55   Thumb Code    16  usbd_cdc.o(i.USBD_CDC_SetTxBuffer)
    USBD_ClrClassConfig                      0x08005e11   Thumb Code    14  usbd_core.o(i.USBD_ClrClassConfig)
    USBD_CtlContinueRx                       0x08005e1f   Thumb Code    16  usbd_ioreq.o(i.USBD_CtlContinueRx)
    USBD_CtlContinueSendData                 0x08005e2f   Thumb Code    16  usbd_ioreq.o(i.USBD_CtlContinueSendData)
    USBD_CtlError                            0x08005e3f   Thumb Code    22  usbd_ctlreq.o(i.USBD_CtlError)
    USBD_CtlPrepareRx                        0x08005e55   Thumb Code    30  usbd_ioreq.o(i.USBD_CtlPrepareRx)
    USBD_CtlReceiveStatus                    0x08005e73   Thumb Code    22  usbd_ioreq.o(i.USBD_CtlReceiveStatus)
    USBD_CtlSendData                         0x08005e89   Thumb Code    26  usbd_ioreq.o(i.USBD_CtlSendData)
    USBD_CtlSendStatus                       0x08005ea3   Thumb Code    22  usbd_ioreq.o(i.USBD_CtlSendStatus)
    USBD_FS_ConfigStrDescriptor              0x08005eb9   Thumb Code    16  usbd_desc.o(i.USBD_FS_ConfigStrDescriptor)
    USBD_FS_DeviceDescriptor                 0x08005ed9   Thumb Code     8  usbd_desc.o(i.USBD_FS_DeviceDescriptor)
    USBD_FS_InterfaceStrDescriptor           0x08005ee5   Thumb Code    16  usbd_desc.o(i.USBD_FS_InterfaceStrDescriptor)
    USBD_FS_LangIDStrDescriptor              0x08005f09   Thumb Code     8  usbd_desc.o(i.USBD_FS_LangIDStrDescriptor)
    USBD_FS_ManufacturerStrDescriptor        0x08005f15   Thumb Code    16  usbd_desc.o(i.USBD_FS_ManufacturerStrDescriptor)
    USBD_FS_ProductStrDescriptor             0x08005f3d   Thumb Code    16  usbd_desc.o(i.USBD_FS_ProductStrDescriptor)
    USBD_FS_SerialStrDescriptor              0x08005f69   Thumb Code    48  usbd_desc.o(i.USBD_FS_SerialStrDescriptor)
    USBD_GetString                           0x08006089   Thumb Code    72  usbd_ctlreq.o(i.USBD_GetString)
    USBD_Init                                0x080060e9   Thumb Code    42  usbd_core.o(i.USBD_Init)
    USBD_LL_ClearStallEP                     0x08006113   Thumb Code    18  usbd_conf.o(i.USBD_LL_ClearStallEP)
    USBD_LL_CloseEP                          0x08006125   Thumb Code    18  usbd_conf.o(i.USBD_LL_CloseEP)
    USBD_LL_DataInStage                      0x08006137   Thumb Code   198  usbd_core.o(i.USBD_LL_DataInStage)
    USBD_LL_DataOutStage                     0x080061fd   Thumb Code   130  usbd_core.o(i.USBD_LL_DataOutStage)
    USBD_LL_GetRxDataSize                    0x0800627f   Thumb Code     8  usbd_conf.o(i.USBD_LL_GetRxDataSize)
    USBD_LL_Init                             0x08006289   Thumb Code   118  usbd_conf.o(i.USBD_LL_Init)
    USBD_LL_IsStallEP                        0x08006309   Thumb Code    32  usbd_conf.o(i.USBD_LL_IsStallEP)
    USBD_LL_OpenEP                           0x08006329   Thumb Code    24  usbd_conf.o(i.USBD_LL_OpenEP)
    USBD_LL_PrepareReceive                   0x08006341   Thumb Code    18  usbd_conf.o(i.USBD_LL_PrepareReceive)
    USBD_LL_Reset                            0x08006353   Thumb Code    80  usbd_core.o(i.USBD_LL_Reset)
    USBD_LL_Resume                           0x080063a3   Thumb Code    20  usbd_core.o(i.USBD_LL_Resume)
    USBD_LL_SOF                              0x080063b7   Thumb Code    24  usbd_core.o(i.USBD_LL_SOF)
    USBD_LL_SetSpeed                         0x080063cf   Thumb Code     6  usbd_core.o(i.USBD_LL_SetSpeed)
    USBD_LL_SetUSBAddress                    0x080063d5   Thumb Code    18  usbd_conf.o(i.USBD_LL_SetUSBAddress)
    USBD_LL_SetupStage                       0x080063e7   Thumb Code    90  usbd_core.o(i.USBD_LL_SetupStage)
    USBD_LL_StallEP                          0x08006441   Thumb Code    18  usbd_conf.o(i.USBD_LL_StallEP)
    USBD_LL_Start                            0x08006453   Thumb Code    18  usbd_conf.o(i.USBD_LL_Start)
    USBD_LL_Suspend                          0x08006465   Thumb Code    18  usbd_core.o(i.USBD_LL_Suspend)
    USBD_LL_Transmit                         0x08006477   Thumb Code    18  usbd_conf.o(i.USBD_LL_Transmit)
    USBD_ParseSetupRequest                   0x08006489   Thumb Code    40  usbd_ctlreq.o(i.USBD_ParseSetupRequest)
    USBD_RegisterClass                       0x080064b1   Thumb Code    16  usbd_core.o(i.USBD_RegisterClass)
    USBD_SetClassConfig                      0x080064c1   Thumb Code    22  usbd_core.o(i.USBD_SetClassConfig)
    USBD_Start                               0x0800655d   Thumb Code    10  usbd_core.o(i.USBD_Start)
    USBD_StdDevReq                           0x08006567   Thumb Code   274  usbd_ctlreq.o(i.USBD_StdDevReq)
    USBD_StdEPReq                            0x08006679   Thumb Code   336  usbd_ctlreq.o(i.USBD_StdEPReq)
    USBD_StdItfReq                           0x080067c9   Thumb Code    78  usbd_ctlreq.o(i.USBD_StdItfReq)
    USBD_static_free                         0x08006817   Thumb Code     2  usbd_conf.o(i.USBD_static_free)
    USBD_static_malloc                       0x08006819   Thumb Code     4  usbd_conf.o(i.USBD_static_malloc)
    USB_ActivateEndpoint                     0x08006821   Thumb Code   668  stm32f1xx_ll_usb.o(i.USB_ActivateEndpoint)
    USB_CoreInit                             0x08006abd   Thumb Code     4  stm32f1xx_ll_usb.o(i.USB_CoreInit)
    USB_DeactivateEndpoint                   0x08006ac1   Thumb Code   270  stm32f1xx_ll_usb.o(i.USB_DeactivateEndpoint)
    USB_DevConnect                           0x08006bcf   Thumb Code     4  stm32f1xx_ll_usb.o(i.USB_DevConnect)
    USB_DevDisconnect                        0x08006bd3   Thumb Code     4  stm32f1xx_ll_usb.o(i.USB_DevDisconnect)
    USB_DevInit                              0x08006bd7   Thumb Code    18  stm32f1xx_ll_usb.o(i.USB_DevInit)
    USB_DisableGlobalInt                     0x08006be9   Thumb Code    14  stm32f1xx_ll_usb.o(i.USB_DisableGlobalInt)
    USB_EP0_OutStart                         0x08006bf7   Thumb Code     4  stm32f1xx_ll_usb.o(i.USB_EP0_OutStart)
    USB_EPClearStall                         0x08006bfb   Thumb Code   120  stm32f1xx_ll_usb.o(i.USB_EPClearStall)
    USB_EPSetStall                           0x08006c73   Thumb Code    50  stm32f1xx_ll_usb.o(i.USB_EPSetStall)
    USB_EPStartXfer                          0x08006ca5   Thumb Code  1250  stm32f1xx_ll_usb.o(i.USB_EPStartXfer)
    USB_EnableGlobalInt                      0x08007187   Thumb Code    18  stm32f1xx_ll_usb.o(i.USB_EnableGlobalInt)
    USB_LP_CAN1_RX0_IRQHandler               0x08007199   Thumb Code     6  stm32f1xx_it.o(i.USB_LP_CAN1_RX0_IRQHandler)
    USB_ReadInterrupts                       0x080071a5   Thumb Code     6  stm32f1xx_ll_usb.o(i.USB_ReadInterrupts)
    USB_ReadPMA                              0x080071ad   Thumb Code    44  stm32f1xx_ll_usb.o(i.USB_ReadPMA)
    USB_SetCurrentMode                       0x080071d9   Thumb Code     4  stm32f1xx_ll_usb.o(i.USB_SetCurrentMode)
    USB_SetDevAddress                        0x080071dd   Thumb Code    12  stm32f1xx_ll_usb.o(i.USB_SetDevAddress)
    USB_WritePMA                             0x080071e9   Thumb Code    38  stm32f1xx_ll_usb.o(i.USB_WritePMA)
    UsageFault_Handler                       0x0800720f   Thumb Code     2  stm32f1xx_it.o(i.UsageFault_Handler)
    User_Tasks                               0x08007211   Thumb Code   272  719_user_tasks.o(i.User_Tasks)
    User_TasksCallback                       0x08007341   Thumb Code    14  freertos.o(i.User_TasksCallback)
    Vertical_Move                            0x08007351   Thumb Code    30  719_user_tasks.o(i.Vertical_Move)
    WitDelayMsRegister                       0x08007379   Thumb Code    16  drv_wit_c_sdk.o(i.WitDelayMsRegister)
    WitI2cFuncRegister                       0x0800738d   Thumb Code    22  drv_wit_c_sdk.o(i.WitI2cFuncRegister)
    WitInit                                  0x080073a9   Thumb Code    22  drv_wit_c_sdk.o(i.WitInit)
    WitReadReg                               0x080073c5   Thumb Code   320  drv_wit_c_sdk.o(i.WitReadReg)
    WitRegisterCallBack                      0x08007515   Thumb Code    16  drv_wit_c_sdk.o(i.WitRegisterCallBack)
    XYZ_Velocity_Set                         0x08007529   Thumb Code  1122  comprehensive_hope_set.o(i.XYZ_Velocity_Set)
    __0printf                                0x08007995   Thumb Code    22  printfa.o(i.__0printf)
    __1printf                                0x08007995   Thumb Code     0  printfa.o(i.__0printf)
    __2printf                                0x08007995   Thumb Code     0  printfa.o(i.__0printf)
    __c89printf                              0x08007995   Thumb Code     0  printfa.o(i.__0printf)
    printf                                   0x08007995   Thumb Code     0  printfa.o(i.__0printf)
    __scatterload_copy                       0x08007a01   Thumb Code    14  handlers.o(i.__scatterload_copy)
    __scatterload_null                       0x08007a0f   Thumb Code     2  handlers.o(i.__scatterload_null)
    __scatterload_zeroinit                   0x08007a11   Thumb Code    14  handlers.o(i.__scatterload_zeroinit)
    fourCharToInt                            0x080082bd   Thumb Code    14  drv_of.o(i.fourCharToInt)
    fputc                                    0x080082cd   Thumb Code    20  usart.o(i.fputc)
    get_rc_data                              0x080082e5   Thumb Code    56  drv_ppm.o(i.get_rc_data)
    length_limit                             0x08008325   Thumb Code   110  comprehensive_hope_set.o(i.length_limit)
    main                                     0x08008393   Thumb Code    82  main.o(i.main)
    my_deadzone                              0x080083e5   Thumb Code    54  comprehensive_hope_set.o(i.my_deadzone)
    my_sqrt                                  0x0800841b   Thumb Code    18  comprehensive_hope_set.o(i.my_sqrt)
    my_sqrt_reciprocal                       0x0800842d   Thumb Code    82  comprehensive_hope_set.o(i.my_sqrt_reciprocal)
    osDelay                                  0x08008485   Thumb Code    46  cmsis_os2.o(i.osDelay)
    osEventFlagsClear                        0x080084b9   Thumb Code    82  cmsis_os2.o(i.osEventFlagsClear)
    osEventFlagsNew                          0x08008511   Thumb Code    64  cmsis_os2.o(i.osEventFlagsNew)
    osEventFlagsSet                          0x08008555   Thumb Code    98  cmsis_os2.o(i.osEventFlagsSet)
    osEventFlagsWait                         0x080085c1   Thumb Code   118  cmsis_os2.o(i.osEventFlagsWait)
    osKernelInitialize                       0x0800863d   Thumb Code    50  cmsis_os2.o(i.osKernelInitialize)
    osKernelStart                            0x08008675   Thumb Code    58  cmsis_os2.o(i.osKernelStart)
    osMutexAcquire                           0x080086b5   Thumb Code   104  cmsis_os2.o(i.osMutexAcquire)
    osMutexNew                               0x08008721   Thumb Code   124  cmsis_os2.o(i.osMutexNew)
    osMutexRelease                           0x080087a1   Thumb Code    88  cmsis_os2.o(i.osMutexRelease)
    osThreadNew                              0x080087fd   Thumb Code   160  cmsis_os2.o(i.osThreadNew)
    osTimerNew                               0x080088a1   Thumb Code   124  cmsis_os2.o(i.osTimerNew)
    osTimerStart                             0x08008925   Thumb Code    70  cmsis_os2.o(i.osTimerStart)
    pvPortMalloc                             0x08009125   Thumb Code   210  heap_4.o(i.pvPortMalloc)
    pvTaskIncrementMutexHeldCount            0x080091fd   Thumb Code    18  tasks.o(i.pvTaskIncrementMutexHeldCount)
    pvTimerGetTimerID                        0x08009215   Thumb Code    36  timers.o(i.pvTimerGetTimerID)
    pxPortInitialiseStack                    0x08009239   Thumb Code    32  port.o(i.pxPortInitialiseStack)
    systerm_init                             0x0800925d   Thumb Code   124  systerm.o(i.systerm_init)
    twoCharToshort                           0x08009311   Thumb Code    12  drv_of.o(i.twoCharToshort)
    uxListRemove                             0x0800931d   Thumb Code    38  list.o(i.uxListRemove)
    uxTaskResetEventItemValue                0x08009345   Thumb Code    20  tasks.o(i.uxTaskResetEventItemValue)
    vApplicationGetIdleTaskMemory            0x0800935d   Thumb Code    16  cmsis_os2.o(i.vApplicationGetIdleTaskMemory)
    vApplicationGetTimerTaskMemory           0x08009371   Thumb Code    18  cmsis_os2.o(i.vApplicationGetTimerTaskMemory)
    vEventGroupClearBitsCallback             0x08009389   Thumb Code     4  event_groups.o(i.vEventGroupClearBitsCallback)
    vEventGroupSetBitsCallback               0x0800938d   Thumb Code     4  event_groups.o(i.vEventGroupSetBitsCallback)
    vListInitialise                          0x08009391   Thumb Code    22  list.o(i.vListInitialise)
    vListInitialiseItem                      0x080093a7   Thumb Code     6  list.o(i.vListInitialiseItem)
    vListInsert                              0x080093ad   Thumb Code    48  list.o(i.vListInsert)
    vListInsertEnd                           0x080093dd   Thumb Code    24  list.o(i.vListInsertEnd)
    vPortEnterCritical                       0x080093f5   Thumb Code    54  port.o(i.vPortEnterCritical)
    vPortExitCritical                        0x08009435   Thumb Code    34  port.o(i.vPortExitCritical)
    vPortFree                                0x0800945d   Thumb Code    88  heap_4.o(i.vPortFree)
    vPortSetupTimerInterrupt                 0x080094b9   Thumb Code    32  port.o(i.vPortSetupTimerInterrupt)
    vPortValidateInterruptPriority           0x080094dd   Thumb Code    74  port.o(i.vPortValidateInterruptPriority)
    vQueueAddToRegistry                      0x08009531   Thumb Code    34  queue.o(i.vQueueAddToRegistry)
    vQueueWaitForMessageRestricted           0x08009559   Thumb Code    68  queue.o(i.vQueueWaitForMessageRestricted)
    vTaskDelay                               0x0800959d   Thumb Code    66  tasks.o(i.vTaskDelay)
    vTaskInternalSetTimeOutState             0x080095e9   Thumb Code    12  tasks.o(i.vTaskInternalSetTimeOutState)
    vTaskMissedYield                         0x080095f9   Thumb Code     8  tasks.o(i.vTaskMissedYield)
    vTaskPlaceOnEventList                    0x08009605   Thumb Code    44  tasks.o(i.vTaskPlaceOnEventList)
    vTaskPlaceOnEventListRestricted          0x08009635   Thumb Code    52  tasks.o(i.vTaskPlaceOnEventListRestricted)
    vTaskPlaceOnUnorderedEventList           0x0800966d   Thumb Code    76  tasks.o(i.vTaskPlaceOnUnorderedEventList)
    vTaskPriorityDisinheritAfterTimeout      0x080096bd   Thumb Code   134  tasks.o(i.vTaskPriorityDisinheritAfterTimeout)
    vTaskRemoveFromUnorderedEventList        0x0800974d   Thumb Code   102  tasks.o(i.vTaskRemoveFromUnorderedEventList)
    vTaskStartScheduler                      0x080097bd   Thumb Code   118  tasks.o(i.vTaskStartScheduler)
    vTaskSuspendAll                          0x08009845   Thumb Code    10  tasks.o(i.vTaskSuspendAll)
    vTaskSwitchContext                       0x08009855   Thumb Code    90  tasks.o(i.vTaskSwitchContext)
    ws2812_Server                            0x080098b9   Thumb Code    20  drv_ws2812.o(i.ws2812_Server)
    ws2812_example                           0x080098cd   Thumb Code    84  drv_ws2812.o(i.ws2812_example)
    ws2812_set_RGB                           0x08009929   Thumb Code    80  drv_ws2812.o(i.ws2812_set_RGB)
    xEventGroupClearBits                     0x0800997d   Thumb Code    64  event_groups.o(i.xEventGroupClearBits)
    xEventGroupClearBitsFromISR              0x080099bd   Thumb Code    12  event_groups.o(i.xEventGroupClearBitsFromISR)
    xEventGroupCreate                        0x080099cd   Thumb Code    28  event_groups.o(i.xEventGroupCreate)
    xEventGroupCreateStatic                  0x080099e9   Thumb Code    44  event_groups.o(i.xEventGroupCreateStatic)
    xEventGroupGetBitsFromISR                0x08009a15   Thumb Code    26  event_groups.o(i.xEventGroupGetBitsFromISR)
    xEventGroupSetBits                       0x08009a2f   Thumb Code   140  event_groups.o(i.xEventGroupSetBits)
    xEventGroupSetBitsFromISR                0x08009abd   Thumb Code    12  event_groups.o(i.xEventGroupSetBitsFromISR)
    xEventGroupWaitBits                      0x08009acd   Thumb Code   260  event_groups.o(i.xEventGroupWaitBits)
    xPortStartScheduler                      0x08009bd5   Thumb Code   154  port.o(i.xPortStartScheduler)
    xQueueCreateMutex                        0x08009c7d   Thumb Code    22  queue.o(i.xQueueCreateMutex)
    xQueueCreateMutexStatic                  0x08009c93   Thumb Code    26  queue.o(i.xQueueCreateMutexStatic)
    xQueueGenericCreate                      0x08009cad   Thumb Code    72  queue.o(i.xQueueGenericCreate)
    xQueueGenericCreateStatic                0x08009cf5   Thumb Code   102  queue.o(i.xQueueGenericCreateStatic)
    xQueueGenericReset                       0x08009d5d   Thumb Code   132  queue.o(i.xQueueGenericReset)
    xQueueGenericSend                        0x08009de5   Thumb Code   346  queue.o(i.xQueueGenericSend)
    xQueueGenericSendFromISR                 0x08009f45   Thumb Code   188  queue.o(i.xQueueGenericSendFromISR)
    xQueueGiveMutexRecursive                 0x0800a001   Thumb Code    62  queue.o(i.xQueueGiveMutexRecursive)
    xQueueReceive                            0x0800a041   Thumb Code   308  queue.o(i.xQueueReceive)
    xQueueSemaphoreTake                      0x0800a179   Thumb Code   372  queue.o(i.xQueueSemaphoreTake)
    xQueueTakeMutexRecursive                 0x0800a2f1   Thumb Code    64  queue.o(i.xQueueTakeMutexRecursive)
    xTaskCheckForTimeOut                     0x0800a331   Thumb Code   112  tasks.o(i.xTaskCheckForTimeOut)
    xTaskCreate                              0x0800a3a5   Thumb Code    90  tasks.o(i.xTaskCreate)
    xTaskCreateStatic                        0x0800a3ff   Thumb Code    86  tasks.o(i.xTaskCreateStatic)
    xTaskGetCurrentTaskHandle                0x0800a455   Thumb Code     6  tasks.o(i.xTaskGetCurrentTaskHandle)
    xTaskGetSchedulerState                   0x0800a461   Thumb Code    22  tasks.o(i.xTaskGetSchedulerState)
    xTaskGetTickCount                        0x0800a47d   Thumb Code     6  tasks.o(i.xTaskGetTickCount)
    xTaskIncrementTick                       0x0800a489   Thumb Code   190  tasks.o(i.xTaskIncrementTick)
    xTaskPriorityDisinherit                  0x0800a551   Thumb Code   118  tasks.o(i.xTaskPriorityDisinherit)
    xTaskPriorityInherit                     0x0800a5d1   Thumb Code   112  tasks.o(i.xTaskPriorityInherit)
    xTaskRemoveFromEventList                 0x0800a649   Thumb Code    98  tasks.o(i.xTaskRemoveFromEventList)
    xTaskResumeAll                           0x0800a6b9   Thumb Code   182  tasks.o(i.xTaskResumeAll)
    xTimerCreate                             0x0800a77d   Thumb Code    52  timers.o(i.xTimerCreate)
    xTimerCreateStatic                       0x0800a7b1   Thumb Code    46  timers.o(i.xTimerCreateStatic)
    xTimerCreateTimerTask                    0x0800a7e1   Thumb Code    78  timers.o(i.xTimerCreateTimerTask)
    xTimerGenericCommand                     0x0800a841   Thumb Code    98  timers.o(i.xTimerGenericCommand)
    xTimerPendFunctionCallFromISR            0x0800a8a9   Thumb Code    34  timers.o(i.xTimerPendFunctionCallFromISR)
    ClassisTask_attributes                   0x0800a8d0   Data          36  freertos.o(.constdata)
    SensorTask_attributes                    0x0800a8f4   Data          36  freertos.o(.constdata)
    TriflesTask_attributes                   0x0800a918   Data          36  freertos.o(.constdata)
    ThreadsTimer_attributes                  0x0800a93c   Data          16  freertos.o(.constdata)
    User_TasksTimer_attributes               0x0800a94c   Data          16  freertos.o(.constdata)
    LedTimer_attributes                      0x0800a95c   Data          16  freertos.o(.constdata)
    ChassisMutex_attributes                  0x0800a96c   Data          16  freertos.o(.constdata)
    SensorMutex_attributes                   0x0800a97c   Data          16  freertos.o(.constdata)
    TriflesMutex_attributes                  0x0800a98c   Data          16  freertos.o(.constdata)
    ClassisEvent_attributes                  0x0800a99c   Data          16  freertos.o(.constdata)
    SensorEvent_attributes                   0x0800a9ac   Data          16  freertos.o(.constdata)
    TriflesEvent_attributes                  0x0800a9bc   Data          16  freertos.o(.constdata)
    AHBPrescTable                            0x0800a9de   Data          16  system_stm32f1xx.o(.constdata)
    APBPrescTable                            0x0800a9ee   Data           8  system_stm32f1xx.o(.constdata)
    Region$$Table$$Base                      0x0800ae3c   Number         0  anon$$obj.o(Region$$Table)
    Region$$Table$$Limit                     0x0800ae5c   Number         0  anon$$obj.o(Region$$Table)
    ClassisTaskHandle                        0x20000000   Data           4  freertos.o(.data)
    SensorTaskHandle                         0x20000004   Data           4  freertos.o(.data)
    TriflesTaskHandle                        0x20000008   Data           4  freertos.o(.data)
    ThreadsTimerHandle                       0x2000000c   Data           4  freertos.o(.data)
    User_TasksTimerHandle                    0x20000010   Data           4  freertos.o(.data)
    LedTimerHandle                           0x20000014   Data           4  freertos.o(.data)
    ChassisMutexHandle                       0x20000018   Data           4  freertos.o(.data)
    SensorMutexHandle                        0x2000001c   Data           4  freertos.o(.data)
    TriflesMutexHandle                       0x20000020   Data           4  freertos.o(.data)
    ClassisEventHandle                       0x20000024   Data           4  freertos.o(.data)
    SensorEventHandle                        0x20000028   Data           4  freertos.o(.data)
    TriflesEventHandle                       0x2000002c   Data           4  freertos.o(.data)
    SBUS_FLAG                                0x20000030   Data           1  usart.o(.data)
    USART1_RXbuff                            0x20000035   Data           1  usart.o(.data)
    USART2_RXbuff                            0x20000036   Data           1  usart.o(.data)
    USART3_RXbuff                            0x20000037   Data           1  usart.o(.data)
    USART4_RXbuff                            0x20000038   Data           1  usart.o(.data)
    USART5_RXbuff                            0x20000039   Data           1  usart.o(.data)
    uwTickFreq                               0x2000003c   Data           1  stm32f1xx_hal.o(.data)
    uwTickPrio                               0x20000040   Data           4  stm32f1xx_hal.o(.data)
    uwTick                                   0x20000044   Data           4  stm32f1xx_hal.o(.data)
    SystemCoreClock                          0x20000048   Data           4  system_stm32f1xx.o(.data)
    pxCurrentTCB                             0x2000004c   Data           4  tasks.o(.data)
    FS_Desc                                  0x200000c4   Data          28  usbd_desc.o(.data)
    USBD_LangIDDesc                          0x200000e0   Data           4  usbd_desc.o(.data)
    USBD_FS_DeviceDesc                       0x200000e4   Data          18  usbd_desc.o(.data)
    USBD_StringSerial                        0x200000f8   Data          26  usbd_desc.o(.data)
    USBD_Interface_fops_FS                   0x20000114   Data          16  usbd_cdc_if.o(.data)
    USBD_CDC_CfgHSDesc                       0x20000134   Data          67  usbd_cdc.o(.data)
    USBD_CDC_CfgFSDesc                       0x20000178   Data          67  usbd_cdc.o(.data)
    USBD_CDC_OtherSpeedCfgDesc               0x200001bc   Data          67  usbd_cdc.o(.data)
    USBD_CDC                                 0x20000200   Data          56  usbd_cdc.o(.data)
    usb_rec_flag                             0x2000026c   Data           4  719_dt.o(.data)
    echo                                     0x200002bc   Data           4  drv_echo.o(.data)
    __stdout                                 0x200002c0   Data           4  stdout.o(.data)
    htim3                                    0x200002c4   Data          72  tim.o(.bss)
    htim4                                    0x2000030c   Data          72  tim.o(.bss)
    htim5                                    0x20000354   Data          72  tim.o(.bss)
    htim7                                    0x2000039c   Data          72  tim.o(.bss)
    htim8                                    0x200003e4   Data          72  tim.o(.bss)
    hdma_tim8_ch4_trig_com                   0x2000042c   Data          68  tim.o(.bss)
    huart4                                   0x20000490   Data          72  usart.o(.bss)
    huart5                                   0x200004d8   Data          72  usart.o(.bss)
    huart1                                   0x20000520   Data          72  usart.o(.bss)
    huart2                                   0x20000568   Data          72  usart.o(.bss)
    huart3                                   0x200005b0   Data          72  usart.o(.bss)
    rc_in                                    0x200005f8   Data          76  usart.o(.bss)
    htim6                                    0x20000660   Data          72  stm32f1xx_hal_timebase_tim.o(.bss)
    xQueueRegistry                           0x200006a8   Data          64  queue.o(.bss)
    hUsbDeviceFS                             0x20001f7c   Data         708  usb_device.o(.bss)
    USBD_StrDesc                             0x20002240   Data         512  usbd_desc.o(.bss)
    UserRxBufferFS                           0x20002440   Data        1024  usbd_cdc_if.o(.bss)
    UserTxBufferFS                           0x20002840   Data        1024  usbd_cdc_if.o(.bss)
    usbtemp                                  0x20002c40   Data          64  usbd_cdc_if.o(.bss)
    hpcd_USB_FS                              0x20002ea0   Data         752  usbd_conf.o(.bss)
    classis                                  0x200036c0   Data         436  719_interface.o(.bss)
    usb_PID                                  0x20003908   Data         144  719_dt.o(.bss)
    RGB_buffur                               0x20003d90   Data         288  drv_ws2812.o(.bss)
    KF                                       0x20003ee4   Data          24  drv_echo.o(.bss)
    __initial_sp                             0x20004300   Data           0  startup_stm32f103xe.o(STACK)



==============================================================================

Memory Map of the image

  Image Entry point : 0x08000131

  Load Region LR_IROM1 (Base: 0x08000000, Size: 0x0000b120, Max: 0x00040000, ABSOLUTE, COMPRESSED[0x0000af2c])

    Execution Region ER_IROM1 (Exec base: 0x08000000, Load base: 0x08000000, Size: 0x0000ae5c, Max: 0x00040000, ABSOLUTE)

    Exec Addr    Load Addr    Size         Type   Attr      Idx    E Section Name        Object

    0x08000000   0x08000000   0x00000130   Data   RO            3    RESET               startup_stm32f103xe.o
    0x08000130   0x08000130   0x00000000   Code   RO         6924  * .ARM.Collect$$$$00000000  mc_w.l(entry.o)
    0x08000130   0x08000130   0x00000004   Code   RO         7218    .ARM.Collect$$$$00000001  mc_w.l(entry2.o)
    0x08000134   0x08000134   0x00000004   Code   RO         7221    .ARM.Collect$$$$00000004  mc_w.l(entry5.o)
    0x08000138   0x08000138   0x00000000   Code   RO         7223    .ARM.Collect$$$$00000008  mc_w.l(entry7b.o)
    0x08000138   0x08000138   0x00000000   Code   RO         7225    .ARM.Collect$$$$0000000A  mc_w.l(entry8b.o)
    0x08000138   0x08000138   0x00000008   Code   RO         7226    .ARM.Collect$$$$0000000B  mc_w.l(entry9a.o)
    0x08000140   0x08000140   0x00000004   Code   RO         7233    .ARM.Collect$$$$0000000E  mc_w.l(entry12b.o)
    0x08000144   0x08000144   0x00000000   Code   RO         7228    .ARM.Collect$$$$0000000F  mc_w.l(entry10a.o)
    0x08000144   0x08000144   0x00000000   Code   RO         7230    .ARM.Collect$$$$00000011  mc_w.l(entry11a.o)
    0x08000144   0x08000144   0x00000004   Code   RO         7219    .ARM.Collect$$$$00002712  mc_w.l(entry2.o)
    0x08000148   0x08000148   0x00000096   Code   RO         5311    .emb_text           port.o
    0x080001de   0x080001de   0x00000002   PAD
    0x080001e0   0x080001e0   0x00000024   Code   RO            4    .text               startup_stm32f103xe.o
    0x08000204   0x08000204   0x00000020   Code   RO         6927    .text               mc_w.l(llushr.o)
    0x08000224   0x08000224   0x00000024   Code   RO         6929    .text               mc_w.l(memcpya.o)
    0x08000248   0x08000248   0x00000024   Code   RO         6933    .text               mc_w.l(memseta.o)
    0x0800026c   0x0800026c   0x000000b0   Code   RO         7198    .text               mf_w.l(fadd.o)
    0x0800031c   0x0800031c   0x00000064   Code   RO         7200    .text               mf_w.l(fmul.o)
    0x08000380   0x08000380   0x0000007c   Code   RO         7202    .text               mf_w.l(fdiv.o)
    0x080003fc   0x080003fc   0x00000018   Code   RO         7204    .text               mf_w.l(fscalb.o)
    0x08000414   0x08000414   0x00000012   Code   RO         7206    .text               mf_w.l(fflti.o)
    0x08000426   0x08000426   0x0000000a   Code   RO         7208    .text               mf_w.l(ffltui.o)
    0x08000430   0x08000430   0x00000032   Code   RO         7210    .text               mf_w.l(ffixi.o)
    0x08000462   0x08000462   0x00000002   PAD
    0x08000464   0x08000464   0x00000014   Code   RO         7214    .text               mf_w.l(cfcmple.o)
    0x08000478   0x08000478   0x00000014   Code   RO         7216    .text               mf_w.l(cfrcmple.o)
    0x0800048c   0x0800048c   0x0000002c   Code   RO         7235    .text               mc_w.l(uidiv.o)
    0x080004b8   0x080004b8   0x00000062   Code   RO         7237    .text               mc_w.l(uldiv.o)
    0x0800051a   0x0800051a   0x00000000   Code   RO         7239    .text               mc_w.l(iusefp.o)
    0x0800051a   0x0800051a   0x0000006e   Code   RO         7240    .text               mf_w.l(fepilogue.o)
    0x08000588   0x08000588   0x0000014e   Code   RO         7242    .text               mf_w.l(dadd.o)
    0x080006d6   0x080006d6   0x000000e4   Code   RO         7244    .text               mf_w.l(dmul.o)
    0x080007ba   0x080007ba   0x000000de   Code   RO         7246    .text               mf_w.l(ddiv.o)
    0x08000898   0x08000898   0x00000030   Code   RO         7248    .text               mf_w.l(dfixul.o)
    0x080008c8   0x080008c8   0x00000030   Code   RO         7250    .text               mf_w.l(cdrcmple.o)
    0x080008f8   0x080008f8   0x00000024   Code   RO         7252    .text               mc_w.l(init.o)
    0x0800091c   0x0800091c   0x0000001e   Code   RO         7254    .text               mc_w.l(llshl.o)
    0x0800093a   0x0800093a   0x00000024   Code   RO         7256    .text               mc_w.l(llsshr.o)
    0x0800095e   0x0800095e   0x000000ba   Code   RO         7258    .text               mf_w.l(depilogue.o)
    0x08000a18   0x08000a18   0x00000056   Code   RO         7268    .text               mc_w.l(__dczerorl2.o)
    0x08000a6e   0x08000a6e   0x00000002   PAD
    0x08000a70   0x08000a70   0x000000cc   Code   RO         6159    i.AltControl_1      719_fc.o
    0x08000b3c   0x08000b3c   0x000000b0   Code   RO         6160    i.AltControl_2      719_fc.o
    0x08000bec   0x08000bec   0x000000f4   Code   RO         6161    i.AttControl_1      719_fc.o
    0x08000ce0   0x08000ce0   0x00000198   Code   RO         6162    i.AttControl_2      719_fc.o
    0x08000e78   0x08000e78   0x000000a8   Code   RO         6489    i.AutoScanSensor    drv_imu.o
    0x08000f20   0x08000f20   0x00000002   Code   RO          739    i.BusFault_Handler  stm32f1xx_it.o
    0x08000f22   0x08000f22   0x00000004   Code   RO         5508    i.CDC_Control_FS    usbd_cdc_if.o
    0x08000f26   0x08000f26   0x00000004   Code   RO         5509    i.CDC_DeInit_FS     usbd_cdc_if.o
    0x08000f2a   0x08000f2a   0x00000002   PAD
    0x08000f2c   0x08000f2c   0x00000024   Code   RO         5510    i.CDC_Init_FS       usbd_cdc_if.o
    0x08000f50   0x08000f50   0x00000018   Code   RO         5511    i.CDC_Receive_FS    usbd_cdc_if.o
    0x08000f68   0x08000f68   0x00000160   Code   RO         6337    i.Classis_Interface_in  719_interface.o
    0x080010c8   0x080010c8   0x00000160   Code   RO         6338    i.Classis_Interface_out  719_interface.o
    0x08001228   0x08001228   0x00000084   Code   RO         6163    i.Control_Server    719_fc.o
    0x080012ac   0x080012ac   0x0000004c   Code   RO         6490    i.CopeSensorData    drv_imu.o
    0x080012f8   0x080012f8   0x0000000c   Code   RO          740    i.DMA2_Channel2_IRQHandler  stm32f1xx_it.o
    0x08001304   0x08001304   0x0000002a   Code   RO         1801    i.DMA_SetConfig     stm32f1xx_hal_dma.o
    0x0800132e   0x0800132e   0x00000002   Code   RO          741    i.DebugMon_Handler  stm32f1xx_it.o
    0x08001330   0x08001330   0x00000004   Code   RO         6491    i.Delayms           drv_imu.o
    0x08001334   0x08001334   0x00000006   Code   RO          742    i.EXTI9_5_IRQHandler  stm32f1xx_it.o
    0x0800133a   0x0800133a   0x00000002   PAD
    0x0800133c   0x0800133c   0x00000060   Code   RO         6841    i.Echo_GetOneByte   drv_echo.o
    0x0800139c   0x0800139c   0x0000001c   Code   RO         6842    i.Echo_init         drv_echo.o
    0x080013b8   0x080013b8   0x00000004   Code   RO          346    i.Error_Handler     main.o
    0x080013bc   0x080013bc   0x00000040   Code   RO         6492    i.Get_ImuData_Init  drv_imu.o
    0x080013fc   0x080013fc   0x00000170   Code   RO         6493    i.Get_ImuData_Server  drv_imu.o
    0x0800156c   0x0800156c   0x00000046   Code   RO         1802    i.HAL_DMA_Abort     stm32f1xx_hal_dma.o
    0x080015b2   0x080015b2   0x00000002   PAD
    0x080015b4   0x080015b4   0x00000130   Code   RO         1803    i.HAL_DMA_Abort_IT  stm32f1xx_hal_dma.o
    0x080016e4   0x080016e4   0x00000248   Code   RO         1807    i.HAL_DMA_IRQHandler  stm32f1xx_hal_dma.o
    0x0800192c   0x0800192c   0x0000007c   Code   RO         1808    i.HAL_DMA_Init      stm32f1xx_hal_dma.o
    0x080019a8   0x080019a8   0x00000070   Code   RO         1812    i.HAL_DMA_Start_IT  stm32f1xx_hal_dma.o
    0x08001a18   0x08001a18   0x00000024   Code   RO         1428    i.HAL_Delay         stm32f1xx_hal.o
    0x08001a3c   0x08001a3c   0x0000004c   Code   RO         6604    i.HAL_GPIO_EXTI_Callback  drv_ppm.o
    0x08001a88   0x08001a88   0x00000018   Code   RO         1737    i.HAL_GPIO_EXTI_IRQHandler  stm32f1xx_hal_gpio.o
    0x08001aa0   0x08001aa0   0x000001f8   Code   RO         1738    i.HAL_GPIO_Init     stm32f1xx_hal_gpio.o
    0x08001c98   0x08001c98   0x0000000a   Code   RO         1740    i.HAL_GPIO_ReadPin  stm32f1xx_hal_gpio.o
    0x08001ca2   0x08001ca2   0x0000000a   Code   RO         1742    i.HAL_GPIO_WritePin  stm32f1xx_hal_gpio.o
    0x08001cac   0x08001cac   0x0000000c   Code   RO         1432    i.HAL_GetTick       stm32f1xx_hal.o
    0x08001cb8   0x08001cb8   0x00000010   Code   RO         1438    i.HAL_IncTick       stm32f1xx_hal.o
    0x08001cc8   0x08001cc8   0x00000024   Code   RO         1439    i.HAL_Init          stm32f1xx_hal.o
    0x08001cec   0x08001cec   0x00000098   Code   RO          881    i.HAL_InitTick      stm32f1xx_hal_timebase_tim.o
    0x08001d84   0x08001d84   0x00000048   Code   RO          857    i.HAL_MspInit       stm32f1xx_hal_msp.o
    0x08001dcc   0x08001dcc   0x0000001a   Code   RO         1898    i.HAL_NVIC_EnableIRQ  stm32f1xx_hal_cortex.o
    0x08001de6   0x08001de6   0x00000002   PAD
    0x08001de8   0x08001de8   0x00000040   Code   RO         1904    i.HAL_NVIC_SetPriority  stm32f1xx_hal_cortex.o
    0x08001e28   0x08001e28   0x00000024   Code   RO         1905    i.HAL_NVIC_SetPriorityGrouping  stm32f1xx_hal_cortex.o
    0x08001e4c   0x08001e4c   0x0000003c   Code   RO         1195    i.HAL_PCDEx_PMAConfig  stm32f1xx_hal_pcd_ex.o
    0x08001e88   0x08001e88   0x00000002   Code   RO         5578    i.HAL_PCDEx_SetConnectionState  usbd_conf.o
    0x08001e8a   0x08001e8a   0x00000012   Code   RO         5580    i.HAL_PCD_DataInStageCallback  usbd_conf.o
    0x08001e9c   0x08001e9c   0x00000014   Code   RO         5581    i.HAL_PCD_DataOutStageCallback  usbd_conf.o
    0x08001eb0   0x08001eb0   0x0000004c   Code   RO          966    i.HAL_PCD_EP_Close  stm32f1xx_hal_pcd.o
    0x08001efc   0x08001efc   0x0000005c   Code   RO          967    i.HAL_PCD_EP_ClrStall  stm32f1xx_hal_pcd.o
    0x08001f58   0x08001f58   0x000000e6   Code   RO          968    i.HAL_PCD_EP_DB_Receive  stm32f1xx_hal_pcd.o
    0x0800203e   0x0800203e   0x00000338   Code   RO          969    i.HAL_PCD_EP_DB_Transmit  stm32f1xx_hal_pcd.o
    0x08002376   0x08002376   0x00000012   Code   RO          971    i.HAL_PCD_EP_GetRxCount  stm32f1xx_hal_pcd.o
    0x08002388   0x08002388   0x0000005a   Code   RO          972    i.HAL_PCD_EP_Open   stm32f1xx_hal_pcd.o
    0x080023e2   0x080023e2   0x0000002e   Code   RO          973    i.HAL_PCD_EP_Receive  stm32f1xx_hal_pcd.o
    0x08002410   0x08002410   0x00000072   Code   RO          974    i.HAL_PCD_EP_SetStall  stm32f1xx_hal_pcd.o
    0x08002482   0x08002482   0x00000030   Code   RO          975    i.HAL_PCD_EP_Transmit  stm32f1xx_hal_pcd.o
    0x080024b2   0x080024b2   0x00000002   PAD
    0x080024b4   0x080024b4   0x00000134   Code   RO          977    i.HAL_PCD_IRQHandler  stm32f1xx_hal_pcd.o
    0x080025e8   0x080025e8   0x000000da   Code   RO          980    i.HAL_PCD_Init      stm32f1xx_hal_pcd.o
    0x080026c2   0x080026c2   0x00000002   PAD
    0x080026c4   0x080026c4   0x0000003c   Code   RO         5586    i.HAL_PCD_MspInit   usbd_conf.o
    0x08002700   0x08002700   0x00000026   Code   RO         5587    i.HAL_PCD_ResetCallback  usbd_conf.o
    0x08002726   0x08002726   0x00000008   Code   RO         5588    i.HAL_PCD_ResumeCallback  usbd_conf.o
    0x0800272e   0x0800272e   0x00000008   Code   RO         5589    i.HAL_PCD_SOFCallback  usbd_conf.o
    0x08002736   0x08002736   0x00000028   Code   RO          986    i.HAL_PCD_SetAddress  stm32f1xx_hal_pcd.o
    0x0800275e   0x0800275e   0x0000000e   Code   RO         5590    i.HAL_PCD_SetupStageCallback  usbd_conf.o
    0x0800276c   0x0800276c   0x00000032   Code   RO          988    i.HAL_PCD_Start     stm32f1xx_hal_pcd.o
    0x0800279e   0x0800279e   0x00000002   PAD
    0x080027a0   0x080027a0   0x00000024   Code   RO         5591    i.HAL_PCD_SuspendCallback  usbd_conf.o
    0x080027c4   0x080027c4   0x000000ec   Code   RO         1700    i.HAL_RCCEx_PeriphCLKConfig  stm32f1xx_hal_rcc_ex.o
    0x080028b0   0x080028b0   0x0000012c   Code   RO         1596    i.HAL_RCC_ClockConfig  stm32f1xx_hal_rcc.o
    0x080029dc   0x080029dc   0x00000040   Code   RO         1600    i.HAL_RCC_GetClockConfig  stm32f1xx_hal_rcc.o
    0x08002a1c   0x08002a1c   0x00000020   Code   RO         1603    i.HAL_RCC_GetPCLK1Freq  stm32f1xx_hal_rcc.o
    0x08002a3c   0x08002a3c   0x00000020   Code   RO         1604    i.HAL_RCC_GetPCLK2Freq  stm32f1xx_hal_rcc.o
    0x08002a5c   0x08002a5c   0x0000004c   Code   RO         1605    i.HAL_RCC_GetSysClockFreq  stm32f1xx_hal_rcc.o
    0x08002aa8   0x08002aa8   0x00000320   Code   RO         1608    i.HAL_RCC_OscConfig  stm32f1xx_hal_rcc.o
    0x08002dc8   0x08002dc8   0x00000002   Code   RO         3104    i.HAL_TIMEx_BreakCallback  stm32f1xx_hal_tim_ex.o
    0x08002dca   0x08002dca   0x00000002   Code   RO         3105    i.HAL_TIMEx_CommutCallback  stm32f1xx_hal_tim_ex.o
    0x08002dcc   0x08002dcc   0x00000054   Code   RO         3107    i.HAL_TIMEx_ConfigBreakDeadTime  stm32f1xx_hal_tim_ex.o
    0x08002e20   0x08002e20   0x0000007c   Code   RO         3123    i.HAL_TIMEx_MasterConfigSynchronization  stm32f1xx_hal_tim_ex.o
    0x08002e9c   0x08002e9c   0x0000005a   Code   RO         2400    i.HAL_TIM_Base_Init  stm32f1xx_hal_tim.o
    0x08002ef6   0x08002ef6   0x00000002   PAD
    0x08002ef8   0x08002ef8   0x000000e4   Code   RO          556    i.HAL_TIM_Base_MspInit  tim.o
    0x08002fdc   0x08002fdc   0x00000064   Code   RO         2403    i.HAL_TIM_Base_Start  stm32f1xx_hal_tim.o
    0x08003040   0x08003040   0x0000006c   Code   RO         2405    i.HAL_TIM_Base_Start_IT  stm32f1xx_hal_tim.o
    0x080030ac   0x080030ac   0x000000dc   Code   RO         2409    i.HAL_TIM_ConfigClockSource  stm32f1xx_hal_tim.o
    0x08003188   0x08003188   0x00000002   Code   RO         2430    i.HAL_TIM_ErrorCallback  stm32f1xx_hal_tim.o
    0x0800318a   0x0800318a   0x00000002   Code   RO         2434    i.HAL_TIM_IC_CaptureCallback  stm32f1xx_hal_tim.o
    0x0800318c   0x0800318c   0x00000166   Code   RO         2448    i.HAL_TIM_IRQHandler  stm32f1xx_hal_tim.o
    0x080032f2   0x080032f2   0x00000002   PAD
    0x080032f4   0x080032f4   0x0000009c   Code   RO          557    i.HAL_TIM_MspPostInit  tim.o
    0x08003390   0x08003390   0x00000002   Code   RO         2451    i.HAL_TIM_OC_DelayElapsedCallback  stm32f1xx_hal_tim.o
    0x08003392   0x08003392   0x000000cc   Code   RO         2472    i.HAL_TIM_PWM_ConfigChannel  stm32f1xx_hal_tim.o
    0x0800345e   0x0800345e   0x0000005a   Code   RO         2475    i.HAL_TIM_PWM_Init  stm32f1xx_hal_tim.o
    0x080034b8   0x080034b8   0x00000002   Code   RO         2477    i.HAL_TIM_PWM_MspInit  stm32f1xx_hal_tim.o
    0x080034ba   0x080034ba   0x00000002   PAD
    0x080034bc   0x080034bc   0x00000020   Code   RO         6792    i.HAL_TIM_PWM_PulseFinishedCallback  drv_ws2812.o
    0x080034dc   0x080034dc   0x00000002   Code   RO         2479    i.HAL_TIM_PWM_PulseFinishedHalfCpltCallback  stm32f1xx_hal_tim.o
    0x080034de   0x080034de   0x00000002   PAD
    0x080034e0   0x080034e0   0x000000b4   Code   RO         2480    i.HAL_TIM_PWM_Start  stm32f1xx_hal_tim.o
    0x08003594   0x08003594   0x000001ac   Code   RO         2481    i.HAL_TIM_PWM_Start_DMA  stm32f1xx_hal_tim.o
    0x08003740   0x08003740   0x000000cc   Code   RO         2484    i.HAL_TIM_PWM_Stop_DMA  stm32f1xx_hal_tim.o
    0x0800380c   0x0800380c   0x00000014   Code   RO          347    i.HAL_TIM_PeriodElapsedCallback  main.o
    0x08003820   0x08003820   0x00000002   Code   RO         2491    i.HAL_TIM_TriggerCallback  stm32f1xx_hal_tim.o
    0x08003822   0x08003822   0x00000002   Code   RO         3383    i.HAL_UARTEx_RxEventCallback  stm32f1xx_hal_uart.o
    0x08003824   0x08003824   0x00000002   Code   RO         3397    i.HAL_UART_ErrorCallback  stm32f1xx_hal_uart.o
    0x08003826   0x08003826   0x00000002   PAD
    0x08003828   0x08003828   0x0000026c   Code   RO         3400    i.HAL_UART_IRQHandler  stm32f1xx_hal_uart.o
    0x08003a94   0x08003a94   0x00000064   Code   RO         3401    i.HAL_UART_Init     stm32f1xx_hal_uart.o
    0x08003af8   0x08003af8   0x000001fc   Code   RO          628    i.HAL_UART_MspInit  usart.o
    0x08003cf4   0x08003cf4   0x0000001c   Code   RO         3406    i.HAL_UART_Receive_IT  stm32f1xx_hal_uart.o
    0x08003d10   0x08003d10   0x0000007c   Code   RO          629    i.HAL_UART_RxCpltCallback  usart.o
    0x08003d8c   0x08003d8c   0x0000009a   Code   RO         3409    i.HAL_UART_Transmit  stm32f1xx_hal_uart.o
    0x08003e26   0x08003e26   0x00000002   Code   RO         3412    i.HAL_UART_TxCpltCallback  stm32f1xx_hal_uart.o
    0x08003e28   0x08003e28   0x00000002   Code   RO          743    i.HardFault_Handler  stm32f1xx_it.o
    0x08003e2a   0x08003e2a   0x00000002   PAD
    0x08003e2c   0x08003e2c   0x0000003c   Code   RO          212    i.IIC_Ack           iic.o
    0x08003e68   0x08003e68   0x00000004   Code   RO          213    i.IIC_Init          iic.o
    0x08003e6c   0x08003e6c   0x00000044   Code   RO          214    i.IIC_NAck          iic.o
    0x08003eb0   0x08003eb0   0x00000070   Code   RO          215    i.IIC_Read_Byte     iic.o
    0x08003f20   0x08003f20   0x00000020   Code   RO          216    i.IIC_SDA_IN        iic.o
    0x08003f40   0x08003f40   0x00000020   Code   RO          217    i.IIC_SDA_OUT       iic.o
    0x08003f60   0x08003f60   0x00000064   Code   RO          218    i.IIC_Send_Byte     iic.o
    0x08003fc4   0x08003fc4   0x00000044   Code   RO          219    i.IIC_Start         iic.o
    0x08004008   0x08004008   0x0000003c   Code   RO          220    i.IIC_Stop          iic.o
    0x08004044   0x08004044   0x00000068   Code   RO          221    i.IIC_Wait_Ack      iic.o
    0x080040ac   0x080040ac   0x0000006a   Code   RO          222    i.IICreadBytes      iic.o
    0x08004116   0x08004116   0x00000052   Code   RO          223    i.IICwriteBytes     iic.o
    0x08004168   0x08004168   0x00000038   Code   RO         5422    i.IntToUnicode      usbd_desc.o
    0x080041a0   0x080041a0   0x00000028   Code   RO         6164    i.IsUnlock          719_fc.o
    0x080041c8   0x080041c8   0x00000054   Code   RO         6843    i.Kalman_Filter     drv_echo.o
    0x0800421c   0x0800421c   0x00000004   Code   RO          445    i.LedCallback       freertos.o
    0x08004220   0x08004220   0x000000e8   Code   RO         6165    i.LocControl        719_fc.o
    0x08004308   0x08004308   0x0000002c   Code   RO          531    i.MX_DMA_Init       dma.o
    0x08004334   0x08004334   0x000000bc   Code   RO          446    i.MX_FREERTOS_Init  freertos.o
    0x080043f0   0x080043f0   0x000000a8   Code   RO          421    i.MX_GPIO_Init      gpio.o
    0x08004498   0x08004498   0x000000c8   Code   RO          558    i.MX_TIM3_Init      tim.o
    0x08004560   0x08004560   0x00000068   Code   RO          559    i.MX_TIM4_Init      tim.o
    0x080045c8   0x080045c8   0x00000068   Code   RO          560    i.MX_TIM5_Init      tim.o
    0x08004630   0x08004630   0x00000044   Code   RO          561    i.MX_TIM7_Init      tim.o
    0x08004674   0x08004674   0x000000c4   Code   RO          562    i.MX_TIM8_Init      tim.o
    0x08004738   0x08004738   0x00000038   Code   RO          630    i.MX_UART4_Init     usart.o
    0x08004770   0x08004770   0x00000038   Code   RO          631    i.MX_UART5_Init     usart.o
    0x080047a8   0x080047a8   0x00000038   Code   RO          632    i.MX_USART1_UART_Init  usart.o
    0x080047e0   0x080047e0   0x00000038   Code   RO          633    i.MX_USART2_UART_Init  usart.o
    0x08004818   0x08004818   0x00000038   Code   RO          634    i.MX_USART3_UART_Init  usart.o
    0x08004850   0x08004850   0x00000054   Code   RO         5391    i.MX_USB_DEVICE_Init  usb_device.o
    0x080048a4   0x080048a4   0x00000002   Code   RO          744    i.MemManage_Handler  stm32f1xx_it.o
    0x080048a6   0x080048a6   0x00000002   PAD
    0x080048a8   0x080048a8   0x0000012c   Code   RO         6166    i.Motcontrol        719_fc.o
    0x080049d4   0x080049d4   0x00000044   Code   RO         6167    i.MotorPwm_Init     719_fc.o
    0x08004a18   0x08004a18   0x00000002   Code   RO          745    i.NMI_Handler       stm32f1xx_it.o
    0x08004a1a   0x08004a1a   0x00000002   PAD
    0x08004a1c   0x08004a1c   0x00000128   Code   RO         6557    i.OpiticalFlow_Receive  drv_of.o
    0x08004b44   0x08004b44   0x000003ac   Code   RO          992    i.PCD_EP_ISR_Handler  stm32f1xx_hal_pcd.o
    0x08004ef0   0x08004ef0   0x00000116   Code   RO         6262    i.PID_Postion_Cal   719_pid.o
    0x08005006   0x08005006   0x00000002   PAD
    0x08005008   0x08005008   0x000002a8   Code   RO         6168    i.PidParameter_init  719_fc.o
    0x080052b0   0x080052b0   0x00000010   Code   RO          447    i.Sensor_Tsak       freertos.o
    0x080052c0   0x080052c0   0x0000015c   Code   RO         6494    i.ShowHelp          drv_imu.o
    0x0800541c   0x0800541c   0x00000030   Code   RO          448    i.StartDefaultTask  freertos.o
    0x0800544c   0x0800544c   0x0000002c   Code   RO         5312    i.SysTick_Handler   port.o
    0x08005478   0x08005478   0x00000078   Code   RO          348    i.SystemClock_Config  main.o
    0x080054f0   0x080054f0   0x00000002   Code   RO         3735    i.SystemInit        system_stm32f1xx.o
    0x080054f2   0x080054f2   0x00000002   PAD
    0x080054f4   0x080054f4   0x0000000c   Code   RO          746    i.TIM5_IRQHandler   stm32f1xx_it.o
    0x08005500   0x08005500   0x0000000c   Code   RO          747    i.TIM6_IRQHandler   stm32f1xx_it.o
    0x0800550c   0x0800550c   0x0000008c   Code   RO         2493    i.TIM_Base_SetConfig  stm32f1xx_hal_tim.o
    0x08005598   0x08005598   0x0000001a   Code   RO         2494    i.TIM_CCxChannelCmd  stm32f1xx_hal_tim.o
    0x080055b2   0x080055b2   0x0000005e   Code   RO         2497    i.TIM_DMADelayPulseCplt  stm32f1xx_hal_tim.o
    0x08005610   0x08005610   0x00000038   Code   RO         2498    i.TIM_DMADelayPulseHalfCplt  stm32f1xx_hal_tim.o
    0x08005648   0x08005648   0x00000054   Code   RO         2499    i.TIM_DMAError      stm32f1xx_hal_tim.o
    0x0800569c   0x0800569c   0x00000014   Code   RO         2504    i.TIM_ETR_SetConfig  stm32f1xx_hal_tim.o
    0x080056b0   0x080056b0   0x00000010   Code   RO         2505    i.TIM_ITRx_SetConfig  stm32f1xx_hal_tim.o
    0x080056c0   0x080056c0   0x00000060   Code   RO         2506    i.TIM_OC1_SetConfig  stm32f1xx_hal_tim.o
    0x08005720   0x08005720   0x0000006c   Code   RO         2507    i.TIM_OC2_SetConfig  stm32f1xx_hal_tim.o
    0x0800578c   0x0800578c   0x00000068   Code   RO         2508    i.TIM_OC3_SetConfig  stm32f1xx_hal_tim.o
    0x080057f4   0x080057f4   0x00000050   Code   RO         2509    i.TIM_OC4_SetConfig  stm32f1xx_hal_tim.o
    0x08005844   0x08005844   0x00000022   Code   RO         2511    i.TIM_TI1_ConfigInputStage  stm32f1xx_hal_tim.o
    0x08005866   0x08005866   0x00000024   Code   RO         2513    i.TIM_TI2_ConfigInputStage  stm32f1xx_hal_tim.o
    0x0800588a   0x0800588a   0x00000002   Code   RO          449    i.ThreadsCallback   freertos.o
    0x0800588c   0x0800588c   0x00000018   Code   RO         4840    i.TimerCallback     cmsis_os2.o
    0x080058a4   0x080058a4   0x00000008   Code   RO          450    i.Trifles_Task      freertos.o
    0x080058ac   0x080058ac   0x0000000c   Code   RO          748    i.UART4_IRQHandler  stm32f1xx_it.o
    0x080058b8   0x080058b8   0x0000000c   Code   RO          749    i.UART5_IRQHandler  stm32f1xx_it.o
    0x080058c4   0x080058c4   0x00000010   Code   RO         3414    i.UART_DMAAbortOnError  stm32f1xx_hal_uart.o
    0x080058d4   0x080058d4   0x0000004e   Code   RO         3424    i.UART_EndRxTransfer  stm32f1xx_hal_uart.o
    0x08005922   0x08005922   0x000000c2   Code   RO         3426    i.UART_Receive_IT   stm32f1xx_hal_uart.o
    0x080059e4   0x080059e4   0x000000b8   Code   RO         3427    i.UART_SetConfig    stm32f1xx_hal_uart.o
    0x08005a9c   0x08005a9c   0x00000036   Code   RO         3429    i.UART_Start_Receive_IT  stm32f1xx_hal_uart.o
    0x08005ad2   0x08005ad2   0x00000078   Code   RO         3430    i.UART_WaitOnFlagUntilTimeout  stm32f1xx_hal_uart.o
    0x08005b4a   0x08005b4a   0x00000002   PAD
    0x08005b4c   0x08005b4c   0x0000000c   Code   RO          750    i.USART1_IRQHandler  stm32f1xx_it.o
    0x08005b58   0x08005b58   0x0000000c   Code   RO          751    i.USART2_IRQHandler  stm32f1xx_it.o
    0x08005b64   0x08005b64   0x0000000c   Code   RO          752    i.USART3_IRQHandler  stm32f1xx_it.o
    0x08005b70   0x08005b70   0x00000046   Code   RO         6053    i.USBD_CDC_DataIn   usbd_cdc.o
    0x08005bb6   0x08005bb6   0x0000002e   Code   RO         6054    i.USBD_CDC_DataOut  usbd_cdc.o
    0x08005be4   0x08005be4   0x00000044   Code   RO         6055    i.USBD_CDC_DeInit   usbd_cdc.o
    0x08005c28   0x08005c28   0x00000024   Code   RO         6056    i.USBD_CDC_EP0_RxReady  usbd_cdc.o
    0x08005c4c   0x08005c4c   0x0000000c   Code   RO         6057    i.USBD_CDC_GetDeviceQualifierDescriptor  usbd_cdc.o
    0x08005c58   0x08005c58   0x0000000c   Code   RO         6058    i.USBD_CDC_GetFSCfgDesc  usbd_cdc.o
    0x08005c64   0x08005c64   0x0000000c   Code   RO         6059    i.USBD_CDC_GetHSCfgDesc  usbd_cdc.o
    0x08005c70   0x08005c70   0x0000000c   Code   RO         6060    i.USBD_CDC_GetOtherSpeedCfgDesc  usbd_cdc.o
    0x08005c7c   0x08005c7c   0x00000094   Code   RO         6061    i.USBD_CDC_Init     usbd_cdc.o
    0x08005d10   0x08005d10   0x00000028   Code   RO         6062    i.USBD_CDC_ReceivePacket  usbd_cdc.o
    0x08005d38   0x08005d38   0x00000010   Code   RO         6063    i.USBD_CDC_RegisterInterface  usbd_cdc.o
    0x08005d48   0x08005d48   0x0000000c   Code   RO         6064    i.USBD_CDC_SetRxBuffer  usbd_cdc.o
    0x08005d54   0x08005d54   0x00000010   Code   RO         6065    i.USBD_CDC_SetTxBuffer  usbd_cdc.o
    0x08005d64   0x08005d64   0x000000ac   Code   RO         6066    i.USBD_CDC_Setup    usbd_cdc.o
    0x08005e10   0x08005e10   0x0000000e   Code   RO         5790    i.USBD_ClrClassConfig  usbd_core.o
    0x08005e1e   0x08005e1e   0x00000010   Code   RO         5993    i.USBD_CtlContinueRx  usbd_ioreq.o
    0x08005e2e   0x08005e2e   0x00000010   Code   RO         5994    i.USBD_CtlContinueSendData  usbd_ioreq.o
    0x08005e3e   0x08005e3e   0x00000016   Code   RO         5928    i.USBD_CtlError     usbd_ctlreq.o
    0x08005e54   0x08005e54   0x0000001e   Code   RO         5995    i.USBD_CtlPrepareRx  usbd_ioreq.o
    0x08005e72   0x08005e72   0x00000016   Code   RO         5996    i.USBD_CtlReceiveStatus  usbd_ioreq.o
    0x08005e88   0x08005e88   0x0000001a   Code   RO         5997    i.USBD_CtlSendData  usbd_ioreq.o
    0x08005ea2   0x08005ea2   0x00000016   Code   RO         5998    i.USBD_CtlSendStatus  usbd_ioreq.o
    0x08005eb8   0x08005eb8   0x00000020   Code   RO         5423    i.USBD_FS_ConfigStrDescriptor  usbd_desc.o
    0x08005ed8   0x08005ed8   0x0000000c   Code   RO         5424    i.USBD_FS_DeviceDescriptor  usbd_desc.o
    0x08005ee4   0x08005ee4   0x00000024   Code   RO         5425    i.USBD_FS_InterfaceStrDescriptor  usbd_desc.o
    0x08005f08   0x08005f08   0x0000000c   Code   RO         5426    i.USBD_FS_LangIDStrDescriptor  usbd_desc.o
    0x08005f14   0x08005f14   0x00000028   Code   RO         5427    i.USBD_FS_ManufacturerStrDescriptor  usbd_desc.o
    0x08005f3c   0x08005f3c   0x0000002c   Code   RO         5428    i.USBD_FS_ProductStrDescriptor  usbd_desc.o
    0x08005f68   0x08005f68   0x00000038   Code   RO         5429    i.USBD_FS_SerialStrDescriptor  usbd_desc.o
    0x08005fa0   0x08005fa0   0x000000e8   Code   RO         5929    i.USBD_GetDescriptor  usbd_ctlreq.o
    0x08006088   0x08006088   0x00000048   Code   RO         5930    i.USBD_GetString    usbd_ctlreq.o
    0x080060d0   0x080060d0   0x00000018   Code   RO         5592    i.USBD_Get_USB_Status  usbd_conf.o
    0x080060e8   0x080060e8   0x0000002a   Code   RO         5792    i.USBD_Init         usbd_core.o
    0x08006112   0x08006112   0x00000012   Code   RO         5593    i.USBD_LL_ClearStallEP  usbd_conf.o
    0x08006124   0x08006124   0x00000012   Code   RO         5594    i.USBD_LL_CloseEP   usbd_conf.o
    0x08006136   0x08006136   0x000000c6   Code   RO         5793    i.USBD_LL_DataInStage  usbd_core.o
    0x080061fc   0x080061fc   0x00000082   Code   RO         5794    i.USBD_LL_DataOutStage  usbd_core.o
    0x0800627e   0x0800627e   0x00000008   Code   RO         5598    i.USBD_LL_GetRxDataSize  usbd_conf.o
    0x08006286   0x08006286   0x00000002   PAD
    0x08006288   0x08006288   0x00000080   Code   RO         5599    i.USBD_LL_Init      usbd_conf.o
    0x08006308   0x08006308   0x00000020   Code   RO         5600    i.USBD_LL_IsStallEP  usbd_conf.o
    0x08006328   0x08006328   0x00000018   Code   RO         5601    i.USBD_LL_OpenEP    usbd_conf.o
    0x08006340   0x08006340   0x00000012   Code   RO         5602    i.USBD_LL_PrepareReceive  usbd_conf.o
    0x08006352   0x08006352   0x00000050   Code   RO         5799    i.USBD_LL_Reset     usbd_core.o
    0x080063a2   0x080063a2   0x00000014   Code   RO         5800    i.USBD_LL_Resume    usbd_core.o
    0x080063b6   0x080063b6   0x00000018   Code   RO         5801    i.USBD_LL_SOF       usbd_core.o
    0x080063ce   0x080063ce   0x00000006   Code   RO         5802    i.USBD_LL_SetSpeed  usbd_core.o
    0x080063d4   0x080063d4   0x00000012   Code   RO         5603    i.USBD_LL_SetUSBAddress  usbd_conf.o
    0x080063e6   0x080063e6   0x0000005a   Code   RO         5803    i.USBD_LL_SetupStage  usbd_core.o
    0x08006440   0x08006440   0x00000012   Code   RO         5604    i.USBD_LL_StallEP   usbd_conf.o
    0x08006452   0x08006452   0x00000012   Code   RO         5605    i.USBD_LL_Start     usbd_conf.o
    0x08006464   0x08006464   0x00000012   Code   RO         5804    i.USBD_LL_Suspend   usbd_core.o
    0x08006476   0x08006476   0x00000012   Code   RO         5607    i.USBD_LL_Transmit  usbd_conf.o
    0x08006488   0x08006488   0x00000028   Code   RO         5931    i.USBD_ParseSetupRequest  usbd_ctlreq.o
    0x080064b0   0x080064b0   0x00000010   Code   RO         5805    i.USBD_RegisterClass  usbd_core.o
    0x080064c0   0x080064c0   0x00000016   Code   RO         5807    i.USBD_SetClassConfig  usbd_core.o
    0x080064d6   0x080064d6   0x00000002   PAD
    0x080064d8   0x080064d8   0x00000084   Code   RO         5932    i.USBD_SetConfig    usbd_ctlreq.o
    0x0800655c   0x0800655c   0x0000000a   Code   RO         5808    i.USBD_Start        usbd_core.o
    0x08006566   0x08006566   0x00000112   Code   RO         5933    i.USBD_StdDevReq    usbd_ctlreq.o
    0x08006678   0x08006678   0x00000150   Code   RO         5934    i.USBD_StdEPReq     usbd_ctlreq.o
    0x080067c8   0x080067c8   0x0000004e   Code   RO         5935    i.USBD_StdItfReq    usbd_ctlreq.o
    0x08006816   0x08006816   0x00000002   Code   RO         5608    i.USBD_static_free  usbd_conf.o
    0x08006818   0x08006818   0x00000008   Code   RO         5609    i.USBD_static_malloc  usbd_conf.o
    0x08006820   0x08006820   0x0000029c   Code   RO         1235    i.USB_ActivateEndpoint  stm32f1xx_ll_usb.o
    0x08006abc   0x08006abc   0x00000004   Code   RO         1238    i.USB_CoreInit      stm32f1xx_ll_usb.o
    0x08006ac0   0x08006ac0   0x0000010e   Code   RO         1240    i.USB_DeactivateEndpoint  stm32f1xx_ll_usb.o
    0x08006bce   0x08006bce   0x00000004   Code   RO         1241    i.USB_DevConnect    stm32f1xx_ll_usb.o
    0x08006bd2   0x08006bd2   0x00000004   Code   RO         1242    i.USB_DevDisconnect  stm32f1xx_ll_usb.o
    0x08006bd6   0x08006bd6   0x00000012   Code   RO         1243    i.USB_DevInit       stm32f1xx_ll_usb.o
    0x08006be8   0x08006be8   0x0000000e   Code   RO         1244    i.USB_DisableGlobalInt  stm32f1xx_ll_usb.o
    0x08006bf6   0x08006bf6   0x00000004   Code   RO         1245    i.USB_EP0_OutStart  stm32f1xx_ll_usb.o
    0x08006bfa   0x08006bfa   0x00000078   Code   RO         1246    i.USB_EPClearStall  stm32f1xx_ll_usb.o
    0x08006c72   0x08006c72   0x00000032   Code   RO         1247    i.USB_EPSetStall    stm32f1xx_ll_usb.o
    0x08006ca4   0x08006ca4   0x000004e2   Code   RO         1248    i.USB_EPStartXfer   stm32f1xx_ll_usb.o
    0x08007186   0x08007186   0x00000012   Code   RO         1250    i.USB_EnableGlobalInt  stm32f1xx_ll_usb.o
    0x08007198   0x08007198   0x0000000c   Code   RO          753    i.USB_LP_CAN1_RX0_IRQHandler  stm32f1xx_it.o
    0x080071a4   0x080071a4   0x00000006   Code   RO         1257    i.USB_ReadInterrupts  stm32f1xx_ll_usb.o
    0x080071aa   0x080071aa   0x00000002   PAD
    0x080071ac   0x080071ac   0x0000002c   Code   RO         1258    i.USB_ReadPMA       stm32f1xx_ll_usb.o
    0x080071d8   0x080071d8   0x00000004   Code   RO         1259    i.USB_SetCurrentMode  stm32f1xx_ll_usb.o
    0x080071dc   0x080071dc   0x0000000c   Code   RO         1260    i.USB_SetDevAddress  stm32f1xx_ll_usb.o
    0x080071e8   0x080071e8   0x00000026   Code   RO         1262    i.USB_WritePMA      stm32f1xx_ll_usb.o
    0x0800720e   0x0800720e   0x00000002   Code   RO          754    i.UsageFault_Handler  stm32f1xx_it.o
    0x08007210   0x08007210   0x00000130   Code   RO         6448    i.User_Tasks        719_user_tasks.o
    0x08007340   0x08007340   0x0000000e   Code   RO          451    i.User_TasksCallback  freertos.o
    0x0800734e   0x0800734e   0x00000002   PAD
    0x08007350   0x08007350   0x00000028   Code   RO         6449    i.Vertical_Move     719_user_tasks.o
    0x08007378   0x08007378   0x00000014   Code   RO         6642    i.WitDelayMsRegister  drv_wit_c_sdk.o
    0x0800738c   0x0800738c   0x0000001c   Code   RO         6643    i.WitI2cFuncRegister  drv_wit_c_sdk.o
    0x080073a8   0x080073a8   0x0000001c   Code   RO         6644    i.WitInit           drv_wit_c_sdk.o
    0x080073c4   0x080073c4   0x00000150   Code   RO         6645    i.WitReadReg        drv_wit_c_sdk.o
    0x08007514   0x08007514   0x00000014   Code   RO         6646    i.WitRegisterCallBack  drv_wit_c_sdk.o
    0x08007528   0x08007528   0x0000046c   Code   RO         6286    i.XYZ_Velocity_Set  comprehensive_hope_set.o
    0x08007994   0x08007994   0x00000020   Code   RO         7170    i.__0printf         mc_w.l(printfa.o)
    0x080079b4   0x080079b4   0x0000002c   Code   RO         6659    i.__CRC16           drv_wit_c_sdk.o
    0x080079e0   0x080079e0   0x00000020   Code   RO         1911    i.__NVIC_SetPriority  stm32f1xx_hal_cortex.o
    0x08007a00   0x08007a00   0x0000000e   Code   RO         7262    i.__scatterload_copy  mc_w.l(handlers.o)
    0x08007a0e   0x08007a0e   0x00000002   Code   RO         7263    i.__scatterload_null  mc_w.l(handlers.o)
    0x08007a10   0x08007a10   0x0000000e   Code   RO         7264    i.__scatterload_zeroinit  mc_w.l(handlers.o)
    0x08007a1e   0x08007a1e   0x00000002   PAD
    0x08007a20   0x08007a20   0x00000184   Code   RO         7177    i._fp_digits        mc_w.l(printfa.o)
    0x08007ba4   0x08007ba4   0x000006b4   Code   RO         7178    i._printf_core      mc_w.l(printfa.o)
    0x08008258   0x08008258   0x00000024   Code   RO         7179    i._printf_post_padding  mc_w.l(printfa.o)
    0x0800827c   0x0800827c   0x0000002e   Code   RO         7180    i._printf_pre_padding  mc_w.l(printfa.o)
    0x080082aa   0x080082aa   0x00000012   Code   RO          224    i.delay_us          iic.o
    0x080082bc   0x080082bc   0x0000000e   Code   RO         6559    i.fourCharToInt     drv_of.o
    0x080082ca   0x080082ca   0x00000002   PAD
    0x080082cc   0x080082cc   0x00000018   Code   RO          636    i.fputc             usart.o
    0x080082e4   0x080082e4   0x00000040   Code   RO         6605    i.get_rc_data       drv_ppm.o
    0x08008324   0x08008324   0x0000006e   Code   RO         6287    i.length_limit      comprehensive_hope_set.o
    0x08008392   0x08008392   0x00000052   Code   RO          349    i.main              main.o
    0x080083e4   0x080083e4   0x00000036   Code   RO         6288    i.my_deadzone       comprehensive_hope_set.o
    0x0800841a   0x0800841a   0x00000012   Code   RO         6289    i.my_sqrt           comprehensive_hope_set.o
    0x0800842c   0x0800842c   0x00000058   Code   RO         6290    i.my_sqrt_reciprocal  comprehensive_hope_set.o
    0x08008484   0x08008484   0x00000034   Code   RO         4841    i.osDelay           cmsis_os2.o
    0x080084b8   0x080084b8   0x00000058   Code   RO         4843    i.osEventFlagsClear  cmsis_os2.o
    0x08008510   0x08008510   0x00000044   Code   RO         4846    i.osEventFlagsNew   cmsis_os2.o
    0x08008554   0x08008554   0x0000006c   Code   RO         4847    i.osEventFlagsSet   cmsis_os2.o
    0x080085c0   0x080085c0   0x0000007c   Code   RO         4848    i.osEventFlagsWait  cmsis_os2.o
    0x0800863c   0x0800863c   0x00000038   Code   RO         4855    i.osKernelInitialize  cmsis_os2.o
    0x08008674   0x08008674   0x00000040   Code   RO         4858    i.osKernelStart     cmsis_os2.o
    0x080086b4   0x080086b4   0x0000006c   Code   RO         4869    i.osMutexAcquire    cmsis_os2.o
    0x08008720   0x08008720   0x00000080   Code   RO         4872    i.osMutexNew        cmsis_os2.o
    0x080087a0   0x080087a0   0x0000005c   Code   RO         4873    i.osMutexRelease    cmsis_os2.o
    0x080087fc   0x080087fc   0x000000a4   Code   RO         4892    i.osThreadNew       cmsis_os2.o
    0x080088a0   0x080088a0   0x00000084   Code   RO         4901    i.osTimerNew        cmsis_os2.o
    0x08008924   0x08008924   0x0000004c   Code   RO         4902    i.osTimerStart      cmsis_os2.o
    0x08008970   0x08008970   0x0000005c   Code   RO         4337    i.prvAddCurrentTaskToDelayedList  tasks.o
    0x080089cc   0x080089cc   0x000000d0   Code   RO         4338    i.prvAddNewTaskToReadyList  tasks.o
    0x08008a9c   0x08008a9c   0x00000058   Code   RO         4687    i.prvCheckForValidListAndQueue  timers.o
    0x08008af4   0x08008af4   0x00000026   Code   RO         3940    i.prvCopyDataFromQueue  queue.o
    0x08008b1a   0x08008b1a   0x0000006c   Code   RO         3941    i.prvCopyDataToQueue  queue.o
    0x08008b86   0x08008b86   0x00000034   Code   RO         4339    i.prvDeleteTCB      tasks.o
    0x08008bba   0x08008bba   0x00000002   PAD
    0x08008bbc   0x08008bbc   0x0000004c   Code   RO         5262    i.prvHeapInit       heap_4.o
    0x08008c08   0x08008c08   0x00000060   Code   RO         4340    i.prvIdleTask       tasks.o
    0x08008c68   0x08008c68   0x00000016   Code   RO         3942    i.prvInitialiseMutex  queue.o
    0x08008c7e   0x08008c7e   0x00000002   PAD
    0x08008c80   0x08008c80   0x00000022   Code   RO         3943    i.prvInitialiseNewQueue  queue.o
    0x08008ca2   0x08008ca2   0x0000009c   Code   RO         4341    i.prvInitialiseNewTask  tasks.o
    0x08008d3e   0x08008d3e   0x00000044   Code   RO         4688    i.prvInitialiseNewTimer  timers.o
    0x08008d82   0x08008d82   0x00000002   PAD
    0x08008d84   0x08008d84   0x0000004c   Code   RO         5263    i.prvInsertBlockIntoFreeList  heap_4.o
    0x08008dd0   0x08008dd0   0x00000038   Code   RO         4689    i.prvInsertTimerInActiveList  timers.o
    0x08008e08   0x08008e08   0x0000001c   Code   RO         3944    i.prvIsQueueEmpty   queue.o
    0x08008e24   0x08008e24   0x000000cc   Code   RO         4690    i.prvProcessReceivedCommands  timers.o
    0x08008ef0   0x08008ef0   0x000000b4   Code   RO         4691    i.prvProcessTimerOrBlockTask  timers.o
    0x08008fa4   0x08008fa4   0x00000020   Code   RO         4343    i.prvResetNextTaskUnblockTime  tasks.o
    0x08008fc4   0x08008fc4   0x00000028   Code   RO         4692    i.prvSampleTimeNow  timers.o
    0x08008fec   0x08008fec   0x0000006c   Code   RO         4693    i.prvSwitchTimerLists  timers.o
    0x08009058   0x08009058   0x00000028   Code   RO         5313    i.prvTaskExitError  port.o
    0x08009080   0x08009080   0x00000014   Code   RO         3778    i.prvTestWaitCondition  event_groups.o
    0x08009094   0x08009094   0x00000024   Code   RO         4694    i.prvTimerTask      timers.o
    0x080090b8   0x080090b8   0x0000006a   Code   RO         3945    i.prvUnlockQueue    queue.o
    0x08009122   0x08009122   0x00000002   PAD
    0x08009124   0x08009124   0x000000d8   Code   RO         5264    i.pvPortMalloc      heap_4.o
    0x080091fc   0x080091fc   0x00000018   Code   RO         4346    i.pvTaskIncrementMutexHeldCount  tasks.o
    0x08009214   0x08009214   0x00000024   Code   RO         4695    i.pvTimerGetTimerID  timers.o
    0x08009238   0x08009238   0x00000024   Code   RO         5314    i.pxPortInitialiseStack  port.o
    0x0800925c   0x0800925c   0x000000b4   Code   RO           13    i.systerm_init      systerm.o
    0x08009310   0x08009310   0x0000000c   Code   RO         6560    i.twoCharToshort    drv_of.o
    0x0800931c   0x0800931c   0x00000026   Code   RO         3900    i.uxListRemove      list.o
    0x08009342   0x08009342   0x00000002   PAD
    0x08009344   0x08009344   0x00000018   Code   RO         4354    i.uxTaskResetEventItemValue  tasks.o
    0x0800935c   0x0800935c   0x00000014   Code   RO         4904    i.vApplicationGetIdleTaskMemory  cmsis_os2.o
    0x08009370   0x08009370   0x00000018   Code   RO         4905    i.vApplicationGetTimerTaskMemory  cmsis_os2.o
    0x08009388   0x08009388   0x00000004   Code   RO         3780    i.vEventGroupClearBitsCallback  event_groups.o
    0x0800938c   0x0800938c   0x00000004   Code   RO         3782    i.vEventGroupSetBitsCallback  event_groups.o
    0x08009390   0x08009390   0x00000016   Code   RO         3901    i.vListInitialise   list.o
    0x080093a6   0x080093a6   0x00000006   Code   RO         3902    i.vListInitialiseItem  list.o
    0x080093ac   0x080093ac   0x00000030   Code   RO         3903    i.vListInsert       list.o
    0x080093dc   0x080093dc   0x00000018   Code   RO         3904    i.vListInsertEnd    list.o
    0x080093f4   0x080093f4   0x00000040   Code   RO         5316    i.vPortEnterCritical  port.o
    0x08009434   0x08009434   0x00000028   Code   RO         5317    i.vPortExitCritical  port.o
    0x0800945c   0x0800945c   0x0000005c   Code   RO         5265    i.vPortFree         heap_4.o
    0x080094b8   0x080094b8   0x00000024   Code   RO         5318    i.vPortSetupTimerInterrupt  port.o
    0x080094dc   0x080094dc   0x00000054   Code   RO         5319    i.vPortValidateInterruptPriority  port.o
    0x08009530   0x08009530   0x00000028   Code   RO         3951    i.vQueueAddToRegistry  queue.o
    0x08009558   0x08009558   0x00000044   Code   RO         3955    i.vQueueWaitForMessageRestricted  queue.o
    0x0800959c   0x0800959c   0x0000004c   Code   RO         4355    i.vTaskDelay        tasks.o
    0x080095e8   0x080095e8   0x00000010   Code   RO         4360    i.vTaskInternalSetTimeOutState  tasks.o
    0x080095f8   0x080095f8   0x0000000c   Code   RO         4361    i.vTaskMissedYield  tasks.o
    0x08009604   0x08009604   0x00000030   Code   RO         4363    i.vTaskPlaceOnEventList  tasks.o
    0x08009634   0x08009634   0x00000038   Code   RO         4364    i.vTaskPlaceOnEventListRestricted  tasks.o
    0x0800966c   0x0800966c   0x00000050   Code   RO         4365    i.vTaskPlaceOnUnorderedEventList  tasks.o
    0x080096bc   0x080096bc   0x00000090   Code   RO         4366    i.vTaskPriorityDisinheritAfterTimeout  tasks.o
    0x0800974c   0x0800974c   0x00000070   Code   RO         4368    i.vTaskRemoveFromUnorderedEventList  tasks.o
    0x080097bc   0x080097bc   0x00000088   Code   RO         4372    i.vTaskStartScheduler  tasks.o
    0x08009844   0x08009844   0x00000010   Code   RO         4374    i.vTaskSuspendAll   tasks.o
    0x08009854   0x08009854   0x00000064   Code   RO         4375    i.vTaskSwitchContext  tasks.o
    0x080098b8   0x080098b8   0x00000014   Code   RO         6793    i.ws2812_Server     drv_ws2812.o
    0x080098cc   0x080098cc   0x0000005c   Code   RO         6794    i.ws2812_example    drv_ws2812.o
    0x08009928   0x08009928   0x00000054   Code   RO         6795    i.ws2812_set_RGB    drv_ws2812.o
    0x0800997c   0x0800997c   0x00000040   Code   RO         3784    i.xEventGroupClearBits  event_groups.o
    0x080099bc   0x080099bc   0x00000010   Code   RO         3785    i.xEventGroupClearBitsFromISR  event_groups.o
    0x080099cc   0x080099cc   0x0000001c   Code   RO         3786    i.xEventGroupCreate  event_groups.o
    0x080099e8   0x080099e8   0x0000002c   Code   RO         3787    i.xEventGroupCreateStatic  event_groups.o
    0x08009a14   0x08009a14   0x0000001a   Code   RO         3788    i.xEventGroupGetBitsFromISR  event_groups.o
    0x08009a2e   0x08009a2e   0x0000008c   Code   RO         3789    i.xEventGroupSetBits  event_groups.o
    0x08009aba   0x08009aba   0x00000002   PAD
    0x08009abc   0x08009abc   0x00000010   Code   RO         3790    i.xEventGroupSetBitsFromISR  event_groups.o
    0x08009acc   0x08009acc   0x00000108   Code   RO         3792    i.xEventGroupWaitBits  event_groups.o
    0x08009bd4   0x08009bd4   0x000000a8   Code   RO         5320    i.xPortStartScheduler  port.o
    0x08009c7c   0x08009c7c   0x00000016   Code   RO         3958    i.xQueueCreateMutex  queue.o
    0x08009c92   0x08009c92   0x0000001a   Code   RO         3959    i.xQueueCreateMutexStatic  queue.o
    0x08009cac   0x08009cac   0x00000048   Code   RO         3960    i.xQueueGenericCreate  queue.o
    0x08009cf4   0x08009cf4   0x00000066   Code   RO         3961    i.xQueueGenericCreateStatic  queue.o
    0x08009d5a   0x08009d5a   0x00000002   PAD
    0x08009d5c   0x08009d5c   0x00000088   Code   RO         3962    i.xQueueGenericReset  queue.o
    0x08009de4   0x08009de4   0x00000160   Code   RO         3963    i.xQueueGenericSend  queue.o
    0x08009f44   0x08009f44   0x000000bc   Code   RO         3964    i.xQueueGenericSendFromISR  queue.o
    0x0800a000   0x0800a000   0x0000003e   Code   RO         3968    i.xQueueGiveMutexRecursive  queue.o
    0x0800a03e   0x0800a03e   0x00000002   PAD
    0x0800a040   0x0800a040   0x00000138   Code   RO         3973    i.xQueueReceive     queue.o
    0x0800a178   0x0800a178   0x00000178   Code   RO         3975    i.xQueueSemaphoreTake  queue.o
    0x0800a2f0   0x0800a2f0   0x00000040   Code   RO         3976    i.xQueueTakeMutexRecursive  queue.o
    0x0800a330   0x0800a330   0x00000074   Code   RO         4376    i.xTaskCheckForTimeOut  tasks.o
    0x0800a3a4   0x0800a3a4   0x0000005a   Code   RO         4377    i.xTaskCreate       tasks.o
    0x0800a3fe   0x0800a3fe   0x00000056   Code   RO         4378    i.xTaskCreateStatic  tasks.o
    0x0800a454   0x0800a454   0x0000000c   Code   RO         4381    i.xTaskGetCurrentTaskHandle  tasks.o
    0x0800a460   0x0800a460   0x0000001c   Code   RO         4382    i.xTaskGetSchedulerState  tasks.o
    0x0800a47c   0x0800a47c   0x0000000c   Code   RO         4383    i.xTaskGetTickCount  tasks.o
    0x0800a488   0x0800a488   0x000000c8   Code   RO         4385    i.xTaskIncrementTick  tasks.o
    0x0800a550   0x0800a550   0x00000080   Code   RO         4388    i.xTaskPriorityDisinherit  tasks.o
    0x0800a5d0   0x0800a5d0   0x00000078   Code   RO         4389    i.xTaskPriorityInherit  tasks.o
    0x0800a648   0x0800a648   0x00000070   Code   RO         4390    i.xTaskRemoveFromEventList  tasks.o
    0x0800a6b8   0x0800a6b8   0x000000c4   Code   RO         4391    i.xTaskResumeAll    tasks.o
    0x0800a77c   0x0800a77c   0x00000034   Code   RO         4699    i.xTimerCreate      timers.o
    0x0800a7b0   0x0800a7b0   0x0000002e   Code   RO         4700    i.xTimerCreateStatic  timers.o
    0x0800a7de   0x0800a7de   0x00000002   PAD
    0x0800a7e0   0x0800a7e0   0x00000060   Code   RO         4701    i.xTimerCreateTimerTask  timers.o
    0x0800a840   0x0800a840   0x00000068   Code   RO         4702    i.xTimerGenericCommand  timers.o
    0x0800a8a8   0x0800a8a8   0x00000028   Code   RO         4708    i.xTimerPendFunctionCallFromISR  timers.o
    0x0800a8d0   0x0800a8d0   0x000000fc   Data   RO          452    .constdata          freertos.o
    0x0800a9cc   0x0800a9cc   0x00000012   Data   RO         1609    .constdata          stm32f1xx_hal_rcc.o
    0x0800a9de   0x0800a9de   0x00000010   Data   RO         3736    .constdata          system_stm32f1xx.o
    0x0800a9ee   0x0800a9ee   0x00000008   Data   RO         3737    .constdata          system_stm32f1xx.o
    0x0800a9f6   0x0800a9f6   0x00000200   Data   RO         6661    .constdata          drv_wit_c_sdk.o
    0x0800abf6   0x0800abf6   0x00000002   PAD
    0x0800abf8   0x0800abf8   0x000000a5   Data   RO          453    .conststring        freertos.o
    0x0800ac9d   0x0800ac9d   0x00000003   PAD
    0x0800aca0   0x0800aca0   0x0000019a   Data   RO         6496    .conststring        drv_imu.o
    0x0800ae3a   0x0800ae3a   0x00000002   PAD
    0x0800ae3c   0x0800ae3c   0x00000020   Data   RO         7260    Region$$Table       anon$$obj.o


    Execution Region RW_IRAM1 (Exec base: 0x20000000, Load base: 0x0800ae5c, Size: 0x00004300, Max: 0x0000c000, ABSOLUTE, COMPRESSED[0x000000d0])

    Exec Addr    Load Addr    Size         Type   Attr      Idx    E Section Name        Object

    0x20000000   COMPRESSED   0x00000030   Data   RW          454    .data               freertos.o
    0x20000030   COMPRESSED   0x0000000a   Data   RW          642    .data               usart.o
    0x2000003a   COMPRESSED   0x00000002   PAD
    0x2000003c   COMPRESSED   0x0000000c   Data   RW         1446    .data               stm32f1xx_hal.o
    0x20000048   COMPRESSED   0x00000004   Data   RW         3738    .data               system_stm32f1xx.o
    0x2000004c   COMPRESSED   0x0000003c   Data   RW         4394    .data               tasks.o
    0x20000088   COMPRESSED   0x00000014   Data   RW         4710    .data               timers.o
    0x2000009c   COMPRESSED   0x00000004   Data   RW         4907    .data               cmsis_os2.o
    0x200000a0   COMPRESSED   0x00000018   Data   RW         5270    .data               heap_4.o
    0x200000b8   COMPRESSED   0x0000000c   Data   RW         5321    .data               port.o
    0x200000c4   COMPRESSED   0x0000001c   Data   RW         5431    .data               usbd_desc.o
    0x200000e0   COMPRESSED   0x00000032   Data   RW         5432    .data               usbd_desc.o
    0x20000112   COMPRESSED   0x00000002   PAD
    0x20000114   COMPRESSED   0x00000010   Data   RW         5516    .data               usbd_cdc_if.o
    0x20000124   COMPRESSED   0x00000001   Data   RW         5936    .data               usbd_ctlreq.o
    0x20000125   COMPRESSED   0x00000003   PAD
    0x20000128   COMPRESSED   0x000000d7   Data   RW         6068    .data               usbd_cdc.o
    0x200001ff   COMPRESSED   0x00000001   PAD
    0x20000200   COMPRESSED   0x00000038   Data   RW         6069    .data               usbd_cdc.o
    0x20000238   COMPRESSED   0x0000002c   Data   RW         6170    .data               719_fc.o
    0x20000264   COMPRESSED   0x00000008   Data   RW         6292    .data               comprehensive_hope_set.o
    0x2000026c   COMPRESSED   0x00000004   Data   RW         6399    .data               719_dt.o
    0x20000270   COMPRESSED   0x00000010   Data   RW         6451    .data               719_user_tasks.o
    0x20000280   COMPRESSED   0x00000004   Data   RW         6497    .data               drv_imu.o
    0x20000284   COMPRESSED   0x00000002   Data   RW         6562    .data               drv_of.o
    0x20000286   COMPRESSED   0x00000002   PAD
    0x20000288   COMPRESSED   0x00000008   Data   RW         6607    .data               drv_ppm.o
    0x20000290   COMPRESSED   0x00000028   Data   RW         6662    .data               drv_wit_c_sdk.o
    0x200002b8   COMPRESSED   0x00000008   Data   RW         6846    .data               drv_echo.o
    0x200002c0   COMPRESSED   0x00000004   Data   RW         7234    .data               mc_w.l(stdout.o)
    0x200002c4        -       0x000001ac   Zero   RW          563    .bss                tim.o
    0x20000470        -       0x000001ed   Zero   RW          641    .bss                usart.o
    0x2000065d   COMPRESSED   0x00000003   PAD
    0x20000660        -       0x00000048   Zero   RW          884    .bss                stm32f1xx_hal_timebase_tim.o
    0x200006a8        -       0x00000040   Zero   RW         3977    .bss                queue.o
    0x200006e8        -       0x000004c4   Zero   RW         4393    .bss                tasks.o
    0x20000bac        -       0x00000118   Zero   RW         4709    .bss                timers.o
    0x20000cc4        -       0x000006b8   Zero   RW         4906    .bss                cmsis_os2.o
    0x2000137c        -       0x00000c00   Zero   RW         5269    .bss                heap_4.o
    0x20001f7c        -       0x000002c4   Zero   RW         5392    .bss                usb_device.o
    0x20002240        -       0x00000200   Zero   RW         5430    .bss                usbd_desc.o
    0x20002440        -       0x00000840   Zero   RW         5515    .bss                usbd_cdc_if.o
    0x20002c80        -       0x00000510   Zero   RW         5610    .bss                usbd_conf.o
    0x20003190        -       0x000004b4   Zero   RW         6169    .bss                719_fc.o
    0x20003644        -       0x0000007c   Zero   RW         6291    .bss                comprehensive_hope_set.o
    0x200036c0        -       0x000001b4   Zero   RW         6341    .bss                719_interface.o
    0x20003874        -       0x00000124   Zero   RW         6397    .bss                719_dt.o
    0x20003998        -       0x00000024   Zero   RW         6450    .bss                719_user_tasks.o
    0x200039bc        -       0x00000168   Zero   RW         6495    .bss                drv_imu.o
    0x20003b24        -       0x0000003c   Zero   RW         6561    .bss                drv_of.o
    0x20003b60        -       0x00000010   Zero   RW         6606    .bss                drv_ppm.o
    0x20003b70        -       0x00000220   Zero   RW         6660    .bss                drv_wit_c_sdk.o
    0x20003d90        -       0x00000120   Zero   RW         6796    .bss                drv_ws2812.o
    0x20003eb0        -       0x0000004c   Zero   RW         6845    .bss                drv_echo.o
    0x20003efc   COMPRESSED   0x00000004   PAD
    0x20003f00        -       0x00000400   Zero   RW            1    STACK               startup_stm32f103xe.o


==============================================================================

Image component sizes


      Code (inc. data)   RO Data    RW Data    ZI Data      Debug   Object Name

         0          0          0          4        292       1709   719_dt.o
      2484        248          0         44       1204      12117   719_fc.o
       704         36          0          0        436       3567   719_interface.o
       278          0          0          0          0       1226   719_pid.o
       344         42          0         16         36       2200   719_user_tasks.o
      1328         84          0          4       1720      27436   cmsis_os2.o
      1402         52          0          8        124       4970   comprehensive_hope_set.o
        44          4          0          0          0        750   dma.o
       208         18          0          8         76       2776   drv_echo.o
      1028        424        410          4        360       4205   drv_imu.o
       322         46          0          2         60       3362   drv_of.o
       140         20          0          8         16       1635   drv_ppm.o
       476         42        512         40        544       6152   drv_wit_c_sdk.o
       228         20          0          0        288       3008   drv_ws2812.o
       626         12          0          0          0      31054   event_groups.o
       280         38        417         48          0       8116   freertos.o
       168         16          0          0          0        959   gpio.o
       460         24          0         24       3072       4651   heap_4.o
       846         44          0          0          0       8574   iic.o
       138          0          0          0          0       3378   list.o
       226          6          0          0          0      11023   main.o
       662         70          0         12          0      10765   port.o
      2156         24          0          0         64      23236   queue.o
        36          8        304          0       1024        800   startup_stm32f103xe.o
       100         18          0         12          0       5830   stm32f1xx_hal.o
       158         14          0          0          0      28170   stm32f1xx_hal_cortex.o
      1236         52          0          0          0       5098   stm32f1xx_hal_dma.o
       548         48          0          0          0       4110   stm32f1xx_hal_gpio.o
        72         10          0          0          0        866   stm32f1xx_hal_msp.o
      3094          0          0          0          0      14257   stm32f1xx_hal_pcd.o
        60          0          0          0          0       1166   stm32f1xx_hal_pcd_ex.o
      1304         94         18          0          0       5713   stm32f1xx_hal_rcc.o
       236         12          0          0          0       1380   stm32f1xx_hal_rcc_ex.o
      2888        160          0          0          0      21421   stm32f1xx_hal_tim.o
       212         20          0          0          0       3173   stm32f1xx_hal_tim_ex.o
       152         20          0          0         72       1467   stm32f1xx_hal_timebase_tim.o
      1554         10          0          0          0      10848   stm32f1xx_hal_uart.o
       126         54          0          0          0       6912   stm32f1xx_it.o
      2528          0          0          0          0      16067   stm32f1xx_ll_usb.o
         0          0          0          0          0       8828   stream_buffer.o
         2          0         24          4          0       1107   system_stm32f1xx.o
       180         56          0          0          0     508257   systerm.o
      2580        218          0         60       1220      28582   tasks.o
      1056        106          0          0        428       5335   tim.o
      1154         88          0         20        280      30479   timers.o
       936        102          0         10        493       7073   usart.o
        84         18          0          0        708        788   usb_device.o
       672         16          0        271          0      12240   usbd_cdc.o
        68         16          0         16       2112       3434   usbd_cdc_if.o
       556         30          0          0       1296      14125   usbd_conf.o
       670          0          0          0          0       9419   usbd_core.o
      1186         28          0          1          0       7888   usbd_ctlreq.o
       288        104          0         78        512       5897   usbd_desc.o
       132          0          0          0          0       4304   usbd_ioreq.o

    ----------------------------------------------------------------------
     38482       2572       1724        704      16444     951903   Object Totals
         0          0         32          0          0          0   (incl. Generated)
        66          0          7         10          7          0   (incl. Padding)

    ----------------------------------------------------------------------

      Code (inc. data)   RO Data    RW Data    ZI Data      Debug   Library Member Name

        86          0          0          0          0          0   __dczerorl2.o
         0          0          0          0          0          0   entry.o
         0          0          0          0          0          0   entry10a.o
         0          0          0          0          0          0   entry11a.o
         4          0          0          0          0          0   entry12b.o
         8          4          0          0          0          0   entry2.o
         4          0          0          0          0          0   entry5.o
         0          0          0          0          0          0   entry7b.o
         0          0          0          0          0          0   entry8b.o
         8          4          0          0          0          0   entry9a.o
        30          0          0          0          0          0   handlers.o
        36          8          0          0          0         68   init.o
         0          0          0          0          0          0   iusefp.o
        30          0          0          0          0         68   llshl.o
        36          0          0          0          0         68   llsshr.o
        32          0          0          0          0         68   llushr.o
        36          0          0          0          0         68   memcpya.o
        36          0          0          0          0        108   memseta.o
      2218         90          0          0          0        464   printfa.o
         0          0          0          4          0          0   stdout.o
        44          0          0          0          0         80   uidiv.o
        98          0          0          0          0         92   uldiv.o
        48          0          0          0          0         68   cdrcmple.o
        20          0          0          0          0         68   cfcmple.o
        20          0          0          0          0         68   cfrcmple.o
       334          0          0          0          0        148   dadd.o
       222          0          0          0          0        100   ddiv.o
       186          0          0          0          0        176   depilogue.o
        48          0          0          0          0         68   dfixul.o
       228          0          0          0          0         96   dmul.o
       176          0          0          0          0        140   fadd.o
       124          0          0          0          0         88   fdiv.o
       110          0          0          0          0        168   fepilogue.o
        50          0          0          0          0         68   ffixi.o
        18          0          0          0          0         68   fflti.o
        10          0          0          0          0         68   ffltui.o
       100          0          0          0          0         76   fmul.o
        24          0          0          0          0         68   fscalb.o

    ----------------------------------------------------------------------
      4430        106          0          4          0       2620   Library Totals
         6          0          0          0          0          0   (incl. Padding)

    ----------------------------------------------------------------------

      Code (inc. data)   RO Data    RW Data    ZI Data      Debug   Library Name

      2706        106          0          4          0       1084   mc_w.l
      1718          0          0          0          0       1536   mf_w.l

    ----------------------------------------------------------------------
      4430        106          0          4          0       2620   Library Totals

    ----------------------------------------------------------------------

==============================================================================


      Code (inc. data)   RO Data    RW Data    ZI Data      Debug   

     42912       2678       1724        708      16444     933071   Grand Totals
     42912       2678       1724        208      16444     933071   ELF Image Totals (compressed)
     42912       2678       1724        208          0          0   ROM Totals

==============================================================================

    Total RO  Size (Code + RO Data)                44636 (  43.59kB)
    Total RW  Size (RW Data + ZI Data)             17152 (  16.75kB)
    Total ROM Size (Code + RO Data + RW Data)      44844 (  43.79kB)

==============================================================================

